******************************************************************************
                  TI ARM Linker PC v16.9.3                     
******************************************************************************
>> Linked Mon Oct 16 13:31:12 2017

OUTPUT FILE NAME:   <acellab2.out>
ENTRY POINT SYMBOL: "_c_int00"  address: 00000d35


MEMORY CONFIGURATION

         name            origin    length      used     unused   attr    fill
----------------------  --------  ---------  --------  --------  ----  --------
  MAIN                  00000000   00040000  00001288  0003ed78  R  X
  INFO                  00200000   00004000  00000000  00004000  R  X
  SRAM_CODE             01000000   00010000  00000266  0000fd9a  RW X
  SRAM_DATA             20000000   00010000  00000266  0000fd9a  RW  


SEGMENT ALLOCATION MAP

run origin  load origin   length   init length attrs members
----------  ----------- ---------- ----------- ----- -------
00000000    00000000    00001288   00001288    r-x
  00000000    00000000    000000e4   000000e4    r-- .intvecs
  000000e4    000000e4    00001078   00001078    r-x .text
  0000115c    0000115c    000000f4   000000f4    r-- .const
  00001250    00001250    00000038   00000038    r-- .cinit
20000000    20000000    00000068   00000000    rw-
  20000000    20000000    0000004e   00000000    rw- .bss
  20000050    20000050    00000018   00000000    rw- .data
2000fe00    2000fe00    00000200   00000000    rw-
  2000fe00    2000fe00    00000200   00000000    rw- .stack


SECTION ALLOCATION MAP

 output                                  attributes/
section   page    origin      length       input sections
--------  ----  ----------  ----------   ----------------
.intvecs   0    00000000    000000e4     
                  00000000    000000e4     startup_msp432p401r_ccs.obj (.intvecs:retain)

.binit     0    00000000    00000000     

.text      0    000000e4    00001078     
                  000000e4    000001d8     Crystalfontz128x128_ST7735.obj (.text:Crystalfontz128x128_PixelDrawMultiple)
                  000002bc    00000154     msp432p4xx_driverlib.lib : adc14.obj (.text:_getIndexForMemRegister)
                  00000410    00000134     Crystalfontz128x128_ST7735.obj (.text:Crystalfontz128x128_SetDrawFrame)
                  00000544    0000012c     Crystalfontz128x128_ST7735.obj (.text:Crystalfontz128x128_Init)
                  00000670    0000012c     main.obj (.text:main)
                  0000079c    0000009c     Crystalfontz128x128_ST7735.obj (.text:Crystalfontz128x128_RectFill)
                  00000838    0000009c     rtsv7M4_T_le_v4SPD16_eabi.lib : memcpy_t2.obj (.text)
                  000008d4    00000088     main.obj (.text:drawHorizon)
                  0000095c    0000007c     main.obj (.text:ADC14_IRQHandler)
                  000009d8    0000007c     msp432p4xx_driverlib.lib : spi.obj (.text:SPI_initMaster)
                  00000a54    0000007a     rtsv7M4_T_le_v4SPD16_eabi.lib : memset_t2.obj (.text)
                  00000ace    00000002     startup_msp432p401r_ccs.obj (.text:Default_Handler)
                  00000ad0    00000078     system_msp432p401r.obj (.text:SystemInit)
                  00000b48    00000070     rtsv7M4_T_le_v4SPD16_eabi.lib : autoinit.obj (.text)
                  00000bb8    00000068                                   : copy_decompress_lzss.obj (.text:decompress:lzss)
                  00000c20    00000060     Crystalfontz128x128_ST7735.obj (.text:Crystalfontz128x128_LineDrawH)
                  00000c80    00000060     Crystalfontz128x128_ST7735.obj (.text:Crystalfontz128x128_LineDrawV)
                  00000ce0    00000054     Crystalfontz128x128_ST7735.obj (.text:Crystalfontz128x128_SetOrientation)
                  00000d34    00000054     rtsv7M4_T_le_v4SPD16_eabi.lib : boot.obj (.text)
                  00000d88    00000054                                   : exit.obj (.text)
                  00000ddc    0000004c     msp432p4xx_driverlib.lib : gpio.obj (.text:GPIO_setAsPeripheralModuleFunctionOutputPin)
                  00000e28    0000004c     rtsv7M4_T_le_v4SPD16_eabi.lib : cpy_tbl.obj (.text)
                  00000e74    00000040     Crystalfontz128x128_ST7735.obj (.text:Crystalfontz128x128_PixelDraw)
                  00000eb4    00000040     HAL_MSP_EXP432P401R_Crystalfontz128x128_ST7735.obj (.text:HAL_LCD_SpiInit)
                  00000ef4    00000038     HAL_MSP_EXP432P401R_Crystalfontz128x128_ST7735.obj (.text:HAL_LCD_writeCommand)
                  00000f2c    00000030     HAL_MSP_EXP432P401R_Crystalfontz128x128_ST7735.obj (.text:HAL_LCD_PortInit)
                  00000f5c    00000030     msp432p4xx_driverlib.lib : spi.obj (.text:is_A_Module)
                  00000f8c    0000002c     Crystalfontz128x128_ST7735.obj (.text:Crystalfontz128x128_ClearScreen)
                  00000fb8    0000002c     HAL_MSP_EXP432P401R_Crystalfontz128x128_ST7735.obj (.text:HAL_LCD_writeData)
                  00000fe4    00000028     Crystalfontz128x128_ST7735.obj (.text:Crystalfontz128x128_ColorTranslate)
                  0000100c    00000024     msp432p4xx_driverlib.lib : gpio.obj (.text:GPIO_setAsOutputPin)
                  00001030    00000022     grlib.lib : context.o (.text:Graphics_initContext)
                  00001052    0000001a     msp432p4xx_driverlib.lib : spi.obj (.text:SPI_enableModule)
                  0000106c    00000018                              : adc14.obj (.text:ADC14_getResult)
                  00001084    00000018                              : gpio.obj (.text:GPIO_setOutputLowOnPin)
                  0000109c    00000018     rtsv7M4_T_le_v4SPD16_eabi.lib : args_main.obj (.text)
                  000010b4    00000014     msp432p4xx_driverlib.lib : gpio.obj (.text:GPIO_setOutputHighOnPin)
                  000010c8    00000014     rtsv7M4_T_le_v4SPD16_eabi.lib : _lock.obj (.text)
                  000010dc    0000000e     grlib.lib : context.o (.text:Graphics_setBackgroundColor)
                  000010ea    0000000e               : context.o (.text:Graphics_setForegroundColor)
                  000010f8    0000000e     rtsv7M4_T_le_v4SPD16_eabi.lib : copy_decompress_none.obj (.text:decompress:none)
                  00001106    0000000c     msp432p4xx_driverlib.lib : spi.obj (.text:EUSCI_A_SPI_enable)
                  00001112    0000000c                              : spi.obj (.text:EUSCI_B_SPI_enable)
                  0000111e    0000000c     startup_msp432p401r_ccs.obj (.text:Reset_Handler)
                  0000112a    0000000c     rtsv7M4_T_le_v4SPD16_eabi.lib : copy_zero_init.obj (.text:decompress:ZI)
                  00001136    0000000a     Crystalfontz128x128_ST7735.obj (.text:Crystalfontz128x128_Flush)
                  00001140    0000000a     grlib.lib : display.o (.text:Graphics_fillRectangleOnDisplay)
                  0000114a    0000000a               : display.o (.text:Graphics_translateColorOnDisplay)
                  00001154    00000004     rtsv7M4_T_le_v4SPD16_eabi.lib : pre_init.obj (.text)
                  00001158    00000002                                   : mpu_init.obj (.text)
                  0000115a    00000002                                   : startup.obj (.text)

.const     0    0000115c    000000f4     
                  0000115c    00000080     msp432p4xx_driverlib.lib : adc14.obj (.const:_ctlRegs)
                  000011dc    00000030                              : gpio.obj (.const:GPIO_PORT_TO_BASE)
                  0000120c    00000020     Crystalfontz128x128_ST7735.obj (.const:g_sCrystalfontz128x128_funcs)
                  0000122c    0000001c     HAL_MSP_EXP432P401R_Crystalfontz128x128_ST7735.obj (.const:$P$T0$1)
                  00001248    00000008     Crystalfontz128x128_ST7735.obj (.const:$P$T0$1)

.cinit     0    00001250    00000038     
                  00001250    00000011     (.cinit..data.load) [load image, compression = lzss]
                  00001261    00000003     --HOLE-- [fill = 0]
                  00001264    0000000c     (__TI_handler_table)
                  00001270    00000008     (.cinit..bss.load) [load image, compression = zero_init]
                  00001278    00000010     (__TI_cinit_table)

.init_array 
*          0    00000000    00000000     UNINITIALIZED

.bss       0    20000000    0000004e     UNINITIALIZED
                  20000000    0000001c     (.common:g_sContext)
                  2000001c    00000010     (.common:g_sDisplay)
                  2000002c    00000008     main.obj (.bss:resultsBuffer)
                  20000034    00000008     (.common:values_rectangle_earth)
                  2000003c    00000008     (.common:values_rectangle_heaven)
                  20000044    00000002     (.common:Lcd_ScreenHeigth)
                  20000046    00000002     (.common:Lcd_ScreenWidth)
                  20000048    00000002     (.common:Lcd_TouchTrim)
                  2000004a    00000001     (.common:Lcd_FlagRead)
                  2000004b    00000001     (.common:Lcd_FontSolid)
                  2000004c    00000001     (.common:Lcd_Orientation)
                  2000004d    00000001     (.common:Lcd_PenSolid)

.data      0    20000050    00000018     UNINITIALIZED
                  20000050    0000000c     rtsv7M4_T_le_v4SPD16_eabi.lib : exit.obj (.data:$O1$$)
                  2000005c    00000008                                   : _lock.obj (.data:$O1$$)
                  20000064    00000004                                   : stkdepth_vars.obj (.data)

.stack     0    2000fe00    00000200     UNINITIALIZED
                  2000fe00    00000200     --HOLE--

MODULE SUMMARY

       Module                                               code   ro data   rw data
       ------                                               ----   -------   -------
    .\
       main.obj                                             560    0         136    
       system_msp432p401r.obj                               120    0         0      
    +--+----------------------------------------------------+------+---------+---------+
       Total:                                               680    0         136    
                                                                                    
    .\LcdDriver\
       Crystalfontz128x128_ST7735.obj                       1670   40        20     
       HAL_MSP_EXP432P401R_Crystalfontz128x128_ST7735.obj   212    28        0      
    +--+----------------------------------------------------+------+---------+---------+
       Total:                                               1882   68        20     
                                                                                    
    .\ccs\
       startup_msp432p401r_ccs.obj                          14     228       0      
    +--+----------------------------------------------------+------+---------+---------+
       Total:                                               14     228       0      
                                                                                    
    C:/ti/simplelink_msp432_sdk_1_40_01_00/source/ti/devices/msp432p4xx/driverlib/ccs/msp432p4xx_driverlib.lib
       adc14.obj                                            364    128       0      
       spi.obj                                              222    0         0      
       gpio.obj                                             156    48        0      
    +--+----------------------------------------------------+------+---------+---------+
       Total:                                               742    176       0      
                                                                                    
    C:/ti/simplelink_msp432_sdk_1_40_01_00/source/ti/grlib/ccs/grlib.lib
       context.o                                            62     0         0      
       display.o                                            20     0         0      
    +--+----------------------------------------------------+------+---------+---------+
       Total:                                               82     0         0      
                                                                                    
    C:\ti\ccsv7\tools\compiler\ti-cgt-arm_16.9.3.LTS\lib\rtsv7M4_T_le_v4SPD16_eabi.lib
       memcpy_t2.obj                                        156    0         0      
       memset_t2.obj                                        122    0         0      
       autoinit.obj                                         112    0         0      
       exit.obj                                             84     0         24     
       copy_decompress_lzss.obj                             104    0         0      
       boot.obj                                             84     0         0      
       cpy_tbl.obj                                          76     0         0      
       _lock.obj                                            20     0         16     
       args_main.obj                                        24     0         0      
       copy_decompress_none.obj                             14     0         0      
       copy_zero_init.obj                                   12     0         0      
       stkdepth_vars.obj                                    0      0         8      
       pre_init.obj                                         4      0         0      
       mpu_init.obj                                         2      0         0      
       startup.obj                                          2      0         0      
    +--+----------------------------------------------------+------+---------+---------+
       Total:                                               816    0         48     
                                                                                    
       Stack:                                               0      0         1024   
       Linker Generated:                                    0      53        0      
    +--+----------------------------------------------------+------+---------+---------+
       Grand Total:                                         4216   525       1228   


LINKER GENERATED COPY TABLES

__TI_cinit_table @ 00001278 records: 2, size/record: 8, table size: 16
	.data: load addr=00001250, load size=00000011 bytes, run addr=20000050, run size=00000018 bytes, compression=lzss
	.bss: load addr=00001270, load size=00000008 bytes, run addr=20000000, run size=0000004e bytes, compression=zero_init


LINKER GENERATED HANDLER TABLE

__TI_handler_table @ 00001264 records: 3, size/record: 4, table size: 12
	index: 0, handler: __TI_decompress_lzss
	index: 1, handler: __TI_decompress_none
	index: 2, handler: __TI_zero_init


GLOBAL SYMBOLS: SORTED ALPHABETICALLY BY Name 

address   name                                       
-------   ----                                       
0000095d  ADC14_IRQHandler                           
0000095d  ADC14_IRQHandler                           
0000106d  ADC14_getResult                            
00000acf  AES256_IRQHandler                          
00000acf  BusFault_Handler                           
00000d89  C$$EXIT                                    
00000acf  COMP_E0_IRQHandler                         
00000acf  COMP_E1_IRQHandler                         
00000acf  CS_IRQHandler                              
00000545  Crystalfontz128x128_Init                   
00000411  Crystalfontz128x128_SetDrawFrame           
00000ce1  Crystalfontz128x128_SetOrientation         
00000acf  DMA_ERR_IRQHandler                         
00000acf  DMA_INT0_IRQHandler                        
00000acf  DMA_INT1_IRQHandler                        
00000acf  DMA_INT2_IRQHandler                        
00000acf  DMA_INT3_IRQHandler                        
00000acf  DebugMon_Handler                           
00000acf  Default_Handler                            
00000acf  EUSCIA0_IRQHandler                         
00000acf  EUSCIA1_IRQHandler                         
00000acf  EUSCIA2_IRQHandler                         
00000acf  EUSCIA3_IRQHandler                         
00000acf  EUSCIB0_IRQHandler                         
00000acf  EUSCIB1_IRQHandler                         
00000acf  EUSCIB2_IRQHandler                         
00000acf  EUSCIB3_IRQHandler                         
00001107  EUSCI_A_SPI_enable                         
00001113  EUSCI_B_SPI_enable                         
00000acf  FLCTL_IRQHandler                           
00000acf  FPU_IRQHandler                             
0000100d  GPIO_setAsOutputPin                        
00000ddd  GPIO_setAsPeripheralModuleFunctionOutputPin
000010b5  GPIO_setOutputHighOnPin                    
00001085  GPIO_setOutputLowOnPin                     
00001141  Graphics_fillRectangleOnDisplay            
00001031  Graphics_initContext                       
000010dd  Graphics_setBackgroundColor                
000010eb  Graphics_setForegroundColor                
0000114b  Graphics_translateColorOnDisplay           
00000f2d  HAL_LCD_PortInit                           
00000eb5  HAL_LCD_SpiInit                            
00000ef5  HAL_LCD_writeCommand                       
00000fb9  HAL_LCD_writeData                          
00000acf  HardFault_Handler                          
2000004a  Lcd_FlagRead                               
2000004b  Lcd_FontSolid                              
2000004c  Lcd_Orientation                            
2000004d  Lcd_PenSolid                               
20000044  Lcd_ScreenHeigth                           
20000046  Lcd_ScreenWidth                            
20000048  Lcd_TouchTrim                              
00000acf  MemManage_Handler                          
00000acf  NMI_Handler                                
00000acf  PCM_IRQHandler                             
00000acf  PORT1_IRQHandler                           
00000acf  PORT2_IRQHandler                           
00000acf  PORT3_IRQHandler                           
00000acf  PORT4_IRQHandler                           
00000acf  PORT5_IRQHandler                           
00000acf  PORT6_IRQHandler                           
00000acf  PSS_IRQHandler                             
00000acf  PendSV_Handler                             
00000acf  RTC_C_IRQHandler                           
0000111f  Reset_Handler                              
UNDEFED   SHT$$INIT_ARRAY$$Base                      
UNDEFED   SHT$$INIT_ARRAY$$Limit                     
00001053  SPI_enableModule                           
000009d9  SPI_initMaster                             
00000acf  SVC_Handler                                
00000acf  SysTick_Handler                            
00000ad1  SystemInit                                 
00000acf  T32_INT1_IRQHandler                        
00000acf  T32_INT2_IRQHandler                        
00000acf  T32_INTC_IRQHandler                        
00000acf  TA0_0_IRQHandler                           
00000acf  TA0_N_IRQHandler                           
00000acf  TA1_0_IRQHandler                           
00000acf  TA1_N_IRQHandler                           
00000acf  TA2_0_IRQHandler                           
00000acf  TA2_N_IRQHandler                           
00000acf  TA3_0_IRQHandler                           
00000acf  TA3_N_IRQHandler                           
00000acf  UsageFault_Handler                         
4000480c  WDTCTL_SYM                                 
00000acf  WDT_A_IRQHandler                           
20010000  __STACK_END                                
00000200  __STACK_SIZE                               
00001278  __TI_CINIT_Base                            
00001288  __TI_CINIT_Limit                           
00001264  __TI_Handler_Table_Base                    
00001270  __TI_Handler_Table_Limit                   
00000b49  __TI_auto_init                             
20000050  __TI_cleanup_ptr                           
00000bb9  __TI_decompress_lzss                       
000010f9  __TI_decompress_none                       
20000054  __TI_dtors_ptr                             
20000058  __TI_enable_exit_profile_output            
ffffffff  __TI_pprof_out_hndl                        
ffffffff  __TI_prof_data_size                        
ffffffff  __TI_prof_data_start                       
00000000  __TI_static_base__                         
0000112b  __TI_zero_init                             
00000a55  __aeabi_memclr                             
00000a55  __aeabi_memclr4                            
00000a55  __aeabi_memclr8                            
00000839  __aeabi_memcpy                             
00000839  __aeabi_memcpy4                            
00000839  __aeabi_memcpy8                            
00000a57  __aeabi_memset                             
00000a57  __aeabi_memset4                            
00000a57  __aeabi_memset8                            
ffffffff  __binit__                                  
ffffffff  __c_args__                                 
00001159  __mpu_init                                 
2000fe00  __stack                                    
0000109d  _args_main                                 
00000d35  _c_int00                                   
2000005c  _lock                                      
000010d7  _nop                                       
000010cf  _register_lock                             
000010c9  _register_unlock                           
0000115b  _system_post_cinit                         
00001155  _system_pre_init                           
20000060  _unlock                                    
00000d8d  abort                                      
ffffffff  binit                                      
00000e29  copy_in                                    
000008d5  drawHorizon                                
00000d95  exit                                       
20000000  g_sContext                                 
0000120c  g_sCrystalfontz128x128_funcs               
2000001c  g_sDisplay                                 
00000000  interruptVectors                           
00000671  main                                       
20000064  main_func_sp                               
00000839  memcpy                                     
00000a5d  memset                                     
20000034  values_rectangle_earth                     
2000003c  values_rectangle_heaven                    


GLOBAL SYMBOLS: SORTED BY Symbol Address 

address   name                                       
-------   ----                                       
00000000  __TI_static_base__                         
00000000  interruptVectors                           
00000200  __STACK_SIZE                               
00000411  Crystalfontz128x128_SetDrawFrame           
00000545  Crystalfontz128x128_Init                   
00000671  main                                       
00000839  __aeabi_memcpy                             
00000839  __aeabi_memcpy4                            
00000839  __aeabi_memcpy8                            
00000839  memcpy                                     
000008d5  drawHorizon                                
0000095d  ADC14_IRQHandler                           
0000095d  ADC14_IRQHandler                           
000009d9  SPI_initMaster                             
00000a55  __aeabi_memclr                             
00000a55  __aeabi_memclr4                            
00000a55  __aeabi_memclr8                            
00000a57  __aeabi_memset                             
00000a57  __aeabi_memset4                            
00000a57  __aeabi_memset8                            
00000a5d  memset                                     
00000acf  AES256_IRQHandler                          
00000acf  BusFault_Handler                           
00000acf  COMP_E0_IRQHandler                         
00000acf  COMP_E1_IRQHandler                         
00000acf  CS_IRQHandler                              
00000acf  DMA_ERR_IRQHandler                         
00000acf  DMA_INT0_IRQHandler                        
00000acf  DMA_INT1_IRQHandler                        
00000acf  DMA_INT2_IRQHandler                        
00000acf  DMA_INT3_IRQHandler                        
00000acf  DebugMon_Handler                           
00000acf  Default_Handler                            
00000acf  EUSCIA0_IRQHandler                         
00000acf  EUSCIA1_IRQHandler                         
00000acf  EUSCIA2_IRQHandler                         
00000acf  EUSCIA3_IRQHandler                         
00000acf  EUSCIB0_IRQHandler                         
00000acf  EUSCIB1_IRQHandler                         
00000acf  EUSCIB2_IRQHandler                         
00000acf  EUSCIB3_IRQHandler                         
00000acf  FLCTL_IRQHandler                           
00000acf  FPU_IRQHandler                             
00000acf  HardFault_Handler                          
00000acf  MemManage_Handler                          
00000acf  NMI_Handler                                
00000acf  PCM_IRQHandler                             
00000acf  PORT1_IRQHandler                           
00000acf  PORT2_IRQHandler                           
00000acf  PORT3_IRQHandler                           
00000acf  PORT4_IRQHandler                           
00000acf  PORT5_IRQHandler                           
00000acf  PORT6_IRQHandler                           
00000acf  PSS_IRQHandler                             
00000acf  PendSV_Handler                             
00000acf  RTC_C_IRQHandler                           
00000acf  SVC_Handler                                
00000acf  SysTick_Handler                            
00000acf  T32_INT1_IRQHandler                        
00000acf  T32_INT2_IRQHandler                        
00000acf  T32_INTC_IRQHandler                        
00000acf  TA0_0_IRQHandler                           
00000acf  TA0_N_IRQHandler                           
00000acf  TA1_0_IRQHandler                           
00000acf  TA1_N_IRQHandler                           
00000acf  TA2_0_IRQHandler                           
00000acf  TA2_N_IRQHandler                           
00000acf  TA3_0_IRQHandler                           
00000acf  TA3_N_IRQHandler                           
00000acf  UsageFault_Handler                         
00000acf  WDT_A_IRQHandler                           
00000ad1  SystemInit                                 
00000b49  __TI_auto_init                             
00000bb9  __TI_decompress_lzss                       
00000ce1  Crystalfontz128x128_SetOrientation         
00000d35  _c_int00                                   
00000d89  C$$EXIT                                    
00000d8d  abort                                      
00000d95  exit                                       
00000ddd  GPIO_setAsPeripheralModuleFunctionOutputPin
00000e29  copy_in                                    
00000eb5  HAL_LCD_SpiInit                            
00000ef5  HAL_LCD_writeCommand                       
00000f2d  HAL_LCD_PortInit                           
00000fb9  HAL_LCD_writeData                          
0000100d  GPIO_setAsOutputPin                        
00001031  Graphics_initContext                       
00001053  SPI_enableModule                           
0000106d  ADC14_getResult                            
00001085  GPIO_setOutputLowOnPin                     
0000109d  _args_main                                 
000010b5  GPIO_setOutputHighOnPin                    
000010c9  _register_unlock                           
000010cf  _register_lock                             
000010d7  _nop                                       
000010dd  Graphics_setBackgroundColor                
000010eb  Graphics_setForegroundColor                
000010f9  __TI_decompress_none                       
00001107  EUSCI_A_SPI_enable                         
00001113  EUSCI_B_SPI_enable                         
0000111f  Reset_Handler                              
0000112b  __TI_zero_init                             
00001141  Graphics_fillRectangleOnDisplay            
0000114b  Graphics_translateColorOnDisplay           
00001155  _system_pre_init                           
00001159  __mpu_init                                 
0000115b  _system_post_cinit                         
0000120c  g_sCrystalfontz128x128_funcs               
00001264  __TI_Handler_Table_Base                    
00001270  __TI_Handler_Table_Limit                   
00001278  __TI_CINIT_Base                            
00001288  __TI_CINIT_Limit                           
20000000  g_sContext                                 
2000001c  g_sDisplay                                 
20000034  values_rectangle_earth                     
2000003c  values_rectangle_heaven                    
20000044  Lcd_ScreenHeigth                           
20000046  Lcd_ScreenWidth                            
20000048  Lcd_TouchTrim                              
2000004a  Lcd_FlagRead                               
2000004b  Lcd_FontSolid                              
2000004c  Lcd_Orientation                            
2000004d  Lcd_PenSolid                               
20000050  __TI_cleanup_ptr                           
20000054  __TI_dtors_ptr                             
20000058  __TI_enable_exit_profile_output            
2000005c  _lock                                      
20000060  _unlock                                    
20000064  main_func_sp                               
2000fe00  __stack                                    
20010000  __STACK_END                                
4000480c  WDTCTL_SYM                                 
ffffffff  __TI_pprof_out_hndl                        
ffffffff  __TI_prof_data_size                        
ffffffff  __TI_prof_data_start                       
ffffffff  __binit__                                  
ffffffff  __c_args__                                 
ffffffff  binit                                      
UNDEFED   SHT$$INIT_ARRAY$$Base                      
UNDEFED   SHT$$INIT_ARRAY$$Limit                     

[140 symbols]
