******************************************************************************
                  TI ARM Linker PC v16.9.3                     
******************************************************************************
>> Linked Sat Oct 14 10:36:30 2017

OUTPUT FILE NAME:   <boostxl_edumkii_accelerometer_msp432p401r_MSP_EXP432P401R_nortos_ccs.out>
ENTRY POINT SYMBOL: "_c_int00"  address: 00001055


MEMORY CONFIGURATION

         name            origin    length      used     unused   attr    fill
----------------------  --------  ---------  --------  --------  ----  --------
  MAIN                  00000000   00040000  000015e6  0003ea1a  R  X
  INFO                  00200000   00004000  00000000  00004000  R  X
  SRAM_CODE             01000000   00010000  00000266  0000fd9a  RW X
  SRAM_DATA             20000000   00010000  00000266  0000fd9a  RW  


SEGMENT ALLOCATION MAP

run origin  load origin   length   init length attrs members
----------  ----------- ---------- ----------- ----- -------
00000000    00000000    000015e8   000015e8    r-x
  00000000    00000000    000000e4   000000e4    r-- .intvecs
  000000e4    000000e4    000013d6   000013d6    r-x .text
  000014bc    000014bc    000000f4   000000f4    r-- .const
  000015b0    000015b0    00000038   00000038    r-- .cinit
20000000    20000000    00000068   00000000    rw-
  20000000    20000000    0000004e   00000000    rw- .bss
  20000050    20000050    00000018   00000000    rw- .data
2000fe00    2000fe00    00000200   00000000    rw-
  2000fe00    2000fe00    00000200   00000000    rw- .stack


SECTION ALLOCATION MAP

 output                                  attributes/
section   page    origin      length       input sections
--------  ----  ----------  ----------   ----------------
.intvecs   0    00000000    000000e4     
                  00000000    000000e4     startup_msp432p401r_ccs.obj (.intvecs:retain)

.binit     0    00000000    00000000     

.text      0    000000e4    000013d6     
                  000000e4    000001d8     Crystalfontz128x128_ST7735.obj (.text:Crystalfontz128x128_PixelDrawMultiple)
                  000002bc    000001b6     rtsv7M4_T_le_v4SPD16_eabi.lib : fd_add_t2.obj (.text)
                  00000472    00000002     startup_msp432p401r_ccs.obj (.text:Default_Handler)
                  00000474    00000194     main.obj (.text:main)
                  00000608    00000154     msp432p4xx_driverlib.lib : adc14.obj (.text:_getIndexForMemRegister)
                  0000075c    00000134     Crystalfontz128x128_ST7735.obj (.text:Crystalfontz128x128_SetDrawFrame)
                  00000890    0000012c     Crystalfontz128x128_ST7735.obj (.text:Crystalfontz128x128_Init)
                  000009bc    000000fc     rtsv7M4_T_le_v4SPD16_eabi.lib : fd_mul_t2.obj (.text)
                  00000ab8    000000a4     main.obj (.text:drawTitle)
                  00000b5c    0000009c     Crystalfontz128x128_ST7735.obj (.text:Crystalfontz128x128_RectFill)
                  00000bf8    0000009c     rtsv7M4_T_le_v4SPD16_eabi.lib : memcpy_t2.obj (.text)
                  00000c94    0000007c     msp432p4xx_driverlib.lib : spi.obj (.text:SPI_initMaster)
                  00000d10    0000007a     rtsv7M4_T_le_v4SPD16_eabi.lib : memset_t2.obj (.text)
                  00000d8a    00000002     main.obj (.text:drawAccelData)
                  00000d8c    00000078     system_msp432p401r.obj (.text:SystemInit)
                  00000e04    00000070     rtsv7M4_T_le_v4SPD16_eabi.lib : autoinit.obj (.text)
                  00000e74    00000068                                   : copy_decompress_lzss.obj (.text:decompress:lzss)
                  00000edc    00000064     main.obj (.text:ADC14_IRQHandler)
                  00000f40    00000060     Crystalfontz128x128_ST7735.obj (.text:Crystalfontz128x128_LineDrawH)
                  00000fa0    00000060     Crystalfontz128x128_ST7735.obj (.text:Crystalfontz128x128_LineDrawV)
                  00001000    00000054     Crystalfontz128x128_ST7735.obj (.text:Crystalfontz128x128_SetOrientation)
                  00001054    00000054     rtsv7M4_T_le_v4SPD16_eabi.lib : boot.obj (.text)
                  000010a8    00000054                                   : exit.obj (.text)
                  000010fc    0000004c     msp432p4xx_driverlib.lib : gpio.obj (.text:GPIO_setAsPeripheralModuleFunctionOutputPin)
                  00001148    0000004c     rtsv7M4_T_le_v4SPD16_eabi.lib : cpy_tbl.obj (.text)
                  00001194    00000044                                   : fd_tou_t2.obj (.text)
                  000011d8    00000040     Crystalfontz128x128_ST7735.obj (.text:Crystalfontz128x128_PixelDraw)
                  00001218    00000040     HAL_MSP_EXP432P401R_Crystalfontz128x128_ST7735.obj (.text:HAL_LCD_SpiInit)
                  00001258    00000038     HAL_MSP_EXP432P401R_Crystalfontz128x128_ST7735.obj (.text:HAL_LCD_writeCommand)
                  00001290    00000030     HAL_MSP_EXP432P401R_Crystalfontz128x128_ST7735.obj (.text:HAL_LCD_PortInit)
                  000012c0    00000030     msp432p4xx_driverlib.lib : spi.obj (.text:is_A_Module)
                  000012f0    0000002c     Crystalfontz128x128_ST7735.obj (.text:Crystalfontz128x128_ClearScreen)
                  0000131c    0000002c     HAL_MSP_EXP432P401R_Crystalfontz128x128_ST7735.obj (.text:HAL_LCD_writeData)
                  00001348    00000028     Crystalfontz128x128_ST7735.obj (.text:Crystalfontz128x128_ColorTranslate)
                  00001370    00000024     msp432p4xx_driverlib.lib : gpio.obj (.text:GPIO_setAsOutputPin)
                  00001394    00000022     grlib.lib : context.o (.text:Graphics_initContext)
                  000013b6    00000020     rtsv7M4_T_le_v4SPD16_eabi.lib : u_tofd_t2.obj (.text)
                  000013d6    0000001a     msp432p4xx_driverlib.lib : spi.obj (.text:SPI_enableModule)
                  000013f0    00000018                              : adc14.obj (.text:ADC14_getResult)
                  00001408    00000018                              : gpio.obj (.text:GPIO_setOutputLowOnPin)
                  00001420    00000018     rtsv7M4_T_le_v4SPD16_eabi.lib : args_main.obj (.text)
                  00001438    00000014     msp432p4xx_driverlib.lib : gpio.obj (.text:GPIO_setOutputHighOnPin)
                  0000144c    00000014     rtsv7M4_T_le_v4SPD16_eabi.lib : _lock.obj (.text)
                  00001460    0000000e                                   : copy_decompress_none.obj (.text:decompress:none)
                  0000146e    0000000c     msp432p4xx_driverlib.lib : spi.obj (.text:EUSCI_A_SPI_enable)
                  0000147a    0000000c                              : spi.obj (.text:EUSCI_B_SPI_enable)
                  00001486    0000000c     startup_msp432p401r_ccs.obj (.text:Reset_Handler)
                  00001492    0000000c     rtsv7M4_T_le_v4SPD16_eabi.lib : copy_zero_init.obj (.text:decompress:ZI)
                  0000149e    0000000a     Crystalfontz128x128_ST7735.obj (.text:Crystalfontz128x128_Flush)
                  000014a8    0000000a     grlib.lib : display.o (.text:Graphics_fillRectangleOnDisplay)
                  000014b2    00000004     rtsv7M4_T_le_v4SPD16_eabi.lib : pre_init.obj (.text)
                  000014b6    00000002                                   : mpu_init.obj (.text)
                  000014b8    00000002                                   : startup.obj (.text)

.const     0    000014bc    000000f4     
                  000014bc    00000080     msp432p4xx_driverlib.lib : adc14.obj (.const:_ctlRegs)
                  0000153c    00000030                              : gpio.obj (.const:GPIO_PORT_TO_BASE)
                  0000156c    00000020     Crystalfontz128x128_ST7735.obj (.const:g_sCrystalfontz128x128_funcs)
                  0000158c    0000001c     HAL_MSP_EXP432P401R_Crystalfontz128x128_ST7735.obj (.const:$P$T0$1)
                  000015a8    00000008     Crystalfontz128x128_ST7735.obj (.const:$P$T0$1)

.cinit     0    000015b0    00000038     
                  000015b0    00000011     (.cinit..data.load) [load image, compression = lzss]
                  000015c1    00000003     --HOLE-- [fill = 0]
                  000015c4    0000000c     (__TI_handler_table)
                  000015d0    00000008     (.cinit..bss.load) [load image, compression = zero_init]
                  000015d8    00000010     (__TI_cinit_table)

.init_array 
*          0    00000000    00000000     UNINITIALIZED

.bss       0    20000000    0000004e     UNINITIALIZED
                  20000000    0000001c     (.common:g_sContext)
                  2000001c    00000010     (.common:g_sDisplay)
                  2000002c    00000008     main.obj (.bss:resultsBuffer)
                  20000034    00000008     (.common:values_rectangle_earth)
                  2000003c    00000008     (.common:values_rectangle_heaven)
                  20000044    00000002     (.common:Lcd_ScreenHeigth)
                  20000046    00000002     (.common:Lcd_ScreenWidth)
                  20000048    00000002     (.common:Lcd_TouchTrim)
                  2000004a    00000001     (.common:Lcd_FlagRead)
                  2000004b    00000001     (.common:Lcd_FontSolid)
                  2000004c    00000001     (.common:Lcd_Orientation)
                  2000004d    00000001     (.common:Lcd_PenSolid)

.data      0    20000050    00000018     UNINITIALIZED
                  20000050    0000000c     rtsv7M4_T_le_v4SPD16_eabi.lib : exit.obj (.data:$O1$$)
                  2000005c    00000008                                   : _lock.obj (.data:$O1$$)
                  20000064    00000004                                   : stkdepth_vars.obj (.data)

.stack     0    2000fe00    00000200     UNINITIALIZED
                  2000fe00    00000200     --HOLE--

MODULE SUMMARY

       Module                                               code   ro data   rw data
       ------                                               ----   -------   -------
    .\
       main.obj                                             670    0         136    
       system_msp432p401r.obj                               120    0         0      
    +--+----------------------------------------------------+------+---------+---------+
       Total:                                               790    0         136    
                                                                                    
    .\LcdDriver\
       Crystalfontz128x128_ST7735.obj                       1670   40        20     
       HAL_MSP_EXP432P401R_Crystalfontz128x128_ST7735.obj   212    28        0      
    +--+----------------------------------------------------+------+---------+---------+
       Total:                                               1882   68        20     
                                                                                    
    .\ccs\
       startup_msp432p401r_ccs.obj                          14     228       0      
    +--+----------------------------------------------------+------+---------+---------+
       Total:                                               14     228       0      
                                                                                    
    C:/ti/simplelink_msp432_sdk_1_40_01_00/source/ti/devices/msp432p4xx/driverlib/ccs/msp432p4xx_driverlib.lib
       adc14.obj                                            364    128       0      
       spi.obj                                              222    0         0      
       gpio.obj                                             156    48        0      
    +--+----------------------------------------------------+------+---------+---------+
       Total:                                               742    176       0      
                                                                                    
    C:/ti/simplelink_msp432_sdk_1_40_01_00/source/ti/grlib/ccs/grlib.lib
       context.o                                            34     0         0      
       display.o                                            10     0         0      
    +--+----------------------------------------------------+------+---------+---------+
       Total:                                               44     0         0      
                                                                                    
    C:\ti\ccsv7\tools\compiler\ti-cgt-arm_16.9.3.LTS\lib\rtsv7M4_T_le_v4SPD16_eabi.lib
       fd_add_t2.obj                                        438    0         0      
       fd_mul_t2.obj                                        252    0         0      
       memcpy_t2.obj                                        156    0         0      
       memset_t2.obj                                        122    0         0      
       autoinit.obj                                         112    0         0      
       exit.obj                                             84     0         24     
       copy_decompress_lzss.obj                             104    0         0      
       boot.obj                                             84     0         0      
       cpy_tbl.obj                                          76     0         0      
       fd_tou_t2.obj                                        68     0         0      
       _lock.obj                                            20     0         16     
       u_tofd_t2.obj                                        32     0         0      
       args_main.obj                                        24     0         0      
       copy_decompress_none.obj                             14     0         0      
       copy_zero_init.obj                                   12     0         0      
       stkdepth_vars.obj                                    0      0         8      
       pre_init.obj                                         4      0         0      
       mpu_init.obj                                         2      0         0      
       startup.obj                                          2      0         0      
    +--+----------------------------------------------------+------+---------+---------+
       Total:                                               1606   0         48     
                                                                                    
       Stack:                                               0      0         1024   
       Linker Generated:                                    0      53        0      
    +--+----------------------------------------------------+------+---------+---------+
       Grand Total:                                         5078   525       1228   


LINKER GENERATED COPY TABLES

__TI_cinit_table @ 000015d8 records: 2, size/record: 8, table size: 16
	.data: load addr=000015b0, load size=00000011 bytes, run addr=20000050, run size=00000018 bytes, compression=lzss
	.bss: load addr=000015d0, load size=00000008 bytes, run addr=20000000, run size=0000004e bytes, compression=zero_init


LINKER GENERATED HANDLER TABLE

__TI_handler_table @ 000015c4 records: 3, size/record: 4, table size: 12
	index: 0, handler: __TI_decompress_lzss
	index: 1, handler: __TI_decompress_none
	index: 2, handler: __TI_zero_init


GLOBAL SYMBOLS: SORTED ALPHABETICALLY BY Name 

address   name                                       
-------   ----                                       
00000edd  ADC14_IRQHandler                           
00000edd  ADC14_IRQHandler                           
000013f1  ADC14_getResult                            
00000473  AES256_IRQHandler                          
00000473  BusFault_Handler                           
000010a9  C$$EXIT                                    
00000473  COMP_E0_IRQHandler                         
00000473  COMP_E1_IRQHandler                         
00000473  CS_IRQHandler                              
00000891  Crystalfontz128x128_Init                   
0000075d  Crystalfontz128x128_SetDrawFrame           
00001001  Crystalfontz128x128_SetOrientation         
00000473  DMA_ERR_IRQHandler                         
00000473  DMA_INT0_IRQHandler                        
00000473  DMA_INT1_IRQHandler                        
00000473  DMA_INT2_IRQHandler                        
00000473  DMA_INT3_IRQHandler                        
00000473  DebugMon_Handler                           
00000473  Default_Handler                            
00000473  EUSCIA0_IRQHandler                         
00000473  EUSCIA1_IRQHandler                         
00000473  EUSCIA2_IRQHandler                         
00000473  EUSCIA3_IRQHandler                         
00000473  EUSCIB0_IRQHandler                         
00000473  EUSCIB1_IRQHandler                         
00000473  EUSCIB2_IRQHandler                         
00000473  EUSCIB3_IRQHandler                         
0000146f  EUSCI_A_SPI_enable                         
0000147b  EUSCI_B_SPI_enable                         
00000473  FLCTL_IRQHandler                           
00000473  FPU_IRQHandler                             
00001371  GPIO_setAsOutputPin                        
000010fd  GPIO_setAsPeripheralModuleFunctionOutputPin
00001439  GPIO_setOutputHighOnPin                    
00001409  GPIO_setOutputLowOnPin                     
000014a9  Graphics_fillRectangleOnDisplay            
00001395  Graphics_initContext                       
00001291  HAL_LCD_PortInit                           
00001219  HAL_LCD_SpiInit                            
00001259  HAL_LCD_writeCommand                       
0000131d  HAL_LCD_writeData                          
00000473  HardFault_Handler                          
2000004a  Lcd_FlagRead                               
2000004b  Lcd_FontSolid                              
2000004c  Lcd_Orientation                            
2000004d  Lcd_PenSolid                               
20000044  Lcd_ScreenHeigth                           
20000046  Lcd_ScreenWidth                            
20000048  Lcd_TouchTrim                              
00000473  MemManage_Handler                          
00000473  NMI_Handler                                
00000473  PCM_IRQHandler                             
00000473  PORT1_IRQHandler                           
00000473  PORT2_IRQHandler                           
00000473  PORT3_IRQHandler                           
00000473  PORT4_IRQHandler                           
00000473  PORT5_IRQHandler                           
00000473  PORT6_IRQHandler                           
00000473  PSS_IRQHandler                             
00000473  PendSV_Handler                             
00000473  RTC_C_IRQHandler                           
00001487  Reset_Handler                              
UNDEFED   SHT$$INIT_ARRAY$$Base                      
UNDEFED   SHT$$INIT_ARRAY$$Limit                     
000013d7  SPI_enableModule                           
00000c95  SPI_initMaster                             
00000473  SVC_Handler                                
00000473  SysTick_Handler                            
00000d8d  SystemInit                                 
00000473  T32_INT1_IRQHandler                        
00000473  T32_INT2_IRQHandler                        
00000473  T32_INTC_IRQHandler                        
00000473  TA0_0_IRQHandler                           
00000473  TA0_N_IRQHandler                           
00000473  TA1_0_IRQHandler                           
00000473  TA1_N_IRQHandler                           
00000473  TA2_0_IRQHandler                           
00000473  TA2_N_IRQHandler                           
00000473  TA3_0_IRQHandler                           
00000473  TA3_N_IRQHandler                           
00000473  UsageFault_Handler                         
4000480c  WDTCTL_SYM                                 
00000473  WDT_A_IRQHandler                           
20010000  __STACK_END                                
00000200  __STACK_SIZE                               
000015d8  __TI_CINIT_Base                            
000015e8  __TI_CINIT_Limit                           
000015c4  __TI_Handler_Table_Base                    
000015d0  __TI_Handler_Table_Limit                   
00000e05  __TI_auto_init                             
20000050  __TI_cleanup_ptr                           
00000e75  __TI_decompress_lzss                       
00001461  __TI_decompress_none                       
20000054  __TI_dtors_ptr                             
20000058  __TI_enable_exit_profile_output            
ffffffff  __TI_pprof_out_hndl                        
ffffffff  __TI_prof_data_size                        
ffffffff  __TI_prof_data_start                       
00000000  __TI_static_base__                         
00001493  __TI_zero_init                             
00001195  __aeabi_d2uiz                              
000002c7  __aeabi_dadd                               
000009bd  __aeabi_dmul                               
000002bd  __aeabi_dsub                               
00000d11  __aeabi_memclr                             
00000d11  __aeabi_memclr4                            
00000d11  __aeabi_memclr8                            
00000bf9  __aeabi_memcpy                             
00000bf9  __aeabi_memcpy4                            
00000bf9  __aeabi_memcpy8                            
00000d13  __aeabi_memset                             
00000d13  __aeabi_memset4                            
00000d13  __aeabi_memset8                            
000013b7  __aeabi_ui2d                               
ffffffff  __binit__                                  
ffffffff  __c_args__                                 
000014b7  __mpu_init                                 
2000fe00  __stack                                    
00001421  _args_main                                 
00001055  _c_int00                                   
2000005c  _lock                                      
0000145b  _nop                                       
00001453  _register_lock                             
0000144d  _register_unlock                           
000014b9  _system_post_cinit                         
000014b3  _system_pre_init                           
20000060  _unlock                                    
000010ad  abort                                      
ffffffff  binit                                      
00001149  copy_in                                    
00000d8b  drawAccelData                              
00000ab9  drawTitle                                  
000010b5  exit                                       
20000000  g_sContext                                 
0000156c  g_sCrystalfontz128x128_funcs               
2000001c  g_sDisplay                                 
00000000  interruptVectors                           
00000475  main                                       
20000064  main_func_sp                               
00000bf9  memcpy                                     
00000d19  memset                                     
20000034  values_rectangle_earth                     
2000003c  values_rectangle_heaven                    


GLOBAL SYMBOLS: SORTED BY Symbol Address 

address   name                                       
-------   ----                                       
00000000  __TI_static_base__                         
00000000  interruptVectors                           
00000200  __STACK_SIZE                               
000002bd  __aeabi_dsub                               
000002c7  __aeabi_dadd                               
00000473  AES256_IRQHandler                          
00000473  BusFault_Handler                           
00000473  COMP_E0_IRQHandler                         
00000473  COMP_E1_IRQHandler                         
00000473  CS_IRQHandler                              
00000473  DMA_ERR_IRQHandler                         
00000473  DMA_INT0_IRQHandler                        
00000473  DMA_INT1_IRQHandler                        
00000473  DMA_INT2_IRQHandler                        
00000473  DMA_INT3_IRQHandler                        
00000473  DebugMon_Handler                           
00000473  Default_Handler                            
00000473  EUSCIA0_IRQHandler                         
00000473  EUSCIA1_IRQHandler                         
00000473  EUSCIA2_IRQHandler                         
00000473  EUSCIA3_IRQHandler                         
00000473  EUSCIB0_IRQHandler                         
00000473  EUSCIB1_IRQHandler                         
00000473  EUSCIB2_IRQHandler                         
00000473  EUSCIB3_IRQHandler                         
00000473  FLCTL_IRQHandler                           
00000473  FPU_IRQHandler                             
00000473  HardFault_Handler                          
00000473  MemManage_Handler                          
00000473  NMI_Handler                                
00000473  PCM_IRQHandler                             
00000473  PORT1_IRQHandler                           
00000473  PORT2_IRQHandler                           
00000473  PORT3_IRQHandler                           
00000473  PORT4_IRQHandler                           
00000473  PORT5_IRQHandler                           
00000473  PORT6_IRQHandler                           
00000473  PSS_IRQHandler                             
00000473  PendSV_Handler                             
00000473  RTC_C_IRQHandler                           
00000473  SVC_Handler                                
00000473  SysTick_Handler                            
00000473  T32_INT1_IRQHandler                        
00000473  T32_INT2_IRQHandler                        
00000473  T32_INTC_IRQHandler                        
00000473  TA0_0_IRQHandler                           
00000473  TA0_N_IRQHandler                           
00000473  TA1_0_IRQHandler                           
00000473  TA1_N_IRQHandler                           
00000473  TA2_0_IRQHandler                           
00000473  TA2_N_IRQHandler                           
00000473  TA3_0_IRQHandler                           
00000473  TA3_N_IRQHandler                           
00000473  UsageFault_Handler                         
00000473  WDT_A_IRQHandler                           
00000475  main                                       
0000075d  Crystalfontz128x128_SetDrawFrame           
00000891  Crystalfontz128x128_Init                   
000009bd  __aeabi_dmul                               
00000ab9  drawTitle                                  
00000bf9  __aeabi_memcpy                             
00000bf9  __aeabi_memcpy4                            
00000bf9  __aeabi_memcpy8                            
00000bf9  memcpy                                     
00000c95  SPI_initMaster                             
00000d11  __aeabi_memclr                             
00000d11  __aeabi_memclr4                            
00000d11  __aeabi_memclr8                            
00000d13  __aeabi_memset                             
00000d13  __aeabi_memset4                            
00000d13  __aeabi_memset8                            
00000d19  memset                                     
00000d8b  drawAccelData                              
00000d8d  SystemInit                                 
00000e05  __TI_auto_init                             
00000e75  __TI_decompress_lzss                       
00000edd  ADC14_IRQHandler                           
00000edd  ADC14_IRQHandler                           
00001001  Crystalfontz128x128_SetOrientation         
00001055  _c_int00                                   
000010a9  C$$EXIT                                    
000010ad  abort                                      
000010b5  exit                                       
000010fd  GPIO_setAsPeripheralModuleFunctionOutputPin
00001149  copy_in                                    
00001195  __aeabi_d2uiz                              
00001219  HAL_LCD_SpiInit                            
00001259  HAL_LCD_writeCommand                       
00001291  HAL_LCD_PortInit                           
0000131d  HAL_LCD_writeData                          
00001371  GPIO_setAsOutputPin                        
00001395  Graphics_initContext                       
000013b7  __aeabi_ui2d                               
000013d7  SPI_enableModule                           
000013f1  ADC14_getResult                            
00001409  GPIO_setOutputLowOnPin                     
00001421  _args_main                                 
00001439  GPIO_setOutputHighOnPin                    
0000144d  _register_unlock                           
00001453  _register_lock                             
0000145b  _nop                                       
00001461  __TI_decompress_none                       
0000146f  EUSCI_A_SPI_enable                         
0000147b  EUSCI_B_SPI_enable                         
00001487  Reset_Handler                              
00001493  __TI_zero_init                             
000014a9  Graphics_fillRectangleOnDisplay            
000014b3  _system_pre_init                           
000014b7  __mpu_init                                 
000014b9  _system_post_cinit                         
0000156c  g_sCrystalfontz128x128_funcs               
000015c4  __TI_Handler_Table_Base                    
000015d0  __TI_Handler_Table_Limit                   
000015d8  __TI_CINIT_Base                            
000015e8  __TI_CINIT_Limit                           
20000000  g_sContext                                 
2000001c  g_sDisplay                                 
20000034  values_rectangle_earth                     
2000003c  values_rectangle_heaven                    
20000044  Lcd_ScreenHeigth                           
20000046  Lcd_ScreenWidth                            
20000048  Lcd_TouchTrim                              
2000004a  Lcd_FlagRead                               
2000004b  Lcd_FontSolid                              
2000004c  Lcd_Orientation                            
2000004d  Lcd_PenSolid                               
20000050  __TI_cleanup_ptr                           
20000054  __TI_dtors_ptr                             
20000058  __TI_enable_exit_profile_output            
2000005c  _lock                                      
20000060  _unlock                                    
20000064  main_func_sp                               
2000fe00  __stack                                    
20010000  __STACK_END                                
4000480c  WDTCTL_SYM                                 
ffffffff  __TI_pprof_out_hndl                        
ffffffff  __TI_prof_data_size                        
ffffffff  __TI_prof_data_start                       
ffffffff  __binit__                                  
ffffffff  __c_args__                                 
ffffffff  binit                                      
UNDEFED   SHT$$INIT_ARRAY$$Base                      
UNDEFED   SHT$$INIT_ARRAY$$Limit                     

[143 symbols]
