<?xml version="1.0"?>
<link_info>
   <banner>TI ARM Linker PC v16.9.3.LTS</banner>
   <copyright>Copyright (c) 1996-2017 Texas Instruments Incorporated</copyright>
   <link_time>0x59e23d0e</link_time>
   <link_errors>0x0</link_errors>
   <output_file>boostxl_edumkii_accelerometer_msp432p401r_MSP_EXP432P401R_nortos_ccs.out</output_file>
   <entry_point>
      <name>_c_int00</name>
      <address>0x1055</address>
   </entry_point>
   <input_file_list>
      <input_file id="fl-2">
         <path>.\</path>
         <kind>object</kind>
         <file>main.obj</file>
         <name>main.obj</name>
      </input_file>
      <input_file id="fl-3">
         <path>.\</path>
         <kind>object</kind>
         <file>system_msp432p401r.obj</file>
         <name>system_msp432p401r.obj</name>
      </input_file>
      <input_file id="fl-4">
         <path>.\LcdDriver\</path>
         <kind>object</kind>
         <file>Crystalfontz128x128_ST7735.obj</file>
         <name>Crystalfontz128x128_ST7735.obj</name>
      </input_file>
      <input_file id="fl-5">
         <path>.\LcdDriver\</path>
         <kind>object</kind>
         <file>HAL_MSP_EXP432P401R_Crystalfontz128x128_ST7735.obj</file>
         <name>HAL_MSP_EXP432P401R_Crystalfontz128x128_ST7735.obj</name>
      </input_file>
      <input_file id="fl-6">
         <path>.\ccs\</path>
         <kind>object</kind>
         <file>startup_msp432p401r_ccs.obj</file>
         <name>startup_msp432p401r_ccs.obj</name>
      </input_file>
      <input_file id="fl-7">
         <path>.\fonts\</path>
         <kind>object</kind>
         <file>fontcm12.obj</file>
         <name>fontcm12.obj</name>
      </input_file>
      <input_file id="fl-8">
         <path>.\fonts\</path>
         <kind>object</kind>
         <file>fontcm12b.obj</file>
         <name>fontcm12b.obj</name>
      </input_file>
      <input_file id="fl-9">
         <path>.\fonts\</path>
         <kind>object</kind>
         <file>fontcm12i.obj</file>
         <name>fontcm12i.obj</name>
      </input_file>
      <input_file id="fl-a">
         <path>.\fonts\</path>
         <kind>object</kind>
         <file>fontcm14.obj</file>
         <name>fontcm14.obj</name>
      </input_file>
      <input_file id="fl-b">
         <path>.\fonts\</path>
         <kind>object</kind>
         <file>fontcm14b.obj</file>
         <name>fontcm14b.obj</name>
      </input_file>
      <input_file id="fl-c">
         <path>.\fonts\</path>
         <kind>object</kind>
         <file>fontcm14i.obj</file>
         <name>fontcm14i.obj</name>
      </input_file>
      <input_file id="fl-d">
         <path>.\fonts\</path>
         <kind>object</kind>
         <file>fontcm16.obj</file>
         <name>fontcm16.obj</name>
      </input_file>
      <input_file id="fl-e">
         <path>.\fonts\</path>
         <kind>object</kind>
         <file>fontcm16b.obj</file>
         <name>fontcm16b.obj</name>
      </input_file>
      <input_file id="fl-f">
         <path>.\fonts\</path>
         <kind>object</kind>
         <file>fontcm16i.obj</file>
         <name>fontcm16i.obj</name>
      </input_file>
      <input_file id="fl-10">
         <path>.\fonts\</path>
         <kind>object</kind>
         <file>fontcm18.obj</file>
         <name>fontcm18.obj</name>
      </input_file>
      <input_file id="fl-11">
         <path>.\fonts\</path>
         <kind>object</kind>
         <file>fontcm18b.obj</file>
         <name>fontcm18b.obj</name>
      </input_file>
      <input_file id="fl-12">
         <path>.\fonts\</path>
         <kind>object</kind>
         <file>fontcm18i.obj</file>
         <name>fontcm18i.obj</name>
      </input_file>
      <input_file id="fl-13">
         <path>.\fonts\</path>
         <kind>object</kind>
         <file>fontcm20.obj</file>
         <name>fontcm20.obj</name>
      </input_file>
      <input_file id="fl-14">
         <path>.\fonts\</path>
         <kind>object</kind>
         <file>fontcm20b.obj</file>
         <name>fontcm20b.obj</name>
      </input_file>
      <input_file id="fl-15">
         <path>.\fonts\</path>
         <kind>object</kind>
         <file>fontcm20i.obj</file>
         <name>fontcm20i.obj</name>
      </input_file>
      <input_file id="fl-16">
         <path>.\fonts\</path>
         <kind>object</kind>
         <file>fontcm22.obj</file>
         <name>fontcm22.obj</name>
      </input_file>
      <input_file id="fl-17">
         <path>.\fonts\</path>
         <kind>object</kind>
         <file>fontcm22b.obj</file>
         <name>fontcm22b.obj</name>
      </input_file>
      <input_file id="fl-18">
         <path>.\fonts\</path>
         <kind>object</kind>
         <file>fontcm22i.obj</file>
         <name>fontcm22i.obj</name>
      </input_file>
      <input_file id="fl-19">
         <path>.\fonts\</path>
         <kind>object</kind>
         <file>fontcm24.obj</file>
         <name>fontcm24.obj</name>
      </input_file>
      <input_file id="fl-1a">
         <path>.\fonts\</path>
         <kind>object</kind>
         <file>fontcm24b.obj</file>
         <name>fontcm24b.obj</name>
      </input_file>
      <input_file id="fl-1b">
         <path>.\fonts\</path>
         <kind>object</kind>
         <file>fontcm24i.obj</file>
         <name>fontcm24i.obj</name>
      </input_file>
      <input_file id="fl-1c">
         <path>.\fonts\</path>
         <kind>object</kind>
         <file>fontcm26.obj</file>
         <name>fontcm26.obj</name>
      </input_file>
      <input_file id="fl-1d">
         <path>.\fonts\</path>
         <kind>object</kind>
         <file>fontcm26b.obj</file>
         <name>fontcm26b.obj</name>
      </input_file>
      <input_file id="fl-1e">
         <path>.\fonts\</path>
         <kind>object</kind>
         <file>fontcm26i.obj</file>
         <name>fontcm26i.obj</name>
      </input_file>
      <input_file id="fl-1f">
         <path>.\fonts\</path>
         <kind>object</kind>
         <file>fontcm28.obj</file>
         <name>fontcm28.obj</name>
      </input_file>
      <input_file id="fl-20">
         <path>.\fonts\</path>
         <kind>object</kind>
         <file>fontcm28b.obj</file>
         <name>fontcm28b.obj</name>
      </input_file>
      <input_file id="fl-21">
         <path>.\fonts\</path>
         <kind>object</kind>
         <file>fontcm28i.obj</file>
         <name>fontcm28i.obj</name>
      </input_file>
      <input_file id="fl-22">
         <path>.\fonts\</path>
         <kind>object</kind>
         <file>fontcm30.obj</file>
         <name>fontcm30.obj</name>
      </input_file>
      <input_file id="fl-23">
         <path>.\fonts\</path>
         <kind>object</kind>
         <file>fontcm30b.obj</file>
         <name>fontcm30b.obj</name>
      </input_file>
      <input_file id="fl-24">
         <path>.\fonts\</path>
         <kind>object</kind>
         <file>fontcm30i.obj</file>
         <name>fontcm30i.obj</name>
      </input_file>
      <input_file id="fl-25">
         <path>.\fonts\</path>
         <kind>object</kind>
         <file>fontcm32.obj</file>
         <name>fontcm32.obj</name>
      </input_file>
      <input_file id="fl-26">
         <path>.\fonts\</path>
         <kind>object</kind>
         <file>fontcm32b.obj</file>
         <name>fontcm32b.obj</name>
      </input_file>
      <input_file id="fl-27">
         <path>.\fonts\</path>
         <kind>object</kind>
         <file>fontcm32i.obj</file>
         <name>fontcm32i.obj</name>
      </input_file>
      <input_file id="fl-28">
         <path>.\fonts\</path>
         <kind>object</kind>
         <file>fontcm34.obj</file>
         <name>fontcm34.obj</name>
      </input_file>
      <input_file id="fl-29">
         <path>.\fonts\</path>
         <kind>object</kind>
         <file>fontcm34b.obj</file>
         <name>fontcm34b.obj</name>
      </input_file>
      <input_file id="fl-2a">
         <path>.\fonts\</path>
         <kind>object</kind>
         <file>fontcm34i.obj</file>
         <name>fontcm34i.obj</name>
      </input_file>
      <input_file id="fl-2b">
         <path>.\fonts\</path>
         <kind>object</kind>
         <file>fontcm36.obj</file>
         <name>fontcm36.obj</name>
      </input_file>
      <input_file id="fl-2c">
         <path>.\fonts\</path>
         <kind>object</kind>
         <file>fontcm36b.obj</file>
         <name>fontcm36b.obj</name>
      </input_file>
      <input_file id="fl-2d">
         <path>.\fonts\</path>
         <kind>object</kind>
         <file>fontcm36i.obj</file>
         <name>fontcm36i.obj</name>
      </input_file>
      <input_file id="fl-2e">
         <path>.\fonts\</path>
         <kind>object</kind>
         <file>fontcm38.obj</file>
         <name>fontcm38.obj</name>
      </input_file>
      <input_file id="fl-2f">
         <path>.\fonts\</path>
         <kind>object</kind>
         <file>fontcm38b.obj</file>
         <name>fontcm38b.obj</name>
      </input_file>
      <input_file id="fl-30">
         <path>.\fonts\</path>
         <kind>object</kind>
         <file>fontcm38i.obj</file>
         <name>fontcm38i.obj</name>
      </input_file>
      <input_file id="fl-31">
         <path>.\fonts\</path>
         <kind>object</kind>
         <file>fontcm40.obj</file>
         <name>fontcm40.obj</name>
      </input_file>
      <input_file id="fl-32">
         <path>.\fonts\</path>
         <kind>object</kind>
         <file>fontcm40b.obj</file>
         <name>fontcm40b.obj</name>
      </input_file>
      <input_file id="fl-33">
         <path>.\fonts\</path>
         <kind>object</kind>
         <file>fontcm40i.obj</file>
         <name>fontcm40i.obj</name>
      </input_file>
      <input_file id="fl-34">
         <path>.\fonts\</path>
         <kind>object</kind>
         <file>fontcm42.obj</file>
         <name>fontcm42.obj</name>
      </input_file>
      <input_file id="fl-35">
         <path>.\fonts\</path>
         <kind>object</kind>
         <file>fontcm42b.obj</file>
         <name>fontcm42b.obj</name>
      </input_file>
      <input_file id="fl-36">
         <path>.\fonts\</path>
         <kind>object</kind>
         <file>fontcm42i.obj</file>
         <name>fontcm42i.obj</name>
      </input_file>
      <input_file id="fl-37">
         <path>.\fonts\</path>
         <kind>object</kind>
         <file>fontcm44.obj</file>
         <name>fontcm44.obj</name>
      </input_file>
      <input_file id="fl-38">
         <path>.\fonts\</path>
         <kind>object</kind>
         <file>fontcm44b.obj</file>
         <name>fontcm44b.obj</name>
      </input_file>
      <input_file id="fl-39">
         <path>.\fonts\</path>
         <kind>object</kind>
         <file>fontcm44i.obj</file>
         <name>fontcm44i.obj</name>
      </input_file>
      <input_file id="fl-3a">
         <path>.\fonts\</path>
         <kind>object</kind>
         <file>fontcm46.obj</file>
         <name>fontcm46.obj</name>
      </input_file>
      <input_file id="fl-3b">
         <path>.\fonts\</path>
         <kind>object</kind>
         <file>fontcm46b.obj</file>
         <name>fontcm46b.obj</name>
      </input_file>
      <input_file id="fl-3c">
         <path>.\fonts\</path>
         <kind>object</kind>
         <file>fontcm46i.obj</file>
         <name>fontcm46i.obj</name>
      </input_file>
      <input_file id="fl-3d">
         <path>.\fonts\</path>
         <kind>object</kind>
         <file>fontcm48.obj</file>
         <name>fontcm48.obj</name>
      </input_file>
      <input_file id="fl-3e">
         <path>.\fonts\</path>
         <kind>object</kind>
         <file>fontcm48b.obj</file>
         <name>fontcm48b.obj</name>
      </input_file>
      <input_file id="fl-3f">
         <path>.\fonts\</path>
         <kind>object</kind>
         <file>fontcm48i.obj</file>
         <name>fontcm48i.obj</name>
      </input_file>
      <input_file id="fl-40">
         <path>.\fonts\</path>
         <kind>object</kind>
         <file>fontcmsc12.obj</file>
         <name>fontcmsc12.obj</name>
      </input_file>
      <input_file id="fl-41">
         <path>.\fonts\</path>
         <kind>object</kind>
         <file>fontcmsc14.obj</file>
         <name>fontcmsc14.obj</name>
      </input_file>
      <input_file id="fl-42">
         <path>.\fonts\</path>
         <kind>object</kind>
         <file>fontcmsc16.obj</file>
         <name>fontcmsc16.obj</name>
      </input_file>
      <input_file id="fl-43">
         <path>.\fonts\</path>
         <kind>object</kind>
         <file>fontcmsc18.obj</file>
         <name>fontcmsc18.obj</name>
      </input_file>
      <input_file id="fl-44">
         <path>.\fonts\</path>
         <kind>object</kind>
         <file>fontcmsc20.obj</file>
         <name>fontcmsc20.obj</name>
      </input_file>
      <input_file id="fl-45">
         <path>.\fonts\</path>
         <kind>object</kind>
         <file>fontcmsc22.obj</file>
         <name>fontcmsc22.obj</name>
      </input_file>
      <input_file id="fl-46">
         <path>.\fonts\</path>
         <kind>object</kind>
         <file>fontcmsc24.obj</file>
         <name>fontcmsc24.obj</name>
      </input_file>
      <input_file id="fl-47">
         <path>.\fonts\</path>
         <kind>object</kind>
         <file>fontcmsc26.obj</file>
         <name>fontcmsc26.obj</name>
      </input_file>
      <input_file id="fl-48">
         <path>.\fonts\</path>
         <kind>object</kind>
         <file>fontcmsc28.obj</file>
         <name>fontcmsc28.obj</name>
      </input_file>
      <input_file id="fl-49">
         <path>.\fonts\</path>
         <kind>object</kind>
         <file>fontcmsc30.obj</file>
         <name>fontcmsc30.obj</name>
      </input_file>
      <input_file id="fl-4a">
         <path>.\fonts\</path>
         <kind>object</kind>
         <file>fontcmsc32.obj</file>
         <name>fontcmsc32.obj</name>
      </input_file>
      <input_file id="fl-4b">
         <path>.\fonts\</path>
         <kind>object</kind>
         <file>fontcmsc34.obj</file>
         <name>fontcmsc34.obj</name>
      </input_file>
      <input_file id="fl-4c">
         <path>.\fonts\</path>
         <kind>object</kind>
         <file>fontcmsc36.obj</file>
         <name>fontcmsc36.obj</name>
      </input_file>
      <input_file id="fl-4d">
         <path>.\fonts\</path>
         <kind>object</kind>
         <file>fontcmsc38.obj</file>
         <name>fontcmsc38.obj</name>
      </input_file>
      <input_file id="fl-4e">
         <path>.\fonts\</path>
         <kind>object</kind>
         <file>fontcmsc40.obj</file>
         <name>fontcmsc40.obj</name>
      </input_file>
      <input_file id="fl-4f">
         <path>.\fonts\</path>
         <kind>object</kind>
         <file>fontcmsc42.obj</file>
         <name>fontcmsc42.obj</name>
      </input_file>
      <input_file id="fl-50">
         <path>.\fonts\</path>
         <kind>object</kind>
         <file>fontcmsc44.obj</file>
         <name>fontcmsc44.obj</name>
      </input_file>
      <input_file id="fl-51">
         <path>.\fonts\</path>
         <kind>object</kind>
         <file>fontcmsc46.obj</file>
         <name>fontcmsc46.obj</name>
      </input_file>
      <input_file id="fl-52">
         <path>.\fonts\</path>
         <kind>object</kind>
         <file>fontcmsc48.obj</file>
         <name>fontcmsc48.obj</name>
      </input_file>
      <input_file id="fl-53">
         <path>.\fonts\</path>
         <kind>object</kind>
         <file>fontcmss12.obj</file>
         <name>fontcmss12.obj</name>
      </input_file>
      <input_file id="fl-54">
         <path>.\fonts\</path>
         <kind>object</kind>
         <file>fontcmss12b.obj</file>
         <name>fontcmss12b.obj</name>
      </input_file>
      <input_file id="fl-55">
         <path>.\fonts\</path>
         <kind>object</kind>
         <file>fontcmss12i.obj</file>
         <name>fontcmss12i.obj</name>
      </input_file>
      <input_file id="fl-56">
         <path>.\fonts\</path>
         <kind>object</kind>
         <file>fontcmss14.obj</file>
         <name>fontcmss14.obj</name>
      </input_file>
      <input_file id="fl-57">
         <path>.\fonts\</path>
         <kind>object</kind>
         <file>fontcmss14b.obj</file>
         <name>fontcmss14b.obj</name>
      </input_file>
      <input_file id="fl-58">
         <path>.\fonts\</path>
         <kind>object</kind>
         <file>fontcmss14i.obj</file>
         <name>fontcmss14i.obj</name>
      </input_file>
      <input_file id="fl-59">
         <path>.\fonts\</path>
         <kind>object</kind>
         <file>fontcmss16.obj</file>
         <name>fontcmss16.obj</name>
      </input_file>
      <input_file id="fl-5a">
         <path>.\fonts\</path>
         <kind>object</kind>
         <file>fontcmss16b.obj</file>
         <name>fontcmss16b.obj</name>
      </input_file>
      <input_file id="fl-5b">
         <path>.\fonts\</path>
         <kind>object</kind>
         <file>fontcmss16i.obj</file>
         <name>fontcmss16i.obj</name>
      </input_file>
      <input_file id="fl-5c">
         <path>.\fonts\</path>
         <kind>object</kind>
         <file>fontcmss18.obj</file>
         <name>fontcmss18.obj</name>
      </input_file>
      <input_file id="fl-5d">
         <path>.\fonts\</path>
         <kind>object</kind>
         <file>fontcmss18b.obj</file>
         <name>fontcmss18b.obj</name>
      </input_file>
      <input_file id="fl-5e">
         <path>.\fonts\</path>
         <kind>object</kind>
         <file>fontcmss18i.obj</file>
         <name>fontcmss18i.obj</name>
      </input_file>
      <input_file id="fl-5f">
         <path>.\fonts\</path>
         <kind>object</kind>
         <file>fontcmss20.obj</file>
         <name>fontcmss20.obj</name>
      </input_file>
      <input_file id="fl-60">
         <path>.\fonts\</path>
         <kind>object</kind>
         <file>fontcmss20b.obj</file>
         <name>fontcmss20b.obj</name>
      </input_file>
      <input_file id="fl-61">
         <path>.\fonts\</path>
         <kind>object</kind>
         <file>fontcmss20i.obj</file>
         <name>fontcmss20i.obj</name>
      </input_file>
      <input_file id="fl-62">
         <path>.\fonts\</path>
         <kind>object</kind>
         <file>fontcmss22.obj</file>
         <name>fontcmss22.obj</name>
      </input_file>
      <input_file id="fl-63">
         <path>.\fonts\</path>
         <kind>object</kind>
         <file>fontcmss22b.obj</file>
         <name>fontcmss22b.obj</name>
      </input_file>
      <input_file id="fl-64">
         <path>.\fonts\</path>
         <kind>object</kind>
         <file>fontcmss22i.obj</file>
         <name>fontcmss22i.obj</name>
      </input_file>
      <input_file id="fl-65">
         <path>.\fonts\</path>
         <kind>object</kind>
         <file>fontcmss24.obj</file>
         <name>fontcmss24.obj</name>
      </input_file>
      <input_file id="fl-66">
         <path>.\fonts\</path>
         <kind>object</kind>
         <file>fontcmss24b.obj</file>
         <name>fontcmss24b.obj</name>
      </input_file>
      <input_file id="fl-67">
         <path>.\fonts\</path>
         <kind>object</kind>
         <file>fontcmss24i.obj</file>
         <name>fontcmss24i.obj</name>
      </input_file>
      <input_file id="fl-68">
         <path>.\fonts\</path>
         <kind>object</kind>
         <file>fontcmss26.obj</file>
         <name>fontcmss26.obj</name>
      </input_file>
      <input_file id="fl-69">
         <path>.\fonts\</path>
         <kind>object</kind>
         <file>fontcmss26b.obj</file>
         <name>fontcmss26b.obj</name>
      </input_file>
      <input_file id="fl-6a">
         <path>.\fonts\</path>
         <kind>object</kind>
         <file>fontcmss26i.obj</file>
         <name>fontcmss26i.obj</name>
      </input_file>
      <input_file id="fl-6b">
         <path>.\fonts\</path>
         <kind>object</kind>
         <file>fontcmss28.obj</file>
         <name>fontcmss28.obj</name>
      </input_file>
      <input_file id="fl-6c">
         <path>.\fonts\</path>
         <kind>object</kind>
         <file>fontcmss28b.obj</file>
         <name>fontcmss28b.obj</name>
      </input_file>
      <input_file id="fl-6d">
         <path>.\fonts\</path>
         <kind>object</kind>
         <file>fontcmss28i.obj</file>
         <name>fontcmss28i.obj</name>
      </input_file>
      <input_file id="fl-6e">
         <path>.\fonts\</path>
         <kind>object</kind>
         <file>fontcmss30.obj</file>
         <name>fontcmss30.obj</name>
      </input_file>
      <input_file id="fl-6f">
         <path>.\fonts\</path>
         <kind>object</kind>
         <file>fontcmss30b.obj</file>
         <name>fontcmss30b.obj</name>
      </input_file>
      <input_file id="fl-70">
         <path>.\fonts\</path>
         <kind>object</kind>
         <file>fontcmss30i.obj</file>
         <name>fontcmss30i.obj</name>
      </input_file>
      <input_file id="fl-71">
         <path>.\fonts\</path>
         <kind>object</kind>
         <file>fontcmss32.obj</file>
         <name>fontcmss32.obj</name>
      </input_file>
      <input_file id="fl-72">
         <path>.\fonts\</path>
         <kind>object</kind>
         <file>fontcmss32b.obj</file>
         <name>fontcmss32b.obj</name>
      </input_file>
      <input_file id="fl-73">
         <path>.\fonts\</path>
         <kind>object</kind>
         <file>fontcmss32i.obj</file>
         <name>fontcmss32i.obj</name>
      </input_file>
      <input_file id="fl-74">
         <path>.\fonts\</path>
         <kind>object</kind>
         <file>fontcmss34.obj</file>
         <name>fontcmss34.obj</name>
      </input_file>
      <input_file id="fl-75">
         <path>.\fonts\</path>
         <kind>object</kind>
         <file>fontcmss34b.obj</file>
         <name>fontcmss34b.obj</name>
      </input_file>
      <input_file id="fl-76">
         <path>.\fonts\</path>
         <kind>object</kind>
         <file>fontcmss34i.obj</file>
         <name>fontcmss34i.obj</name>
      </input_file>
      <input_file id="fl-77">
         <path>.\fonts\</path>
         <kind>object</kind>
         <file>fontcmss36.obj</file>
         <name>fontcmss36.obj</name>
      </input_file>
      <input_file id="fl-78">
         <path>.\fonts\</path>
         <kind>object</kind>
         <file>fontcmss36b.obj</file>
         <name>fontcmss36b.obj</name>
      </input_file>
      <input_file id="fl-79">
         <path>.\fonts\</path>
         <kind>object</kind>
         <file>fontcmss36i.obj</file>
         <name>fontcmss36i.obj</name>
      </input_file>
      <input_file id="fl-7a">
         <path>.\fonts\</path>
         <kind>object</kind>
         <file>fontcmss38.obj</file>
         <name>fontcmss38.obj</name>
      </input_file>
      <input_file id="fl-7b">
         <path>.\fonts\</path>
         <kind>object</kind>
         <file>fontcmss38b.obj</file>
         <name>fontcmss38b.obj</name>
      </input_file>
      <input_file id="fl-7c">
         <path>.\fonts\</path>
         <kind>object</kind>
         <file>fontcmss38i.obj</file>
         <name>fontcmss38i.obj</name>
      </input_file>
      <input_file id="fl-7d">
         <path>.\fonts\</path>
         <kind>object</kind>
         <file>fontcmss40.obj</file>
         <name>fontcmss40.obj</name>
      </input_file>
      <input_file id="fl-7e">
         <path>.\fonts\</path>
         <kind>object</kind>
         <file>fontcmss40b.obj</file>
         <name>fontcmss40b.obj</name>
      </input_file>
      <input_file id="fl-7f">
         <path>.\fonts\</path>
         <kind>object</kind>
         <file>fontcmss40i.obj</file>
         <name>fontcmss40i.obj</name>
      </input_file>
      <input_file id="fl-80">
         <path>.\fonts\</path>
         <kind>object</kind>
         <file>fontcmss42.obj</file>
         <name>fontcmss42.obj</name>
      </input_file>
      <input_file id="fl-81">
         <path>.\fonts\</path>
         <kind>object</kind>
         <file>fontcmss42b.obj</file>
         <name>fontcmss42b.obj</name>
      </input_file>
      <input_file id="fl-82">
         <path>.\fonts\</path>
         <kind>object</kind>
         <file>fontcmss42i.obj</file>
         <name>fontcmss42i.obj</name>
      </input_file>
      <input_file id="fl-83">
         <path>.\fonts\</path>
         <kind>object</kind>
         <file>fontcmss44.obj</file>
         <name>fontcmss44.obj</name>
      </input_file>
      <input_file id="fl-84">
         <path>.\fonts\</path>
         <kind>object</kind>
         <file>fontcmss44b.obj</file>
         <name>fontcmss44b.obj</name>
      </input_file>
      <input_file id="fl-85">
         <path>.\fonts\</path>
         <kind>object</kind>
         <file>fontcmss44i.obj</file>
         <name>fontcmss44i.obj</name>
      </input_file>
      <input_file id="fl-86">
         <path>.\fonts\</path>
         <kind>object</kind>
         <file>fontcmss46.obj</file>
         <name>fontcmss46.obj</name>
      </input_file>
      <input_file id="fl-87">
         <path>.\fonts\</path>
         <kind>object</kind>
         <file>fontcmss46b.obj</file>
         <name>fontcmss46b.obj</name>
      </input_file>
      <input_file id="fl-88">
         <path>.\fonts\</path>
         <kind>object</kind>
         <file>fontcmss46i.obj</file>
         <name>fontcmss46i.obj</name>
      </input_file>
      <input_file id="fl-89">
         <path>.\fonts\</path>
         <kind>object</kind>
         <file>fontcmss48.obj</file>
         <name>fontcmss48.obj</name>
      </input_file>
      <input_file id="fl-8a">
         <path>.\fonts\</path>
         <kind>object</kind>
         <file>fontcmss48b.obj</file>
         <name>fontcmss48b.obj</name>
      </input_file>
      <input_file id="fl-8b">
         <path>.\fonts\</path>
         <kind>object</kind>
         <file>fontcmss48i.obj</file>
         <name>fontcmss48i.obj</name>
      </input_file>
      <input_file id="fl-8c">
         <path>.\fonts\</path>
         <kind>object</kind>
         <file>fontcmtt12.obj</file>
         <name>fontcmtt12.obj</name>
      </input_file>
      <input_file id="fl-8d">
         <path>.\fonts\</path>
         <kind>object</kind>
         <file>fontcmtt14.obj</file>
         <name>fontcmtt14.obj</name>
      </input_file>
      <input_file id="fl-8e">
         <path>.\fonts\</path>
         <kind>object</kind>
         <file>fontcmtt16.obj</file>
         <name>fontcmtt16.obj</name>
      </input_file>
      <input_file id="fl-8f">
         <path>.\fonts\</path>
         <kind>object</kind>
         <file>fontcmtt18.obj</file>
         <name>fontcmtt18.obj</name>
      </input_file>
      <input_file id="fl-90">
         <path>.\fonts\</path>
         <kind>object</kind>
         <file>fontcmtt20.obj</file>
         <name>fontcmtt20.obj</name>
      </input_file>
      <input_file id="fl-91">
         <path>.\fonts\</path>
         <kind>object</kind>
         <file>fontcmtt22.obj</file>
         <name>fontcmtt22.obj</name>
      </input_file>
      <input_file id="fl-92">
         <path>.\fonts\</path>
         <kind>object</kind>
         <file>fontcmtt24.obj</file>
         <name>fontcmtt24.obj</name>
      </input_file>
      <input_file id="fl-93">
         <path>.\fonts\</path>
         <kind>object</kind>
         <file>fontcmtt26.obj</file>
         <name>fontcmtt26.obj</name>
      </input_file>
      <input_file id="fl-94">
         <path>.\fonts\</path>
         <kind>object</kind>
         <file>fontcmtt28.obj</file>
         <name>fontcmtt28.obj</name>
      </input_file>
      <input_file id="fl-95">
         <path>.\fonts\</path>
         <kind>object</kind>
         <file>fontcmtt30.obj</file>
         <name>fontcmtt30.obj</name>
      </input_file>
      <input_file id="fl-96">
         <path>.\fonts\</path>
         <kind>object</kind>
         <file>fontcmtt32.obj</file>
         <name>fontcmtt32.obj</name>
      </input_file>
      <input_file id="fl-97">
         <path>.\fonts\</path>
         <kind>object</kind>
         <file>fontcmtt34.obj</file>
         <name>fontcmtt34.obj</name>
      </input_file>
      <input_file id="fl-98">
         <path>.\fonts\</path>
         <kind>object</kind>
         <file>fontcmtt36.obj</file>
         <name>fontcmtt36.obj</name>
      </input_file>
      <input_file id="fl-99">
         <path>.\fonts\</path>
         <kind>object</kind>
         <file>fontcmtt38.obj</file>
         <name>fontcmtt38.obj</name>
      </input_file>
      <input_file id="fl-9a">
         <path>.\fonts\</path>
         <kind>object</kind>
         <file>fontcmtt40.obj</file>
         <name>fontcmtt40.obj</name>
      </input_file>
      <input_file id="fl-9b">
         <path>.\fonts\</path>
         <kind>object</kind>
         <file>fontcmtt42.obj</file>
         <name>fontcmtt42.obj</name>
      </input_file>
      <input_file id="fl-9c">
         <path>.\fonts\</path>
         <kind>object</kind>
         <file>fontcmtt44.obj</file>
         <name>fontcmtt44.obj</name>
      </input_file>
      <input_file id="fl-9d">
         <path>.\fonts\</path>
         <kind>object</kind>
         <file>fontcmtt46.obj</file>
         <name>fontcmtt46.obj</name>
      </input_file>
      <input_file id="fl-9e">
         <path>.\fonts\</path>
         <kind>object</kind>
         <file>fontcmtt48.obj</file>
         <name>fontcmtt48.obj</name>
      </input_file>
      <input_file id="fl-9f">
         <path>.\fonts\</path>
         <kind>object</kind>
         <file>fontfixed6x8.obj</file>
         <name>fontfixed6x8.obj</name>
      </input_file>
      <input_file id="fl-a8">
         <kind>object</kind>
         <file>&lt;internal&gt;</file>
         <name>&lt;internal&gt;</name>
      </input_file>
      <input_file id="fl-a9">
         <path>C:\ti\simplelink_msp432_sdk_1_40_01_00\source\ti\grlib\ccs\</path>
         <kind>archive</kind>
         <file>grlib.lib</file>
         <name>context.o</name>
      </input_file>
      <input_file id="fl-aa">
         <path>C:\ti\simplelink_msp432_sdk_1_40_01_00\source\ti\grlib\ccs\</path>
         <kind>archive</kind>
         <file>grlib.lib</file>
         <name>display.o</name>
      </input_file>
      <input_file id="fl-ab">
         <path>C:\ti\simplelink_msp432_sdk_1_40_01_00\source\ti\devices\msp432p4xx\driverlib\ccs\</path>
         <kind>archive</kind>
         <file>msp432p4xx_driverlib.lib</file>
         <name>adc14.obj</name>
      </input_file>
      <input_file id="fl-ac">
         <path>C:\ti\simplelink_msp432_sdk_1_40_01_00\source\ti\devices\msp432p4xx\driverlib\ccs\</path>
         <kind>archive</kind>
         <file>msp432p4xx_driverlib.lib</file>
         <name>gpio.obj</name>
      </input_file>
      <input_file id="fl-ad">
         <path>C:\ti\simplelink_msp432_sdk_1_40_01_00\source\ti\devices\msp432p4xx\driverlib\ccs\</path>
         <kind>archive</kind>
         <file>msp432p4xx_driverlib.lib</file>
         <name>interrupt.obj</name>
      </input_file>
      <input_file id="fl-ae">
         <path>C:\ti\simplelink_msp432_sdk_1_40_01_00\source\ti\devices\msp432p4xx\driverlib\ccs\</path>
         <kind>archive</kind>
         <file>msp432p4xx_driverlib.lib</file>
         <name>spi.obj</name>
      </input_file>
      <input_file id="fl-af">
         <path>C:\ti\simplelink_msp432_sdk_1_40_01_00\source\ti\devices\msp432p4xx\driverlib\ccs\</path>
         <kind>archive</kind>
         <file>msp432p4xx_driverlib.lib</file>
         <name>cpu.obj</name>
      </input_file>
      <input_file id="fl-165">
         <path>C:\ti\ccsv7\tools\compiler\ti-cgt-arm_16.9.3.LTS\lib\</path>
         <kind>archive</kind>
         <file>rtsv7M4_T_le_v4SPD16_eabi.lib</file>
         <name>boot.obj</name>
      </input_file>
      <input_file id="fl-166">
         <path>C:\ti\ccsv7\tools\compiler\ti-cgt-arm_16.9.3.LTS\lib\</path>
         <kind>archive</kind>
         <file>rtsv7M4_T_le_v4SPD16_eabi.lib</file>
         <name>copy_decompress_lzss.obj</name>
      </input_file>
      <input_file id="fl-167">
         <path>C:\ti\ccsv7\tools\compiler\ti-cgt-arm_16.9.3.LTS\lib\</path>
         <kind>archive</kind>
         <file>rtsv7M4_T_le_v4SPD16_eabi.lib</file>
         <name>copy_decompress_none.obj</name>
      </input_file>
      <input_file id="fl-168">
         <path>C:\ti\ccsv7\tools\compiler\ti-cgt-arm_16.9.3.LTS\lib\</path>
         <kind>archive</kind>
         <file>rtsv7M4_T_le_v4SPD16_eabi.lib</file>
         <name>copy_zero_init.obj</name>
      </input_file>
      <input_file id="fl-169">
         <path>C:\ti\ccsv7\tools\compiler\ti-cgt-arm_16.9.3.LTS\lib\</path>
         <kind>archive</kind>
         <file>rtsv7M4_T_le_v4SPD16_eabi.lib</file>
         <name>exit.obj</name>
      </input_file>
      <input_file id="fl-16a">
         <path>C:\ti\ccsv7\tools\compiler\ti-cgt-arm_16.9.3.LTS\lib\</path>
         <kind>archive</kind>
         <file>rtsv7M4_T_le_v4SPD16_eabi.lib</file>
         <name>fd_add_t2.obj</name>
      </input_file>
      <input_file id="fl-16b">
         <path>C:\ti\ccsv7\tools\compiler\ti-cgt-arm_16.9.3.LTS\lib\</path>
         <kind>archive</kind>
         <file>rtsv7M4_T_le_v4SPD16_eabi.lib</file>
         <name>fd_mul_t2.obj</name>
      </input_file>
      <input_file id="fl-16c">
         <path>C:\ti\ccsv7\tools\compiler\ti-cgt-arm_16.9.3.LTS\lib\</path>
         <kind>archive</kind>
         <file>rtsv7M4_T_le_v4SPD16_eabi.lib</file>
         <name>fd_tou_t2.obj</name>
      </input_file>
      <input_file id="fl-16d">
         <path>C:\ti\ccsv7\tools\compiler\ti-cgt-arm_16.9.3.LTS\lib\</path>
         <kind>archive</kind>
         <file>rtsv7M4_T_le_v4SPD16_eabi.lib</file>
         <name>memcpy_t2.obj</name>
      </input_file>
      <input_file id="fl-16e">
         <path>C:\ti\ccsv7\tools\compiler\ti-cgt-arm_16.9.3.LTS\lib\</path>
         <kind>archive</kind>
         <file>rtsv7M4_T_le_v4SPD16_eabi.lib</file>
         <name>memset_t2.obj</name>
      </input_file>
      <input_file id="fl-16f">
         <path>C:\ti\ccsv7\tools\compiler\ti-cgt-arm_16.9.3.LTS\lib\</path>
         <kind>archive</kind>
         <file>rtsv7M4_T_le_v4SPD16_eabi.lib</file>
         <name>mpu_init.obj</name>
      </input_file>
      <input_file id="fl-170">
         <path>C:\ti\ccsv7\tools\compiler\ti-cgt-arm_16.9.3.LTS\lib\</path>
         <kind>archive</kind>
         <file>rtsv7M4_T_le_v4SPD16_eabi.lib</file>
         <name>pre_init.obj</name>
      </input_file>
      <input_file id="fl-171">
         <path>C:\ti\ccsv7\tools\compiler\ti-cgt-arm_16.9.3.LTS\lib\</path>
         <kind>archive</kind>
         <file>rtsv7M4_T_le_v4SPD16_eabi.lib</file>
         <name>stkdepth_vars.obj</name>
      </input_file>
      <input_file id="fl-172">
         <path>C:\ti\ccsv7\tools\compiler\ti-cgt-arm_16.9.3.LTS\lib\</path>
         <kind>archive</kind>
         <file>rtsv7M4_T_le_v4SPD16_eabi.lib</file>
         <name>u_tofd_t2.obj</name>
      </input_file>
      <input_file id="fl-173">
         <path>C:\ti\ccsv7\tools\compiler\ti-cgt-arm_16.9.3.LTS\lib\</path>
         <kind>archive</kind>
         <file>rtsv7M4_T_le_v4SPD16_eabi.lib</file>
         <name>_lock.obj</name>
      </input_file>
      <input_file id="fl-174">
         <path>C:\ti\ccsv7\tools\compiler\ti-cgt-arm_16.9.3.LTS\lib\</path>
         <kind>archive</kind>
         <file>rtsv7M4_T_le_v4SPD16_eabi.lib</file>
         <name>args_main.obj</name>
      </input_file>
      <input_file id="fl-175">
         <path>C:\ti\ccsv7\tools\compiler\ti-cgt-arm_16.9.3.LTS\lib\</path>
         <kind>archive</kind>
         <file>rtsv7M4_T_le_v4SPD16_eabi.lib</file>
         <name>autoinit.obj</name>
      </input_file>
      <input_file id="fl-176">
         <path>C:\ti\ccsv7\tools\compiler\ti-cgt-arm_16.9.3.LTS\lib\</path>
         <kind>archive</kind>
         <file>rtsv7M4_T_le_v4SPD16_eabi.lib</file>
         <name>cpy_tbl.obj</name>
      </input_file>
      <input_file id="fl-177">
         <path>C:\ti\ccsv7\tools\compiler\ti-cgt-arm_16.9.3.LTS\lib\</path>
         <kind>archive</kind>
         <file>rtsv7M4_T_le_v4SPD16_eabi.lib</file>
         <name>startup.obj</name>
      </input_file>
   </input_file_list>
   <object_component_list>
      <object_component id="oc-2c">
         <name>.intvecs:retain</name>
         <load_address>0x0</load_address>
         <run_address>0x0</run_address>
         <size>0xe4</size>
         <input_file_ref idref="fl-6"/>
      </object_component>
      <object_component id="oc-1b2">
         <name>.text:Crystalfontz128x128_PixelDrawMultiple</name>
         <load_address>0xe4</load_address>
         <run_address>0xe4</run_address>
         <size>0x1d8</size>
         <input_file_ref idref="fl-4"/>
      </object_component>
      <object_component id="oc-142">
         <name>.text</name>
         <load_address>0x2bc</load_address>
         <run_address>0x2bc</run_address>
         <size>0x1b6</size>
         <input_file_ref idref="fl-16a"/>
      </object_component>
      <object_component id="oc-7b">
         <name>.text:Default_Handler</name>
         <load_address>0x472</load_address>
         <run_address>0x472</run_address>
         <size>0x2</size>
         <input_file_ref idref="fl-6"/>
      </object_component>
      <object_component id="oc-b0">
         <name>.text:main</name>
         <load_address>0x474</load_address>
         <run_address>0x474</run_address>
         <size>0x194</size>
         <input_file_ref idref="fl-2"/>
      </object_component>
      <object_component id="oc-12e">
         <name>.text:_getIndexForMemRegister</name>
         <load_address>0x608</load_address>
         <run_address>0x608</run_address>
         <size>0x154</size>
         <input_file_ref idref="fl-ab"/>
      </object_component>
      <object_component id="oc-188">
         <name>.text:Crystalfontz128x128_SetDrawFrame</name>
         <load_address>0x75c</load_address>
         <run_address>0x75c</run_address>
         <size>0x134</size>
         <input_file_ref idref="fl-4"/>
      </object_component>
      <object_component id="oc-f9">
         <name>.text:Crystalfontz128x128_Init</name>
         <load_address>0x890</load_address>
         <run_address>0x890</run_address>
         <size>0x12c</size>
         <input_file_ref idref="fl-4"/>
      </object_component>
      <object_component id="oc-13d">
         <name>.text</name>
         <load_address>0x9bc</load_address>
         <run_address>0x9bc</run_address>
         <size>0xfc</size>
         <input_file_ref idref="fl-16b"/>
      </object_component>
      <object_component id="oc-d1">
         <name>.text:drawTitle</name>
         <load_address>0xab8</load_address>
         <run_address>0xab8</run_address>
         <size>0xa4</size>
         <input_file_ref idref="fl-2"/>
      </object_component>
      <object_component id="oc-1c4">
         <name>.text:Crystalfontz128x128_RectFill</name>
         <load_address>0xb5c</load_address>
         <run_address>0xb5c</run_address>
         <size>0x9c</size>
         <input_file_ref idref="fl-4"/>
      </object_component>
      <object_component id="oc-3b">
         <name>.text</name>
         <load_address>0xbf8</load_address>
         <run_address>0xbf8</run_address>
         <size>0x9c</size>
         <input_file_ref idref="fl-16d"/>
      </object_component>
      <object_component id="oc-1f8">
         <name>.text:SPI_initMaster</name>
         <load_address>0xc94</load_address>
         <run_address>0xc94</run_address>
         <size>0x7c</size>
         <input_file_ref idref="fl-ae"/>
      </object_component>
      <object_component id="oc-47">
         <name>.text</name>
         <load_address>0xd10</load_address>
         <run_address>0xd10</run_address>
         <size>0x7a</size>
         <input_file_ref idref="fl-16e"/>
      </object_component>
      <object_component id="oc-d7">
         <name>.text:drawAccelData</name>
         <load_address>0xd8a</load_address>
         <run_address>0xd8a</run_address>
         <size>0x2</size>
         <input_file_ref idref="fl-2"/>
      </object_component>
      <object_component id="oc-c3">
         <name>.text:SystemInit</name>
         <load_address>0xd8c</load_address>
         <run_address>0xd8c</run_address>
         <size>0x78</size>
         <input_file_ref idref="fl-3"/>
      </object_component>
      <object_component id="oc-5f">
         <name>.text</name>
         <load_address>0xe04</load_address>
         <run_address>0xe04</run_address>
         <size>0x70</size>
         <input_file_ref idref="fl-175"/>
      </object_component>
      <object_component id="oc-14">
         <name>.text:decompress:lzss</name>
         <load_address>0xe74</load_address>
         <run_address>0xe74</run_address>
         <size>0x68</size>
         <input_file_ref idref="fl-166"/>
      </object_component>
      <object_component id="oc-81">
         <name>.text:ADC14_IRQHandler</name>
         <load_address>0xedc</load_address>
         <run_address>0xedc</run_address>
         <size>0x64</size>
         <input_file_ref idref="fl-2"/>
      </object_component>
      <object_component id="oc-1b8">
         <name>.text:Crystalfontz128x128_LineDrawH</name>
         <load_address>0xf40</load_address>
         <run_address>0xf40</run_address>
         <size>0x60</size>
         <input_file_ref idref="fl-4"/>
      </object_component>
      <object_component id="oc-1be">
         <name>.text:Crystalfontz128x128_LineDrawV</name>
         <load_address>0xfa0</load_address>
         <run_address>0xfa0</run_address>
         <size>0x60</size>
         <input_file_ref idref="fl-4"/>
      </object_component>
      <object_component id="oc-ff">
         <name>.text:Crystalfontz128x128_SetOrientation</name>
         <load_address>0x1000</load_address>
         <run_address>0x1000</run_address>
         <size>0x54</size>
         <input_file_ref idref="fl-4"/>
      </object_component>
      <object_component id="oc-26">
         <name>.text</name>
         <load_address>0x1054</load_address>
         <run_address>0x1054</run_address>
         <size>0x54</size>
         <input_file_ref idref="fl-165"/>
      </object_component>
      <object_component id="oc-6b">
         <name>.text</name>
         <load_address>0x10a8</load_address>
         <run_address>0x10a8</run_address>
         <size>0x54</size>
         <input_file_ref idref="fl-169"/>
      </object_component>
      <object_component id="oc-1eb">
         <name>.text:GPIO_setAsPeripheralModuleFunctionOutputPin</name>
         <load_address>0x10fc</load_address>
         <run_address>0x10fc</run_address>
         <size>0x4c</size>
         <input_file_ref idref="fl-ac"/>
      </object_component>
      <object_component id="oc-a2">
         <name>.text</name>
         <load_address>0x1148</load_address>
         <run_address>0x1148</run_address>
         <size>0x4c</size>
         <input_file_ref idref="fl-176"/>
      </object_component>
      <object_component id="oc-147">
         <name>.text</name>
         <load_address>0x1194</load_address>
         <run_address>0x1194</run_address>
         <size>0x44</size>
         <input_file_ref idref="fl-16c"/>
      </object_component>
      <object_component id="oc-1ac">
         <name>.text:Crystalfontz128x128_PixelDraw</name>
         <load_address>0x11d8</load_address>
         <run_address>0x11d8</run_address>
         <size>0x40</size>
         <input_file_ref idref="fl-4"/>
      </object_component>
      <object_component id="oc-16a">
         <name>.text:HAL_LCD_SpiInit</name>
         <load_address>0x1218</load_address>
         <run_address>0x1218</run_address>
         <size>0x40</size>
         <input_file_ref idref="fl-5"/>
      </object_component>
      <object_component id="oc-17c">
         <name>.text:HAL_LCD_writeCommand</name>
         <load_address>0x1258</load_address>
         <run_address>0x1258</run_address>
         <size>0x38</size>
         <input_file_ref idref="fl-5"/>
      </object_component>
      <object_component id="oc-164">
         <name>.text:HAL_LCD_PortInit</name>
         <load_address>0x1290</load_address>
         <run_address>0x1290</run_address>
         <size>0x30</size>
         <input_file_ref idref="fl-5"/>
      </object_component>
      <object_component id="oc-23a">
         <name>.text:is_A_Module</name>
         <load_address>0x12c0</load_address>
         <run_address>0x12c0</run_address>
         <size>0x30</size>
         <input_file_ref idref="fl-ae"/>
      </object_component>
      <object_component id="oc-1d6">
         <name>.text:Crystalfontz128x128_ClearScreen</name>
         <load_address>0x12f0</load_address>
         <run_address>0x12f0</run_address>
         <size>0x2c</size>
         <input_file_ref idref="fl-4"/>
      </object_component>
      <object_component id="oc-182">
         <name>.text:HAL_LCD_writeData</name>
         <load_address>0x131c</load_address>
         <run_address>0x131c</run_address>
         <size>0x2c</size>
         <input_file_ref idref="fl-5"/>
      </object_component>
      <object_component id="oc-1ca">
         <name>.text:Crystalfontz128x128_ColorTranslate</name>
         <load_address>0x1348</load_address>
         <run_address>0x1348</run_address>
         <size>0x28</size>
         <input_file_ref idref="fl-4"/>
      </object_component>
      <object_component id="oc-1f1">
         <name>.text:GPIO_setAsOutputPin</name>
         <load_address>0x1370</load_address>
         <run_address>0x1370</run_address>
         <size>0x24</size>
         <input_file_ref idref="fl-ac"/>
      </object_component>
      <object_component id="oc-105">
         <name>.text:Graphics_initContext</name>
         <load_address>0x1394</load_address>
         <run_address>0x1394</run_address>
         <size>0x22</size>
         <input_file_ref idref="fl-a9"/>
      </object_component>
      <object_component id="oc-138">
         <name>.text</name>
         <load_address>0x13b6</load_address>
         <run_address>0x13b6</run_address>
         <size>0x20</size>
         <input_file_ref idref="fl-172"/>
      </object_component>
      <object_component id="oc-1fe">
         <name>.text:SPI_enableModule</name>
         <load_address>0x13d6</load_address>
         <run_address>0x13d6</run_address>
         <size>0x1a</size>
         <input_file_ref idref="fl-ae"/>
      </object_component>
      <object_component id="oc-cb">
         <name>.text:ADC14_getResult</name>
         <load_address>0x13f0</load_address>
         <run_address>0x13f0</run_address>
         <size>0x18</size>
         <input_file_ref idref="fl-ab"/>
      </object_component>
      <object_component id="oc-170">
         <name>.text:GPIO_setOutputLowOnPin</name>
         <load_address>0x1408</load_address>
         <run_address>0x1408</run_address>
         <size>0x18</size>
         <input_file_ref idref="fl-ac"/>
      </object_component>
      <object_component id="oc-65">
         <name>.text</name>
         <load_address>0x1420</load_address>
         <run_address>0x1420</run_address>
         <size>0x18</size>
         <input_file_ref idref="fl-174"/>
      </object_component>
      <object_component id="oc-176">
         <name>.text:GPIO_setOutputHighOnPin</name>
         <load_address>0x1438</load_address>
         <run_address>0x1438</run_address>
         <size>0x14</size>
         <input_file_ref idref="fl-ac"/>
      </object_component>
      <object_component id="oc-121">
         <name>.text</name>
         <load_address>0x144c</load_address>
         <run_address>0x144c</run_address>
         <size>0x14</size>
         <input_file_ref idref="fl-173"/>
      </object_component>
      <object_component id="oc-1a">
         <name>.text:decompress:none</name>
         <load_address>0x1460</load_address>
         <run_address>0x1460</run_address>
         <size>0xe</size>
         <input_file_ref idref="fl-167"/>
      </object_component>
      <object_component id="oc-248">
         <name>.text:EUSCI_A_SPI_enable</name>
         <load_address>0x146e</load_address>
         <run_address>0x146e</run_address>
         <size>0xc</size>
         <input_file_ref idref="fl-ae"/>
      </object_component>
      <object_component id="oc-242">
         <name>.text:EUSCI_B_SPI_enable</name>
         <load_address>0x147a</load_address>
         <run_address>0x147a</run_address>
         <size>0xc</size>
         <input_file_ref idref="fl-ae"/>
      </object_component>
      <object_component id="oc-75">
         <name>.text:Reset_Handler</name>
         <load_address>0x1486</load_address>
         <run_address>0x1486</run_address>
         <size>0xc</size>
         <input_file_ref idref="fl-6"/>
      </object_component>
      <object_component id="oc-20">
         <name>.text:decompress:ZI</name>
         <load_address>0x1492</load_address>
         <run_address>0x1492</run_address>
         <size>0xc</size>
         <input_file_ref idref="fl-168"/>
      </object_component>
      <object_component id="oc-1d0">
         <name>.text:Crystalfontz128x128_Flush</name>
         <load_address>0x149e</load_address>
         <run_address>0x149e</run_address>
         <size>0xa</size>
         <input_file_ref idref="fl-4"/>
      </object_component>
      <object_component id="oc-14c">
         <name>.text:Graphics_fillRectangleOnDisplay</name>
         <load_address>0x14a8</load_address>
         <run_address>0x14a8</run_address>
         <size>0xa</size>
         <input_file_ref idref="fl-aa"/>
      </object_component>
      <object_component id="oc-59">
         <name>.text</name>
         <load_address>0x14b2</load_address>
         <run_address>0x14b2</run_address>
         <size>0x4</size>
         <input_file_ref idref="fl-170"/>
      </object_component>
      <object_component id="oc-53">
         <name>.text</name>
         <load_address>0x14b6</load_address>
         <run_address>0x14b6</run_address>
         <size>0x2</size>
         <input_file_ref idref="fl-16f"/>
      </object_component>
      <object_component id="oc-a8">
         <name>.text</name>
         <load_address>0x14b8</load_address>
         <run_address>0x14b8</run_address>
         <size>0x2</size>
         <input_file_ref idref="fl-177"/>
      </object_component>
      <object_component id="oc-134">
         <name>.const:_ctlRegs</name>
         <load_address>0x14bc</load_address>
         <run_address>0x14bc</run_address>
         <size>0x80</size>
         <input_file_ref idref="fl-ab"/>
      </object_component>
      <object_component id="oc-20d">
         <name>.const:GPIO_PORT_TO_BASE</name>
         <load_address>0x153c</load_address>
         <run_address>0x153c</run_address>
         <size>0x30</size>
         <input_file_ref idref="fl-ac"/>
      </object_component>
      <object_component id="oc-10f">
         <name>.const:g_sCrystalfontz128x128_funcs</name>
         <load_address>0x156c</load_address>
         <run_address>0x156c</run_address>
         <size>0x20</size>
         <input_file_ref idref="fl-4"/>
      </object_component>
      <object_component id="oc-204">
         <name>.const:$P$T0$1</name>
         <load_address>0x158c</load_address>
         <run_address>0x158c</run_address>
         <size>0x1c</size>
         <input_file_ref idref="fl-5"/>
      </object_component>
      <object_component id="oc-22b">
         <name>.const:$P$T0$1</name>
         <load_address>0x15a8</load_address>
         <run_address>0x15a8</run_address>
         <size>0x8</size>
         <input_file_ref idref="fl-4"/>
      </object_component>
      <object_component id="oc-286">
         <name>.cinit..data.load</name>
         <load_address>0x15b0</load_address>
         <run_address>0x15b0</run_address>
         <size>0x11</size>
      </object_component>
      <object_component id="oc-284">
         <name>__TI_handler_table</name>
         <load_address>0x15c4</load_address>
         <run_address>0x15c4</run_address>
         <size>0xc</size>
      </object_component>
      <object_component id="oc-287">
         <name>.cinit..bss.load</name>
         <load_address>0x15d0</load_address>
         <run_address>0x15d0</run_address>
         <size>0x8</size>
      </object_component>
      <object_component id="oc-285">
         <name>__TI_cinit_table</name>
         <load_address>0x15d8</load_address>
         <run_address>0x15d8</run_address>
         <size>0x10</size>
      </object_component>
      <object_component id="oc-261">
         <name>.binit</name>
         <load_address>0x0</load_address>
         <run_address>0x0</run_address>
         <size>0x0</size>
      </object_component>
      <object_component id="oc-b8">
         <name>.data:$O1$$</name>
         <load_address>0x20000050</load_address>
         <run_address>0x20000050</run_address>
         <size>0xc</size>
         <input_file_ref idref="fl-169"/>
      </object_component>
      <object_component id="oc-71">
         <name>.data</name>
         <load_address>0x20000064</load_address>
         <run_address>0x20000064</run_address>
         <size>0x4</size>
         <input_file_ref idref="fl-171"/>
      </object_component>
      <object_component id="oc-bb">
         <name>.data:$O1$$</name>
         <load_address>0x2000005c</load_address>
         <run_address>0x2000005c</run_address>
         <size>0x8</size>
         <input_file_ref idref="fl-173"/>
      </object_component>
      <object_component id="oc-dd">
         <name>.bss:resultsBuffer</name>
         <uninitialized>true</uninitialized>
         <run_address>0x2000002c</run_address>
         <size>0x8</size>
         <input_file_ref idref="fl-2"/>
      </object_component>
      <object_component id="oc-10b">
         <name>.common:g_sContext</name>
         <uninitialized>true</uninitialized>
         <run_address>0x20000000</run_address>
         <size>0x1c</size>
      </object_component>
      <object_component id="oc-10e">
         <name>.common:g_sDisplay</name>
         <uninitialized>true</uninitialized>
         <run_address>0x2000001c</run_address>
         <size>0x10</size>
      </object_component>
      <object_component id="oc-152">
         <name>.common:values_rectangle_heaven</name>
         <uninitialized>true</uninitialized>
         <run_address>0x2000003c</run_address>
         <size>0x8</size>
      </object_component>
      <object_component id="oc-153">
         <name>.common:values_rectangle_earth</name>
         <uninitialized>true</uninitialized>
         <run_address>0x20000034</run_address>
         <size>0x8</size>
      </object_component>
      <object_component id="oc-197">
         <name>.common:Lcd_Orientation</name>
         <uninitialized>true</uninitialized>
         <run_address>0x2000004c</run_address>
         <size>0x1</size>
      </object_component>
      <object_component id="oc-18e">
         <name>.common:Lcd_ScreenWidth</name>
         <uninitialized>true</uninitialized>
         <run_address>0x20000046</run_address>
         <size>0x2</size>
      </object_component>
      <object_component id="oc-191">
         <name>.common:Lcd_ScreenHeigth</name>
         <uninitialized>true</uninitialized>
         <run_address>0x20000044</run_address>
         <size>0x2</size>
      </object_component>
      <object_component id="oc-192">
         <name>.common:Lcd_PenSolid</name>
         <uninitialized>true</uninitialized>
         <run_address>0x2000004d</run_address>
         <size>0x1</size>
      </object_component>
      <object_component id="oc-193">
         <name>.common:Lcd_FontSolid</name>
         <uninitialized>true</uninitialized>
         <run_address>0x2000004b</run_address>
         <size>0x1</size>
      </object_component>
      <object_component id="oc-194">
         <name>.common:Lcd_FlagRead</name>
         <uninitialized>true</uninitialized>
         <run_address>0x2000004a</run_address>
         <size>0x1</size>
      </object_component>
      <object_component id="oc-195">
         <name>.common:Lcd_TouchTrim</name>
         <uninitialized>true</uninitialized>
         <run_address>0x20000048</run_address>
         <size>0x2</size>
      </object_component>
      <object_component id="oc-2f">
         <name>.stack</name>
         <uninitialized>true</uninitialized>
         <run_address>0x2000fe00</run_address>
         <size>0x0</size>
         <input_file_ref idref="fl-165"/>
      </object_component>
      <object_component id="oc-288">
         <name>.stack</name>
         <uninitialized>true</uninitialized>
         <run_address>0x2000fe00</run_address>
         <size>0x0</size>
      </object_component>
      <object_component id="oc-10c">
         <name>.debug_info</name>
         <load_address>0x0</load_address>
         <run_address>0x0</run_address>
         <size>0x94c</size>
         <input_file_ref idref="fl-2"/>
      </object_component>
      <object_component id="oc-de">
         <name>.debug_info</name>
         <load_address>0x94c</load_address>
         <run_address>0x94c</run_address>
         <size>0x126</size>
         <input_file_ref idref="fl-2"/>
      </object_component>
      <object_component id="oc-b1">
         <name>.debug_info</name>
         <load_address>0xa72</load_address>
         <run_address>0xa72</run_address>
         <size>0x25f</size>
         <input_file_ref idref="fl-2"/>
      </object_component>
      <object_component id="oc-d2">
         <name>.debug_info</name>
         <load_address>0xcd1</load_address>
         <run_address>0xcd1</run_address>
         <size>0x1e2</size>
         <input_file_ref idref="fl-2"/>
      </object_component>
      <object_component id="oc-d8">
         <name>.debug_info</name>
         <load_address>0xeb3</load_address>
         <run_address>0xeb3</run_address>
         <size>0x151</size>
         <input_file_ref idref="fl-2"/>
      </object_component>
      <object_component id="oc-82">
         <name>.debug_info</name>
         <load_address>0x1004</load_address>
         <run_address>0x1004</run_address>
         <size>0x1e1</size>
         <input_file_ref idref="fl-2"/>
      </object_component>
      <object_component id="oc-1a2">
         <name>.debug_info</name>
         <load_address>0x11e5</load_address>
         <run_address>0x11e5</run_address>
         <size>0x1055</size>
         <input_file_ref idref="fl-2"/>
      </object_component>
      <object_component id="oc-19d">
         <name>.debug_info</name>
         <load_address>0x223a</load_address>
         <run_address>0x223a</run_address>
         <size>0x37cd</size>
         <input_file_ref idref="fl-2"/>
      </object_component>
      <object_component id="oc-1a7">
         <name>.debug_info</name>
         <load_address>0x5a07</load_address>
         <run_address>0x5a07</run_address>
         <size>0x439</size>
         <input_file_ref idref="fl-2"/>
      </object_component>
      <object_component id="oc-113">
         <name>.debug_info</name>
         <load_address>0x5e40</load_address>
         <run_address>0x5e40</run_address>
         <size>0x8b</size>
         <input_file_ref idref="fl-2"/>
      </object_component>
      <object_component id="oc-e1">
         <name>.debug_info</name>
         <load_address>0x5ecb</load_address>
         <run_address>0x5ecb</run_address>
         <size>0x18b</size>
         <input_file_ref idref="fl-2"/>
      </object_component>
      <object_component id="oc-208">
         <name>.debug_info</name>
         <load_address>0x6056</load_address>
         <run_address>0x6056</run_address>
         <size>0x131</size>
         <input_file_ref idref="fl-2"/>
      </object_component>
      <object_component id="oc-c4">
         <name>.debug_info</name>
         <load_address>0x6187</load_address>
         <run_address>0x6187</run_address>
         <size>0x178</size>
         <input_file_ref idref="fl-3"/>
      </object_component>
      <object_component id="oc-36">
         <name>.debug_info</name>
         <load_address>0x62ff</load_address>
         <run_address>0x62ff</run_address>
         <size>0x84</size>
         <input_file_ref idref="fl-3"/>
      </object_component>
      <object_component id="oc-18f">
         <name>.debug_info</name>
         <load_address>0x6383</load_address>
         <run_address>0x6383</run_address>
         <size>0x995</size>
         <input_file_ref idref="fl-4"/>
      </object_component>
      <object_component id="oc-110">
         <name>.debug_info</name>
         <load_address>0x6d18</load_address>
         <run_address>0x6d18</run_address>
         <size>0x166</size>
         <input_file_ref idref="fl-4"/>
      </object_component>
      <object_component id="oc-22c">
         <name>.debug_info</name>
         <load_address>0x6e7e</load_address>
         <run_address>0x6e7e</run_address>
         <size>0x13b</size>
         <input_file_ref idref="fl-4"/>
      </object_component>
      <object_component id="oc-fa">
         <name>.debug_info</name>
         <load_address>0x6fb9</load_address>
         <run_address>0x6fb9</run_address>
         <size>0x42d</size>
         <input_file_ref idref="fl-4"/>
      </object_component>
      <object_component id="oc-189">
         <name>.debug_info</name>
         <load_address>0x73e6</load_address>
         <run_address>0x73e6</run_address>
         <size>0x339</size>
         <input_file_ref idref="fl-4"/>
      </object_component>
      <object_component id="oc-100">
         <name>.debug_info</name>
         <load_address>0x771f</load_address>
         <run_address>0x771f</run_address>
         <size>0x295</size>
         <input_file_ref idref="fl-4"/>
      </object_component>
      <object_component id="oc-1ad">
         <name>.debug_info</name>
         <load_address>0x79b4</load_address>
         <run_address>0x79b4</run_address>
         <size>0x2da</size>
         <input_file_ref idref="fl-4"/>
      </object_component>
      <object_component id="oc-1b3">
         <name>.debug_info</name>
         <load_address>0x7c8e</load_address>
         <run_address>0x7c8e</run_address>
         <size>0x42f</size>
         <input_file_ref idref="fl-4"/>
      </object_component>
      <object_component id="oc-1b9">
         <name>.debug_info</name>
         <load_address>0x80bd</load_address>
         <run_address>0x80bd</run_address>
         <size>0x2f5</size>
         <input_file_ref idref="fl-4"/>
      </object_component>
      <object_component id="oc-1bf">
         <name>.debug_info</name>
         <load_address>0x83b2</load_address>
         <run_address>0x83b2</run_address>
         <size>0x2f5</size>
         <input_file_ref idref="fl-4"/>
      </object_component>
      <object_component id="oc-1c5">
         <name>.debug_info</name>
         <load_address>0x86a7</load_address>
         <run_address>0x86a7</run_address>
         <size>0x326</size>
         <input_file_ref idref="fl-4"/>
      </object_component>
      <object_component id="oc-1cb">
         <name>.debug_info</name>
         <load_address>0x89cd</load_address>
         <run_address>0x89cd</run_address>
         <size>0x243</size>
         <input_file_ref idref="fl-4"/>
      </object_component>
      <object_component id="oc-1d1">
         <name>.debug_info</name>
         <load_address>0x8c10</load_address>
         <run_address>0x8c10</run_address>
         <size>0x1fe</size>
         <input_file_ref idref="fl-4"/>
      </object_component>
      <object_component id="oc-1d7">
         <name>.debug_info</name>
         <load_address>0x8e0e</load_address>
         <run_address>0x8e0e</run_address>
         <size>0x26e</size>
         <input_file_ref idref="fl-4"/>
      </object_component>
      <object_component id="oc-218">
         <name>.debug_info</name>
         <load_address>0x907c</load_address>
         <run_address>0x907c</run_address>
         <size>0x37cd</size>
         <input_file_ref idref="fl-4"/>
      </object_component>
      <object_component id="oc-251">
         <name>.debug_info</name>
         <load_address>0xc849</load_address>
         <run_address>0xc849</run_address>
         <size>0x8b0</size>
         <input_file_ref idref="fl-5"/>
      </object_component>
      <object_component id="oc-205">
         <name>.debug_info</name>
         <load_address>0xd0f9</load_address>
         <run_address>0xd0f9</run_address>
         <size>0x14e</size>
         <input_file_ref idref="fl-5"/>
      </object_component>
      <object_component id="oc-165">
         <name>.debug_info</name>
         <load_address>0xd247</load_address>
         <run_address>0xd247</run_address>
         <size>0x2a5</size>
         <input_file_ref idref="fl-5"/>
      </object_component>
      <object_component id="oc-16b">
         <name>.debug_info</name>
         <load_address>0xd4ec</load_address>
         <run_address>0xd4ec</run_address>
         <size>0x26e</size>
         <input_file_ref idref="fl-5"/>
      </object_component>
      <object_component id="oc-17d">
         <name>.debug_info</name>
         <load_address>0xd75a</load_address>
         <run_address>0xd75a</run_address>
         <size>0x265</size>
         <input_file_ref idref="fl-5"/>
      </object_component>
      <object_component id="oc-183">
         <name>.debug_info</name>
         <load_address>0xd9bf</load_address>
         <run_address>0xd9bf</run_address>
         <size>0x218</size>
         <input_file_ref idref="fl-5"/>
      </object_component>
      <object_component id="oc-89">
         <name>.debug_info</name>
         <load_address>0xdbd7</load_address>
         <run_address>0xdbd7</run_address>
         <size>0x306</size>
         <input_file_ref idref="fl-6"/>
      </object_component>
      <object_component id="oc-2d">
         <name>.debug_info</name>
         <load_address>0xdedd</load_address>
         <run_address>0xdedd</run_address>
         <size>0x144</size>
         <input_file_ref idref="fl-6"/>
      </object_component>
      <object_component id="oc-76">
         <name>.debug_info</name>
         <load_address>0xe021</load_address>
         <run_address>0xe021</run_address>
         <size>0x1a7</size>
         <input_file_ref idref="fl-6"/>
      </object_component>
      <object_component id="oc-7c">
         <name>.debug_info</name>
         <load_address>0xe1c8</load_address>
         <run_address>0xe1c8</run_address>
         <size>0x18f</size>
         <input_file_ref idref="fl-6"/>
      </object_component>
      <object_component id="oc-19a">
         <name>.debug_info</name>
         <load_address>0xe357</load_address>
         <run_address>0xe357</run_address>
         <size>0x53e</size>
         <input_file_ref idref="fl-a9"/>
      </object_component>
      <object_component id="oc-109">
         <name>.debug_info</name>
         <load_address>0xe895</load_address>
         <run_address>0xe895</run_address>
         <size>0x19b</size>
         <input_file_ref idref="fl-a9"/>
      </object_component>
      <object_component id="oc-21f">
         <name>.debug_info</name>
         <load_address>0xea30</load_address>
         <run_address>0xea30</run_address>
         <size>0x439</size>
         <input_file_ref idref="fl-a9"/>
      </object_component>
      <object_component id="oc-1ea">
         <name>.debug_info</name>
         <load_address>0xee69</load_address>
         <run_address>0xee69</run_address>
         <size>0x3b5</size>
         <input_file_ref idref="fl-aa"/>
      </object_component>
      <object_component id="oc-150">
         <name>.debug_info</name>
         <load_address>0xf21e</load_address>
         <run_address>0xf21e</run_address>
         <size>0x188</size>
         <input_file_ref idref="fl-aa"/>
      </object_component>
      <object_component id="oc-1e4">
         <name>.debug_info</name>
         <load_address>0xf3a6</load_address>
         <run_address>0xf3a6</run_address>
         <size>0x6c2</size>
         <input_file_ref idref="fl-ab"/>
      </object_component>
      <object_component id="oc-135">
         <name>.debug_info</name>
         <load_address>0xfa68</load_address>
         <run_address>0xfa68</run_address>
         <size>0xde</size>
         <input_file_ref idref="fl-ab"/>
      </object_component>
      <object_component id="oc-12f">
         <name>.debug_info</name>
         <load_address>0xfb46</load_address>
         <run_address>0xfb46</run_address>
         <size>0x243</size>
         <input_file_ref idref="fl-ab"/>
      </object_component>
      <object_component id="oc-cc">
         <name>.debug_info</name>
         <load_address>0xfd89</load_address>
         <run_address>0xfd89</run_address>
         <size>0x1a7</size>
         <input_file_ref idref="fl-ab"/>
      </object_component>
      <object_component id="oc-231">
         <name>.debug_info</name>
         <load_address>0xff30</load_address>
         <run_address>0xff30</run_address>
         <size>0x4305</size>
         <input_file_ref idref="fl-ab"/>
      </object_component>
      <object_component id="oc-211">
         <name>.debug_info</name>
         <load_address>0x14235</load_address>
         <run_address>0x14235</run_address>
         <size>0x6b3</size>
         <input_file_ref idref="fl-ac"/>
      </object_component>
      <object_component id="oc-20e">
         <name>.debug_info</name>
         <load_address>0x148e8</load_address>
         <run_address>0x148e8</run_address>
         <size>0xef</size>
         <input_file_ref idref="fl-ac"/>
      </object_component>
      <object_component id="oc-171">
         <name>.debug_info</name>
         <load_address>0x149d7</load_address>
         <run_address>0x149d7</run_address>
         <size>0x1f0</size>
         <input_file_ref idref="fl-ac"/>
      </object_component>
      <object_component id="oc-177">
         <name>.debug_info</name>
         <load_address>0x14bc7</load_address>
         <run_address>0x14bc7</run_address>
         <size>0x1f2</size>
         <input_file_ref idref="fl-ac"/>
      </object_component>
      <object_component id="oc-1ec">
         <name>.debug_info</name>
         <load_address>0x14db9</load_address>
         <run_address>0x14db9</run_address>
         <size>0x24a</size>
         <input_file_ref idref="fl-ac"/>
      </object_component>
      <object_component id="oc-1f2">
         <name>.debug_info</name>
         <load_address>0x15003</load_address>
         <run_address>0x15003</run_address>
         <size>0x1ea</size>
         <input_file_ref idref="fl-ac"/>
      </object_component>
      <object_component id="oc-241">
         <name>.debug_info</name>
         <load_address>0x151ed</load_address>
         <run_address>0x151ed</run_address>
         <size>0x6c0</size>
         <input_file_ref idref="fl-ae"/>
      </object_component>
      <object_component id="oc-23e">
         <name>.debug_info</name>
         <load_address>0x158ad</load_address>
         <run_address>0x158ad</run_address>
         <size>0x180</size>
         <input_file_ref idref="fl-ae"/>
      </object_component>
      <object_component id="oc-1fa">
         <name>.debug_info</name>
         <load_address>0x15a2d</load_address>
         <run_address>0x15a2d</run_address>
         <size>0x1e9</size>
         <input_file_ref idref="fl-ae"/>
      </object_component>
      <object_component id="oc-244">
         <name>.debug_info</name>
         <load_address>0x15c16</load_address>
         <run_address>0x15c16</run_address>
         <size>0x1a2</size>
         <input_file_ref idref="fl-ae"/>
      </object_component>
      <object_component id="oc-24a">
         <name>.debug_info</name>
         <load_address>0x15db8</load_address>
         <run_address>0x15db8</run_address>
         <size>0x1a2</size>
         <input_file_ref idref="fl-ae"/>
      </object_component>
      <object_component id="oc-200">
         <name>.debug_info</name>
         <load_address>0x15f5a</load_address>
         <run_address>0x15f5a</run_address>
         <size>0x1f4</size>
         <input_file_ref idref="fl-ae"/>
      </object_component>
      <object_component id="oc-27">
         <name>.debug_info</name>
         <load_address>0x1614e</load_address>
         <run_address>0x1614e</run_address>
         <size>0x160</size>
         <input_file_ref idref="fl-165"/>
      </object_component>
      <object_component id="oc-8f">
         <name>.debug_info</name>
         <load_address>0x162ae</load_address>
         <run_address>0x162ae</run_address>
         <size>0x293</size>
         <input_file_ref idref="fl-166"/>
      </object_component>
      <object_component id="oc-18">
         <name>.debug_info</name>
         <load_address>0x16541</load_address>
         <run_address>0x16541</run_address>
         <size>0x245</size>
         <input_file_ref idref="fl-166"/>
      </object_component>
      <object_component id="oc-31">
         <name>.debug_info</name>
         <load_address>0x16786</load_address>
         <run_address>0x16786</run_address>
         <size>0x60</size>
         <input_file_ref idref="fl-166"/>
      </object_component>
      <object_component id="oc-8a">
         <name>.debug_info</name>
         <load_address>0x167e6</load_address>
         <run_address>0x167e6</run_address>
         <size>0x46</size>
         <input_file_ref idref="fl-166"/>
      </object_component>
      <object_component id="oc-46">
         <name>.debug_info</name>
         <load_address>0x1682c</load_address>
         <run_address>0x1682c</run_address>
         <size>0x2da</size>
         <input_file_ref idref="fl-167"/>
      </object_component>
      <object_component id="oc-1e">
         <name>.debug_info</name>
         <load_address>0x16b06</load_address>
         <run_address>0x16b06</run_address>
         <size>0x1df</size>
         <input_file_ref idref="fl-167"/>
      </object_component>
      <object_component id="oc-41">
         <name>.debug_info</name>
         <load_address>0x16ce5</load_address>
         <run_address>0x16ce5</run_address>
         <size>0x46</size>
         <input_file_ref idref="fl-167"/>
      </object_component>
      <object_component id="oc-91">
         <name>.debug_info</name>
         <load_address>0x16d2b</load_address>
         <run_address>0x16d2b</run_address>
         <size>0x2c</size>
         <input_file_ref idref="fl-167"/>
      </object_component>
      <object_component id="oc-52">
         <name>.debug_info</name>
         <load_address>0x16d57</load_address>
         <run_address>0x16d57</run_address>
         <size>0x2c9</size>
         <input_file_ref idref="fl-168"/>
      </object_component>
      <object_component id="oc-24">
         <name>.debug_info</name>
         <load_address>0x17020</load_address>
         <run_address>0x17020</run_address>
         <size>0x1aa</size>
         <input_file_ref idref="fl-168"/>
      </object_component>
      <object_component id="oc-4d">
         <name>.debug_info</name>
         <load_address>0x171ca</load_address>
         <run_address>0x171ca</run_address>
         <size>0x46</size>
         <input_file_ref idref="fl-168"/>
      </object_component>
      <object_component id="oc-99">
         <name>.debug_info</name>
         <load_address>0x17210</load_address>
         <run_address>0x17210</run_address>
         <size>0x2c</size>
         <input_file_ref idref="fl-168"/>
      </object_component>
      <object_component id="oc-bf">
         <name>.debug_info</name>
         <load_address>0x1723c</load_address>
         <run_address>0x1723c</run_address>
         <size>0x3ce</size>
         <input_file_ref idref="fl-169"/>
      </object_component>
      <object_component id="oc-b9">
         <name>.debug_info</name>
         <load_address>0x1760a</load_address>
         <run_address>0x1760a</run_address>
         <size>0x185</size>
         <input_file_ref idref="fl-169"/>
      </object_component>
      <object_component id="oc-6f">
         <name>.debug_info</name>
         <load_address>0x1778f</load_address>
         <run_address>0x1778f</run_address>
         <size>0x214</size>
         <input_file_ref idref="fl-169"/>
      </object_component>
      <object_component id="oc-144">
         <name>.debug_info</name>
         <load_address>0x179a3</load_address>
         <run_address>0x179a3</run_address>
         <size>0x144</size>
         <input_file_ref idref="fl-16a"/>
      </object_component>
      <object_component id="oc-13f">
         <name>.debug_info</name>
         <load_address>0x17ae7</load_address>
         <run_address>0x17ae7</run_address>
         <size>0x132</size>
         <input_file_ref idref="fl-16b"/>
      </object_component>
      <object_component id="oc-14a">
         <name>.debug_info</name>
         <load_address>0x17c19</load_address>
         <run_address>0x17c19</run_address>
         <size>0x131</size>
         <input_file_ref idref="fl-16c"/>
      </object_component>
      <object_component id="oc-3e">
         <name>.debug_info</name>
         <load_address>0x17d4a</load_address>
         <run_address>0x17d4a</run_address>
         <size>0x111</size>
         <input_file_ref idref="fl-16d"/>
      </object_component>
      <object_component id="oc-49">
         <name>.debug_info</name>
         <load_address>0x17e5b</load_address>
         <run_address>0x17e5b</run_address>
         <size>0x13f</size>
         <input_file_ref idref="fl-16e"/>
      </object_component>
      <object_component id="oc-54">
         <name>.debug_info</name>
         <load_address>0x17f9a</load_address>
         <run_address>0x17f9a</run_address>
         <size>0x138</size>
         <input_file_ref idref="fl-16f"/>
[...]
      </handler>
   </handler_table>
   <symbol_table>
      <symbol id="sm-1">
         <name>WDTCTL_SYM</name>
         <value>0x4000480c</value>
      </symbol>
      <symbol id="sm-2">
         <name>__TI_CINIT_Base</name>
         <value>0x15d8</value>
      </symbol>
      <symbol id="sm-3">
         <name>__TI_CINIT_Limit</name>
         <value>0x15e8</value>
      </symbol>
      <symbol id="sm-4">
         <name>__TI_Handler_Table_Base</name>
         <value>0x15c4</value>
      </symbol>
      <symbol id="sm-5">
         <name>__TI_Handler_Table_Limit</name>
         <value>0x15d0</value>
      </symbol>
      <symbol id="sm-6">
         <name>binit</name>
         <value>0xffffffff</value>
      </symbol>
      <symbol id="sm-7">
         <name>__binit__</name>
         <value>0xffffffff</value>
      </symbol>
      <symbol id="sm-8">
         <name>__STACK_SIZE</name>
         <value>0x200</value>
      </symbol>
      <symbol id="sm-9">
         <name>__STACK_END</name>
         <value>0x20010000</value>
      </symbol>
      <symbol id="sm-a">
         <name>__c_args__</name>
         <value>0xffffffff</value>
      </symbol>
      <symbol id="sm-b">
         <name>__TI_pprof_out_hndl</name>
         <value>0xffffffff</value>
      </symbol>
      <symbol id="sm-c">
         <name>__TI_prof_data_start</name>
         <value>0xffffffff</value>
      </symbol>
      <symbol id="sm-d">
         <name>__TI_prof_data_size</name>
         <value>0xffffffff</value>
      </symbol>
      <symbol id="sm-92">
         <name>g_sContext</name>
         <value>0x20000000</value>
      </symbol>
      <symbol id="sm-93">
         <name>g_sDisplay</name>
         <value>0x2000001c</value>
      </symbol>
      <symbol id="sm-94">
         <name>values_rectangle_heaven</name>
         <value>0x2000003c</value>
      </symbol>
      <symbol id="sm-95">
         <name>values_rectangle_earth</name>
         <value>0x20000034</value>
      </symbol>
      <symbol id="sm-96">
         <name>drawTitle</name>
         <value>0xab9</value>
         <object_component_ref idref="oc-d1"/>
      </symbol>
      <symbol id="sm-97">
         <name>drawAccelData</name>
         <value>0xd8b</value>
         <object_component_ref idref="oc-d7"/>
      </symbol>
      <symbol id="sm-98">
         <name>main</name>
         <value>0x475</value>
         <object_component_ref idref="oc-b0"/>
      </symbol>
      <symbol id="sm-99">
         <name>ADC14_IRQHandler</name>
         <value>0xedd</value>
         <object_component_ref idref="oc-81"/>
      </symbol>
      <symbol id="sm-b1">
         <name>SystemInit</name>
         <value>0xd8d</value>
         <object_component_ref idref="oc-c3"/>
      </symbol>
      <symbol id="sm-15f">
         <name>Lcd_Orientation</name>
         <value>0x2000004c</value>
      </symbol>
      <symbol id="sm-160">
         <name>Lcd_ScreenWidth</name>
         <value>0x20000046</value>
      </symbol>
      <symbol id="sm-161">
         <name>Lcd_ScreenHeigth</name>
         <value>0x20000044</value>
      </symbol>
      <symbol id="sm-162">
         <name>Lcd_PenSolid</name>
         <value>0x2000004d</value>
      </symbol>
      <symbol id="sm-163">
         <name>Lcd_FontSolid</name>
         <value>0x2000004b</value>
      </symbol>
      <symbol id="sm-164">
         <name>Lcd_FlagRead</name>
         <value>0x2000004a</value>
      </symbol>
      <symbol id="sm-165">
         <name>Lcd_TouchTrim</name>
         <value>0x20000048</value>
      </symbol>
      <symbol id="sm-166">
         <name>Crystalfontz128x128_SetDrawFrame</name>
         <value>0x75d</value>
         <object_component_ref idref="oc-188"/>
      </symbol>
      <symbol id="sm-167">
         <name>Crystalfontz128x128_SetOrientation</name>
         <value>0x1001</value>
         <object_component_ref idref="oc-ff"/>
      </symbol>
      <symbol id="sm-168">
         <name>g_sCrystalfontz128x128_funcs</name>
         <value>0x156c</value>
         <object_component_ref idref="oc-10f"/>
      </symbol>
      <symbol id="sm-169">
         <name>Crystalfontz128x128_Init</name>
         <value>0x891</value>
         <object_component_ref idref="oc-f9"/>
      </symbol>
      <symbol id="sm-1a2">
         <name>HAL_LCD_writeData</name>
         <value>0x131d</value>
         <object_component_ref idref="oc-182"/>
      </symbol>
      <symbol id="sm-1a3">
         <name>HAL_LCD_SpiInit</name>
         <value>0x1219</value>
         <object_component_ref idref="oc-16a"/>
      </symbol>
      <symbol id="sm-1a4">
         <name>HAL_LCD_PortInit</name>
         <value>0x1291</value>
         <object_component_ref idref="oc-164"/>
      </symbol>
      <symbol id="sm-1a5">
         <name>HAL_LCD_writeCommand</name>
         <value>0x1259</value>
         <object_component_ref idref="oc-17c"/>
      </symbol>
      <symbol id="sm-1c1">
         <name>Reset_Handler</name>
         <value>0x1487</value>
         <object_component_ref idref="oc-75"/>
      </symbol>
      <symbol id="sm-1c2">
         <name>Default_Handler</name>
         <value>0x473</value>
         <object_component_ref idref="oc-7b"/>
      </symbol>
      <symbol id="sm-1c3">
         <name>interruptVectors</name>
         <value>0x0</value>
         <object_component_ref idref="oc-2c"/>
      </symbol>
      <symbol id="sm-26e">
         <name>Graphics_initContext</name>
         <value>0x1395</value>
         <object_component_ref idref="oc-105"/>
      </symbol>
      <symbol id="sm-27b">
         <name>Graphics_fillRectangleOnDisplay</name>
         <value>0x14a9</value>
         <object_component_ref idref="oc-14c"/>
      </symbol>
      <symbol id="sm-2c5">
         <name>ADC14_getResult</name>
         <value>0x13f1</value>
         <object_component_ref idref="oc-cb"/>
      </symbol>
      <symbol id="sm-2fe">
         <name>GPIO_setOutputHighOnPin</name>
         <value>0x1439</value>
         <object_component_ref idref="oc-176"/>
      </symbol>
      <symbol id="sm-2ff">
         <name>GPIO_setAsOutputPin</name>
         <value>0x1371</value>
         <object_component_ref idref="oc-1f1"/>
      </symbol>
      <symbol id="sm-300">
         <name>GPIO_setOutputLowOnPin</name>
         <value>0x1409</value>
         <object_component_ref idref="oc-170"/>
      </symbol>
      <symbol id="sm-301">
         <name>GPIO_setAsPeripheralModuleFunctionOutputPin</name>
         <value>0x10fd</value>
         <object_component_ref idref="oc-1eb"/>
      </symbol>
      <symbol id="sm-338">
         <name>EUSCI_B_SPI_enable</name>
         <value>0x147b</value>
         <object_component_ref idref="oc-242"/>
      </symbol>
      <symbol id="sm-339">
         <name>SPI_enableModule</name>
         <value>0x13d7</value>
         <object_component_ref idref="oc-1fe"/>
      </symbol>
      <symbol id="sm-33a">
         <name>EUSCI_A_SPI_enable</name>
         <value>0x146f</value>
         <object_component_ref idref="oc-248"/>
      </symbol>
      <symbol id="sm-33b">
         <name>SPI_initMaster</name>
         <value>0xc95</value>
         <object_component_ref idref="oc-1f8"/>
      </symbol>
      <symbol id="sm-34d">
         <name>_c_int00</name>
         <value>0x1055</value>
         <object_component_ref idref="oc-26"/>
      </symbol>
      <symbol id="sm-34e">
         <name>__stack</name>
         <value>0x2000fe00</value>
         <object_component_ref idref="oc-2f"/>
      </symbol>
      <symbol id="sm-36c">
         <name>__TI_decompress_lzss</name>
         <value>0xe75</value>
         <object_component_ref idref="oc-14"/>
      </symbol>
      <symbol id="sm-383">
         <name>__TI_decompress_none</name>
         <value>0x1461</value>
         <object_component_ref idref="oc-1a"/>
      </symbol>
      <symbol id="sm-39a">
         <name>__TI_zero_init</name>
         <value>0x1493</value>
         <object_component_ref idref="oc-20"/>
      </symbol>
      <symbol id="sm-3bb">
         <name>C$$EXIT</name>
         <value>0x10a9</value>
         <object_component_ref idref="oc-6b"/>
      </symbol>
      <symbol id="sm-3bc">
         <name>abort</name>
         <value>0x10ad</value>
         <object_component_ref idref="oc-6b"/>
      </symbol>
      <symbol id="sm-3bd">
         <name>exit</name>
         <value>0x10b5</value>
         <object_component_ref idref="oc-6b"/>
      </symbol>
      <symbol id="sm-3be">
         <name>__TI_dtors_ptr</name>
         <value>0x20000054</value>
         <object_component_ref idref="oc-b8"/>
      </symbol>
      <symbol id="sm-3bf">
         <name>__TI_cleanup_ptr</name>
         <value>0x20000050</value>
         <object_component_ref idref="oc-b8"/>
      </symbol>
      <symbol id="sm-3c0">
         <name>__TI_enable_exit_profile_output</name>
         <value>0x20000058</value>
         <object_component_ref idref="oc-b8"/>
      </symbol>
      <symbol id="sm-3d7">
         <name>__aeabi_dsub</name>
         <value>0x2bd</value>
         <object_component_ref idref="oc-142"/>
      </symbol>
      <symbol id="sm-3d8">
         <name>__aeabi_dadd</name>
         <value>0x2c7</value>
         <object_component_ref idref="oc-142"/>
      </symbol>
      <symbol id="sm-3e3">
         <name>__aeabi_dmul</name>
         <value>0x9bd</value>
         <object_component_ref idref="oc-13d"/>
      </symbol>
      <symbol id="sm-3ed">
         <name>__aeabi_d2uiz</name>
         <value>0x1195</value>
         <object_component_ref idref="oc-147"/>
      </symbol>
      <symbol id="sm-408">
         <name>memcpy</name>
         <value>0xbf9</value>
         <object_component_ref idref="oc-3b"/>
      </symbol>
      <symbol id="sm-409">
         <name>__aeabi_memcpy</name>
         <value>0xbf9</value>
         <object_component_ref idref="oc-3b"/>
      </symbol>
      <symbol id="sm-40a">
         <name>__aeabi_memcpy8</name>
         <value>0xbf9</value>
         <object_component_ref idref="oc-3b"/>
      </symbol>
      <symbol id="sm-40b">
         <name>__aeabi_memcpy4</name>
         <value>0xbf9</value>
         <object_component_ref idref="oc-3b"/>
      </symbol>
      <symbol id="sm-41a">
         <name>__aeabi_memset</name>
         <value>0xd13</value>
         <object_component_ref idref="oc-47"/>
      </symbol>
      <symbol id="sm-41b">
         <name>memset</name>
         <value>0xd19</value>
         <object_component_ref idref="oc-47"/>
      </symbol>
      <symbol id="sm-41c">
         <name>__aeabi_memset8</name>
         <value>0xd13</value>
         <object_component_ref idref="oc-47"/>
      </symbol>
      <symbol id="sm-41d">
         <name>__aeabi_memset4</name>
         <value>0xd13</value>
         <object_component_ref idref="oc-47"/>
      </symbol>
      <symbol id="sm-41e">
         <name>__aeabi_memclr8</name>
         <value>0xd11</value>
         <object_component_ref idref="oc-47"/>
      </symbol>
      <symbol id="sm-41f">
         <name>__aeabi_memclr4</name>
         <value>0xd11</value>
         <object_component_ref idref="oc-47"/>
      </symbol>
      <symbol id="sm-420">
         <name>__aeabi_memclr</name>
         <value>0xd11</value>
         <object_component_ref idref="oc-47"/>
      </symbol>
      <symbol id="sm-42a">
         <name>__mpu_init</name>
         <value>0x14b7</value>
         <object_component_ref idref="oc-53"/>
      </symbol>
      <symbol id="sm-434">
         <name>_system_pre_init</name>
         <value>0x14b3</value>
         <object_component_ref idref="oc-59"/>
      </symbol>
      <symbol id="sm-43c">
         <name>main_func_sp</name>
         <value>0x20000064</value>
         <object_component_ref idref="oc-71"/>
      </symbol>
      <symbol id="sm-446">
         <name>__aeabi_ui2d</name>
         <value>0x13b7</value>
         <object_component_ref idref="oc-138"/>
      </symbol>
      <symbol id="sm-45f">
         <name>_nop</name>
         <value>0x145b</value>
         <object_component_ref idref="oc-121"/>
      </symbol>
      <symbol id="sm-460">
         <name>_lock</name>
         <value>0x2000005c</value>
         <object_component_ref idref="oc-bb"/>
      </symbol>
      <symbol id="sm-461">
         <name>_unlock</name>
         <value>0x20000060</value>
         <object_component_ref idref="oc-bb"/>
      </symbol>
      <symbol id="sm-462">
         <name>_register_lock</name>
         <value>0x1453</value>
         <object_component_ref idref="oc-121"/>
      </symbol>
      <symbol id="sm-463">
         <name>_register_unlock</name>
         <value>0x144d</value>
         <object_component_ref idref="oc-121"/>
      </symbol>
      <symbol id="sm-477">
         <name>_args_main</name>
         <value>0x1421</value>
         <object_component_ref idref="oc-65"/>
      </symbol>
      <symbol id="sm-4a1">
         <name>__TI_auto_init</name>
         <value>0xe05</value>
         <object_component_ref idref="oc-5f"/>
      </symbol>
      <symbol id="sm-4bb">
         <name>copy_in</name>
         <value>0x1149</value>
         <object_component_ref idref="oc-a2"/>
      </symbol>
      <symbol id="sm-4c5">
         <name>_system_post_cinit</name>
         <value>0x14b9</value>
         <object_component_ref idref="oc-a8"/>
      </symbol>
      <symbol id="sm-4c6">
         <name>__TI_static_base__</name>
         <value>0x0</value>
      </symbol>
      <symbol id="sm-4c9">
         <name>SHT$$INIT_ARRAY$$Limit</name>
         <value>0x0</value>
      </symbol>
      <symbol id="sm-4ca">
         <name>SHT$$INIT_ARRAY$$Base</name>
         <value>0x0</value>
      </symbol>
      <symbol id="sm-4cb">
         <name>NMI_Handler</name>
         <value>0x473</value>
      </symbol>
      <symbol id="sm-4cc">
         <name>HardFault_Handler</name>
         <value>0x473</value>
      </symbol>
      <symbol id="sm-4cd">
         <name>MemManage_Handler</name>
         <value>0x473</value>
      </symbol>
      <symbol id="sm-4ce">
         <name>BusFault_Handler</name>
         <value>0x473</value>
      </symbol>
      <symbol id="sm-4cf">
         <name>UsageFault_Handler</name>
         <value>0x473</value>
      </symbol>
      <symbol id="sm-4d0">
         <name>SVC_Handler</name>
         <value>0x473</value>
      </symbol>
      <symbol id="sm-4d1">
         <name>DebugMon_Handler</name>
         <value>0x473</value>
      </symbol>
      <symbol id="sm-4d2">
         <name>PendSV_Handler</name>
         <value>0x473</value>
      </symbol>
      <symbol id="sm-4d3">
         <name>SysTick_Handler</name>
         <value>0x473</value>
      </symbol>
      <symbol id="sm-4d4">
         <name>PSS_IRQHandler</name>
         <value>0x473</value>
      </symbol>
      <symbol id="sm-4d5">
         <name>CS_IRQHandler</name>
         <value>0x473</value>
      </symbol>
      <symbol id="sm-4d6">
         <name>PCM_IRQHandler</name>
         <value>0x473</value>
      </symbol>
      <symbol id="sm-4d7">
         <name>WDT_A_IRQHandler</name>
         <value>0x473</value>
      </symbol>
      <symbol id="sm-4d8">
         <name>FPU_IRQHandler</name>
         <value>0x473</value>
      </symbol>
      <symbol id="sm-4d9">
         <name>FLCTL_IRQHandler</name>
         <value>0x473</value>
      </symbol>
      <symbol id="sm-4da">
         <name>COMP_E0_IRQHandler</name>
         <value>0x473</value>
      </symbol>
      <symbol id="sm-4db">
         <name>COMP_E1_IRQHandler</name>
         <value>0x473</value>
      </symbol>
      <symbol id="sm-4dc">
         <name>TA0_0_IRQHandler</name>
         <value>0x473</value>
      </symbol>
      <symbol id="sm-4dd">
         <name>TA0_N_IRQHandler</name>
         <value>0x473</value>
      </symbol>
      <symbol id="sm-4de">
         <name>TA1_0_IRQHandler</name>
         <value>0x473</value>
      </symbol>
      <symbol id="sm-4df">
         <name>TA1_N_IRQHandler</name>
         <value>0x473</value>
      </symbol>
      <symbol id="sm-4e0">
         <name>TA2_0_IRQHandler</name>
         <value>0x473</value>
      </symbol>
      <symbol id="sm-4e1">
         <name>TA2_N_IRQHandler</name>
         <value>0x473</value>
      </symbol>
      <symbol id="sm-4e2">
         <name>TA3_0_IRQHandler</name>
         <value>0x473</value>
      </symbol>
      <symbol id="sm-4e3">
         <name>TA3_N_IRQHandler</name>
         <value>0x473</value>
      </symbol>
      <symbol id="sm-4e4">
         <name>EUSCIA0_IRQHandler</name>
         <value>0x473</value>
      </symbol>
      <symbol id="sm-4e5">
         <name>EUSCIA1_IRQHandler</name>
         <value>0x473</value>
      </symbol>
      <symbol id="sm-4e6">
         <name>EUSCIA2_IRQHandler</name>
         <value>0x473</value>
      </symbol>
      <symbol id="sm-4e7">
         <name>EUSCIA3_IRQHandler</name>
         <value>0x473</value>
      </symbol>
      <symbol id="sm-4e8">
         <name>EUSCIB0_IRQHandler</name>
         <value>0x473</value>
      </symbol>
      <symbol id="sm-4e9">
         <name>EUSCIB1_IRQHandler</name>
         <value>0x473</value>
      </symbol>
      <symbol id="sm-4ea">
         <name>EUSCIB2_IRQHandler</name>
         <value>0x473</value>
      </symbol>
      <symbol id="sm-4eb">
         <name>EUSCIB3_IRQHandler</name>
         <value>0x473</value>
      </symbol>
      <symbol id="sm-4ec">
         <name>ADC14_IRQHandler</name>
         <value>0xedd</value>
      </symbol>
      <symbol id="sm-4ed">
         <name>T32_INT1_IRQHandler</name>
         <value>0x473</value>
      </symbol>
      <symbol id="sm-4ee">
         <name>T32_INT2_IRQHandler</name>
         <value>0x473</value>
      </symbol>
      <symbol id="sm-4ef">
         <name>T32_INTC_IRQHandler</name>
         <value>0x473</value>
      </symbol>
      <symbol id="sm-4f0">
         <name>AES256_IRQHandler</name>
         <value>0x473</value>
      </symbol>
      <symbol id="sm-4f1">
         <name>RTC_C_IRQHandler</name>
         <value>0x473</value>
      </symbol>
      <symbol id="sm-4f2">
         <name>DMA_ERR_IRQHandler</name>
         <value>0x473</value>
      </symbol>
      <symbol id="sm-4f3">
         <name>DMA_INT3_IRQHandler</name>
         <value>0x473</value>
      </symbol>
      <symbol id="sm-4f4">
         <name>DMA_INT2_IRQHandler</name>
         <value>0x473</value>
      </symbol>
      <symbol id="sm-4f5">
         <name>DMA_INT1_IRQHandler</name>
         <value>0x473</value>
      </symbol>
      <symbol id="sm-4f6">
         <name>DMA_INT0_IRQHandler</name>
         <value>0x473</value>
      </symbol>
      <symbol id="sm-4f7">
         <name>PORT1_IRQHandler</name>
         <value>0x473</value>
      </symbol>
      <symbol id="sm-4f8">
         <name>PORT2_IRQHandler</name>
         <value>0x473</value>
      </symbol>
      <symbol id="sm-4f9">
         <name>PORT3_IRQHandler</name>
         <value>0x473</value>
      </symbol>
      <symbol id="sm-4fa">
         <name>PORT4_IRQHandler</name>
         <value>0x473</value>
      </symbol>
      <symbol id="sm-4fb">
         <name>PORT5_IRQHandler</name>
         <value>0x473</value>
      </symbol>
      <symbol id="sm-4fc">
         <name>PORT6_IRQHandler</name>
         <value>0x473</value>
      </symbol>
   </symbol_table>
   <title>Link successful</title>
</link_info>
