******************************************************************************
                  TI ARM Linker PC v16.9.3                     
******************************************************************************
>> Linked Mon Dec 11 21:33:09 2017

OUTPUT FILE NAME:   <boostxl_edumkii_joystick_msp432p401r_MSP_EXP432P401R_nortos_ccs.out>
ENTRY POINT SYMBOL: "_c_int00"  address: 00003299


MEMORY CONFIGURATION

         name            origin    length      used     unused   attr    fill
----------------------  --------  ---------  --------  --------  ----  --------
  MAIN                  00000000   00040000  000041ca  0003be36  R  X
  INFO                  00200000   00004000  00000000  00004000  R  X
  SRAM_CODE             01000000   00010000  00002286  0000dd7a  RW X
  SRAM_DATA             20000000   00010000  00002286  0000dd7a  RW  


SEGMENT ALLOCATION MAP

run origin  load origin   length   init length attrs members
----------  ----------- ---------- ----------- ----- -------
00000000    00000000    000041d0   000041d0    r-x
  00000000    00000000    000000e4   000000e4    r-- .intvecs
  000000e4    000000e4    00003ad6   00003ad6    r-x .text
  00003bbc    00003bbc    000005b8   000005b8    r-- .const
  00004178    00004178    00000058   00000058    r-- .cinit
20000000    20000000    00002086   00000000    rw-
  20000000    20000000    00002048   00000000    rw- .data
  20002048    20002048    0000003e   00000000    rw- .bss
2000fe00    2000fe00    00000200   00000000    rw-
  2000fe00    2000fe00    00000200   00000000    rw- .stack


SECTION ALLOCATION MAP

 output                                  attributes/
section   page    origin      length       input sections
--------  ----  ----------  ----------   ----------------
.intvecs   0    00000000    000000e4     
                  00000000    000000e4     startup_msp432p401r_ccs.obj (.intvecs:retain)

.binit     0    00000000    00000000     

.text      0    000000e4    00003ad6     
                  000000e4    0000113e     rtsv7M4_T_le_v4SPD16_eabi.lib : _printfi.obj (.text)
                  00001222    000002d0     grlib.lib : string.o (.text:Graphics_drawString)
                  000014f2    000001f4     rtsv7M4_T_le_v4SPD16_eabi.lib : ull_div_t2.obj (.text)
                  000016e6    000001d8     Crystalfontz128x128_ST7735.obj (.text:Crystalfontz128x128_PixelDrawMultiple)
                  000018be    000001b6     rtsv7M4_T_le_v4SPD16_eabi.lib : fd_add_t2.obj (.text)
                  00001a74    00000198     main.obj (.text:T32_INT1_IRQHandler)
                  00001c0c    0000015c     main.obj (.text:GAME_INIT)
                  00001d68    00000154     msp432p4xx_driverlib.lib : adc14_MSP432P4XX.obj (.text:_getIndexForMemRegister)
                  00001ebc    00000154     main.obj (.text:main)
                  00002010    00000136     rtsv7M4_T_le_v4SPD16_eabi.lib : fd_div_t2.obj (.text)
                  00002146    00000002     startup_msp432p401r_ccs.obj (.text:Default_Handler)
                  00002148    00000134     Crystalfontz128x128_ST7735.obj (.text:Crystalfontz128x128_SetDrawFrame)
                  0000227c    0000012c     Crystalfontz128x128_ST7735.obj (.text:Crystalfontz128x128_Init)
                  000023a8    00000100     main.obj (.text:BUTTONS_CONFIG)
                  000024a8    000000fc     rtsv7M4_T_le_v4SPD16_eabi.lib : fd_mul_t2.obj (.text)
                  000025a4    000000fc                                   : s_scalbn.obj (.text)
                  000026a0    000000e8     main.obj (.text:draw_text_initial_screen)
                  00002788    0000009c     Crystalfontz128x128_ST7735.obj (.text:Crystalfontz128x128_RectFill)
                  00002824    0000009c     main.obj (.text:draw_display_initial_screen)
                  000028c0    0000009c     rtsv7M4_T_le_v4SPD16_eabi.lib : memcpy_t2.obj (.text)
                  0000295c    00000098     main.obj (.text:PORT4_IRQHandler)
                  000029f4    00000086     rtsv7M4_T_le_v4SPD16_eabi.lib : fd_cmp_t2.obj (.text:__aeabi_cdcmple)
                  00002a7a    00000086                                   : fd_cmp_t2.obj (.text:__aeabi_cdrcmple)
                  00002b00    0000007c     msp432p4xx_driverlib.lib : spi_MSP432P4XX.obj (.text:SPI_initMaster)
                  00002b7c    0000007a     rtsv7M4_T_le_v4SPD16_eabi.lib : memset_t2.obj (.text)
                  00002bf6    00000002                                   : mpu_init.obj (.text)
                  00002bf8    00000078     system_msp432p401r.obj (.text:SystemInit)
                  00002c70    00000074     main.obj (.text:RECALCULATE_DIRECTION)
                  00002ce4    00000070     main.obj (.text:GENERATE_FEED)
                  00002d54    00000070     rtsv7M4_T_le_v4SPD16_eabi.lib : autoinit.obj (.text)
                  00002dc4    00000068     grlib.lib : string.o (.text:Graphics_getStringWidth)
                  00002e2c    00000068     rtsv7M4_T_le_v4SPD16_eabi.lib : copy_decompress_lzss.obj (.text:decompress:lzss)
                  00002e94    00000064     main.obj (.text:CHECK_VALID_FEED)
                  00002ef8    00000064     rtsv7M4_T_le_v4SPD16_eabi.lib : s_frexp.obj (.text)
                  00002f5c    00000060     Crystalfontz128x128_ST7735.obj (.text:Crystalfontz128x128_LineDrawH)
                  00002fbc    00000060     Crystalfontz128x128_ST7735.obj (.text:Crystalfontz128x128_LineDrawV)
                  0000301c    00000060     main.obj (.text:GAME_OVER)
                  0000307c    00000060     rtsv7M4_T_le_v4SPD16_eabi.lib : sprintf.obj (.text)
                  000030dc    0000005c     main.obj (.text:DRAW_ERASE_TAIL)
                  00003138    0000005c     main.obj (.text:DRAW_FEED_PIXEL)
                  00003194    0000005c     main.obj (.text:DRAW_SNAKE_PIXEL)
                  000031f0    00000054     main.obj (.text:ADC14_IRQHandler)
                  00003244    00000054     Crystalfontz128x128_ST7735.obj (.text:Crystalfontz128x128_SetOrientation)
                  00003298    00000054     rtsv7M4_T_le_v4SPD16_eabi.lib : boot.obj (.text)
                  000032ec    00000054                                   : exit.obj (.text)
                  00003340    00000054                                   : ltoa.obj (.text)
                  00003394    0000004c     msp432p4xx_driverlib.lib : gpio_MSP432P4XX.obj (.text:GPIO_setAsPeripheralModuleFunctionOutputPin)
                  000033e0    0000004c     rtsv7M4_T_le_v4SPD16_eabi.lib : atoi.obj (.text)
                  0000342c    0000004c                                   : cpy_tbl.obj (.text)
                  00003478    0000004c                                   : rand.obj (.text)
                  000034c4    0000004a     grlib.lib : line.o (.text:Graphics_drawLineH)
                  0000350e    00000002     rtsv7M4_T_le_v4SPD16_eabi.lib : startup.obj (.text)
                  00003510    00000048     main.obj (.text:DRAW_SNAKE)
                  00003558    00000048     main.obj (.text:T32_INT1_INIT)
                  000035a0    00000048     main.obj (.text:__NVIC_SetPriority)
                  000035e8    00000048     rtsv7M4_T_le_v4SPD16_eabi.lib : fd_toi_t2.obj (.text)
                  00003630    00000044     main.obj (.text:PORT3_IRQHandler)
                  00003674    00000044     main.obj (.text:PORT5_IRQHandler)
                  000036b8    00000040     Crystalfontz128x128_ST7735.obj (.text:Crystalfontz128x128_PixelDraw)
                  000036f8    00000040     HAL_MSP_EXP432P401R_Crystalfontz128x128_ST7735.obj (.text:HAL_LCD_SpiInit)
                  00003738    00000038     grlib.lib : string.o (.text:Graphics_drawStringCentered)
                  00003770    00000038     HAL_MSP_EXP432P401R_Crystalfontz128x128_ST7735.obj (.text:HAL_LCD_writeCommand)
                  000037a8    00000038     main.obj (.text:__NVIC_DisableIRQ)
                  000037e0    00000034     main.obj (.text:DEBOUNCE_3)
                  00003814    00000034     main.obj (.text:DEBOUNCE_4)
                  00003848    00000034     main.obj (.text:DEBOUNCE_5)
                  0000387c    00000030     HAL_MSP_EXP432P401R_Crystalfontz128x128_ST7735.obj (.text:HAL_LCD_PortInit)
                  000038ac    00000030     main.obj (.text:__NVIC_EnableIRQ)
                  000038dc    00000030     msp432p4xx_driverlib.lib : spi_MSP432P4XX.obj (.text:is_A_Module)
                  0000390c    0000002e     rtsv7M4_T_le_v4SPD16_eabi.lib : i_tofd_t2.obj (.text)
                  0000393a    00000002     --HOLE-- [fill = 0]
                  0000393c    0000002c     Crystalfontz128x128_ST7735.obj (.text:Crystalfontz128x128_ClearScreen)
                  00003968    0000002c     HAL_MSP_EXP432P401R_Crystalfontz128x128_ST7735.obj (.text:HAL_LCD_writeData)
                  00003994    00000028     Crystalfontz128x128_ST7735.obj (.text:Crystalfontz128x128_ColorTranslate)
                  000039bc    00000024     msp432p4xx_driverlib.lib : gpio_MSP432P4XX.obj (.text:GPIO_setAsOutputPin)
                  000039e0    00000022     grlib.lib : context.o (.text:Graphics_initContext)
                  00003a02    0000001c     rtsv7M4_T_le_v4SPD16_eabi.lib : memccpy.obj (.text)
                  00003a1e    0000001a     grlib.lib : string.o (.text:Graphics_getNumberOfLeadingZeros)
                  00003a38    0000001a     msp432p4xx_driverlib.lib : spi_MSP432P4XX.obj (.text:SPI_enableModule)
                  00003a52    00000002     --HOLE-- [fill = 0]
                  00003a54    00000018                              : adc14_MSP432P4XX.obj (.text:ADC14_getResult)
                  00003a6c    00000018                              : gpio_MSP432P4XX.obj (.text:GPIO_setOutputLowOnPin)
                  00003a84    00000018     rtsv7M4_T_le_v4SPD16_eabi.lib : args_main.obj (.text)
                  00003a9c    00000016     grlib.lib : display.o (.text:Graphics_drawHorizontalLineOnDisplay)
                  00003ab2    00000016     rtsv7M4_T_le_v4SPD16_eabi.lib : strchr.obj (.text)
                  00003ac8    00000014     msp432p4xx_driverlib.lib : gpio_MSP432P4XX.obj (.text:GPIO_setOutputHighOnPin)
                  00003adc    00000014     rtsv7M4_T_le_v4SPD16_eabi.lib : _lock.obj (.text)
                  00003af0    00000014                                   : s_copysign.obj (.text)
                  00003b04    00000014                                   : strlen.obj (.text)
                  00003b18    0000000e     grlib.lib : display.o (.text:Graphics_drawPixelOnDisplay)
                  00003b26    0000000e               : context.o (.text:Graphics_setBackgroundColor)
                  00003b34    0000000e               : context.o (.text:Graphics_setForegroundColor)
                  00003b42    0000000e     rtsv7M4_T_le_v4SPD16_eabi.lib : copy_decompress_none.obj (.text:decompress:none)
                  00003b50    0000000c     msp432p4xx_driverlib.lib : spi_MSP432P4XX.obj (.text:EUSCI_A_SPI_enable)
                  00003b5c    0000000c                              : spi_MSP432P4XX.obj (.text:EUSCI_B_SPI_enable)
                  00003b68    0000000c     startup_msp432p401r_ccs.obj (.text:Reset_Handler)
                  00003b74    0000000c     rtsv7M4_T_le_v4SPD16_eabi.lib : copy_zero_init.obj (.text:decompress:ZI)
                  00003b80    0000000a     Crystalfontz128x128_ST7735.obj (.text:Crystalfontz128x128_Flush)
                  00003b8a    0000000a     grlib.lib : context.o (.text:Graphics_clearDisplay)
                  00003b94    0000000a               : display.o (.text:Graphics_clearDisplayOnDisplay)
                  00003b9e    0000000a               : display.o (.text:Graphics_fillRectangleOnDisplay)
                  00003ba8    0000000a               : display.o (.text:Graphics_translateColorOnDisplay)
                  00003bb2    00000004               : context.o (.text:Graphics_setFont)
                  00003bb6    00000004     rtsv7M4_T_le_v4SPD16_eabi.lib : pre_init.obj (.text)

.const     0    00003bbc    000005b8     
                  00003bbc    000002f8     fontfixed6x8.obj (.const:.string:g_pucFontFixed6x8Data)
                  00003eb4    00000101     rtsv7M4_T_le_v4SPD16_eabi.lib : ctype.obj (.const:.string:_ctypes_)
                  00003fb5    00000003     --HOLE-- [fill = 0]
                  00003fb8    000000c8     fontfixed6x8.obj (.const:g_sFontFixed6x8)
                  00004080    00000080     msp432p4xx_driverlib.lib : adc14_MSP432P4XX.obj (.const:_ctlRegs)
                  00004100    00000030                              : gpio_MSP432P4XX.obj (.const:GPIO_PORT_TO_BASE)
                  00004130    00000020     Crystalfontz128x128_ST7735.obj (.const:g_sCrystalfontz128x128_funcs)
                  00004150    0000001c     HAL_MSP_EXP432P401R_Crystalfontz128x128_ST7735.obj (.const:$P$T0$1)
                  0000416c    00000008     Crystalfontz128x128_ST7735.obj (.const:$P$T0$1)

.cinit     0    00004178    00000058     
                  00004178    00000031     (.cinit..data.load) [load image, compression = lzss]
                  000041a9    00000003     --HOLE-- [fill = 0]
                  000041ac    0000000c     (__TI_handler_table)
                  000041b8    00000008     (.cinit..bss.load) [load image, compression = zero_init]
                  000041c0    00000010     (__TI_cinit_table)

.init_array 
*          0    00000000    00000000     UNINITIALIZED

.data      0    20000000    00002048     UNINITIALIZED
                  20000000    00002000     main.obj (.data:snake_array)
                  20002000    00000010     Crystalfontz128x128_ST7735.obj (.data:g_sCrystalfontz128x128)
                  20002010    00000010     main.obj (.data)
                  20002020    0000000c     rtsv7M4_T_le_v4SPD16_eabi.lib : exit.obj (.data:$O1$$)
                  2000202c    00000008                                   : _lock.obj (.data:$O1$$)
                  20002034    00000008     main.obj (.data:measures_rect)
                  2000203c    00000004     rtsv7M4_T_le_v4SPD16_eabi.lib : errno.obj (.data)
                  20002040    00000004                                   : rand.obj (.data)
                  20002044    00000004                                   : stkdepth_vars.obj (.data)

.bss       0    20002048    0000003e     UNINITIALIZED
                  20002048    0000001c     (.common:g_sContext)
                  20002064    00000010     (.common:g_sDisplay)
                  20002074    00000004     main.obj (.bss:resultsBuffer)
                  20002078    00000004     (.common:feed_position)
                  2000207c    00000002     (.common:Lcd_ScreenHeigth)
                  2000207e    00000002     (.common:Lcd_ScreenWidth)
                  20002080    00000002     (.common:Lcd_TouchTrim)
                  20002082    00000001     (.common:Lcd_FlagRead)
                  20002083    00000001     (.common:Lcd_FontSolid)
                  20002084    00000001     (.common:Lcd_Orientation)
                  20002085    00000001     (.common:Lcd_PenSolid)

.stack     0    2000fe00    00000200     UNINITIALIZED
                  2000fe00    00000200     --HOLE--

MODULE SUMMARY

       Module                                               code    ro data   rw data
       ------                                               ----    -------   -------
    .\
       main.obj                                             3288    0         16536  
       system_msp432p401r.obj                               120     0         0      
    +--+----------------------------------------------------+-------+---------+---------+
       Total:                                               3408    0         16536  
                                                                                     
    .\LcdDriver\
       Crystalfontz128x128_ST7735.obj                       1670    40        52     
       HAL_MSP_EXP432P401R_Crystalfontz128x128_ST7735.obj   212     28        0      
    +--+----------------------------------------------------+-------+---------+---------+
       Total:                                               1882    68        52     
                                                                                     
    .\ccs\
       startup_msp432p401r_ccs.obj                          14      228       0      
    +--+----------------------------------------------------+-------+---------+---------+
       Total:                                               14      228       0      
                                                                                     
    .\fonts\
       fontfixed6x8.obj                                     0       960       0      
    +--+----------------------------------------------------+-------+---------+---------+
       Total:                                               0       960       0      
                                                                                     
    C:/ti/simplelink_msp432p4_sdk_1_50_00_12/source/ti/devices/msp432p4xx/driverlib/ccs/msp432p4xx_driverlib.lib
       adc14_MSP432P4XX.obj                                 364     128       0      
       spi_MSP432P4XX.obj                                   222     0         0      
       gpio_MSP432P4XX.obj                                  156     48        0      
    +--+----------------------------------------------------+-------+---------+---------+
       Total:                                               742     176       0      
                                                                                     
    C:/ti/simplelink_msp432p4_sdk_1_50_00_12/source/ti/grlib/ccs/grlib.lib
       string.o                                             906     0         0      
       context.o                                            76      0         0      
       line.o                                               74      0         0      
       display.o                                            66      0         0      
    +--+----------------------------------------------------+-------+---------+---------+
       Total:                                               1122    0         0      
                                                                                     
    C:\ti\ccsv7\tools\compiler\ti-cgt-arm_16.9.3.LTS\lib\rtsv7M4_T_le_v4SPD16_eabi.lib
       _printfi.obj                                         4414    0         0      
       ull_div_t2.obj                                       500     0         0      
       fd_add_t2.obj                                        438     0         0      
       fd_div_t2.obj                                        310     0         0      
       fd_cmp_t2.obj                                        268     0         0      
       ctype.obj                                            0       257       0      
       fd_mul_t2.obj                                        252     0         0      
       s_scalbn.obj                                         252     0         0      
       memcpy_t2.obj                                        156     0         0      
       memset_t2.obj                                        122     0         0      
       autoinit.obj                                         112     0         0      
       exit.obj                                             84      0         24     
       copy_decompress_lzss.obj                             104     0         0      
       s_frexp.obj                                          100     0         0      
       sprintf.obj                                          96      0         0      
       boot.obj                                             84      0         0      
       ltoa.obj                                             84      0         0      
       rand.obj                                             76      0         8      
       atoi.obj                                             76      0         0      
       cpy_tbl.obj                                          76      0         0      
       fd_toi_t2.obj                                        72      0         0      
       i_tofd_t2.obj                                        46      0         0      
       _lock.obj                                            20      0         16     
       memccpy.obj                                          28      0         0      
       args_main.obj                                        24      0         0      
       strchr.obj                                           22      0         0      
       s_copysign.obj                                       20      0         0      
       strlen.obj                                           20      0         0      
       copy_decompress_none.obj                             14      0         0      
       copy_zero_init.obj                                   12      0         0      
       errno.obj                                            0       0         8      
       stkdepth_vars.obj                                    0       0         8      
       pre_init.obj                                         4       0         0      
       mpu_init.obj                                         2       0         0      
       startup.obj                                          2       0         0      
    +--+----------------------------------------------------+-------+---------+---------+
       Total:                                               7890    257       64     
                                                                                     
       Stack:                                               0       0         1024   
       Linker Generated:                                    0       85        0      
    +--+----------------------------------------------------+-------+---------+---------+
       Grand Total:                                         15058   1774      17676  


LINKER GENERATED COPY TABLES

__TI_cinit_table @ 000041c0 records: 2, size/record: 8, table size: 16
	.data: load addr=00004178, load size=00000031 bytes, run addr=20000000, run size=00002048 bytes, compression=lzss
	.bss: load addr=000041b8, load size=00000008 bytes, run addr=20002048, run size=0000003e bytes, compression=zero_init


LINKER GENERATED HANDLER TABLE

__TI_handler_table @ 000041ac records: 3, size/record: 4, table size: 12
	index: 0, handler: __TI_decompress_lzss
	index: 1, handler: __TI_decompress_none
	index: 2, handler: __TI_zero_init


GLOBAL SYMBOLS: SORTED ALPHABETICALLY BY Name 

address   name                                       
-------   ----                                       
000031f1  ADC14_IRQHandler                           
000031f1  ADC14_IRQHandler                           
00003a55  ADC14_getResult                            
00002147  AES256_IRQHandler                          
000023a9  BUTTONS_CONFIG                             
00002147  BusFault_Handler                           
000032ed  C$$EXIT                                    
00002e95  CHECK_VALID_FEED                           
00002147  COMP_E0_IRQHandler                         
00002147  COMP_E1_IRQHandler                         
00002147  CS_IRQHandler                              
0000227d  Crystalfontz128x128_Init                   
00002149  Crystalfontz128x128_SetDrawFrame           
00003245  Crystalfontz128x128_SetOrientation         
000037e1  DEBOUNCE_3                                 
00003815  DEBOUNCE_4                                 
00003849  DEBOUNCE_5                                 
00002147  DMA_ERR_IRQHandler                         
00002147  DMA_INT0_IRQHandler                        
00002147  DMA_INT1_IRQHandler                        
00002147  DMA_INT2_IRQHandler                        
00002147  DMA_INT3_IRQHandler                        
000030dd  DRAW_ERASE_TAIL                            
00003139  DRAW_FEED_PIXEL                            
00003511  DRAW_SNAKE                                 
00003195  DRAW_SNAKE_PIXEL                           
00002147  DebugMon_Handler                           
00002147  Default_Handler                            
00002147  EUSCIA0_IRQHandler                         
00002147  EUSCIA1_IRQHandler                         
00002147  EUSCIA2_IRQHandler                         
00002147  EUSCIA3_IRQHandler                         
00002147  EUSCIB0_IRQHandler                         
00002147  EUSCIB1_IRQHandler                         
00002147  EUSCIB2_IRQHandler                         
00002147  EUSCIB3_IRQHandler                         
00003b51  EUSCI_A_SPI_enable                         
00003b5d  EUSCI_B_SPI_enable                         
00002147  FLCTL_IRQHandler                           
00002147  FPU_IRQHandler                             
00001c0d  GAME_INIT                                  
0000301d  GAME_OVER                                  
00002ce5  GENERATE_FEED                              
000039bd  GPIO_setAsOutputPin                        
00003395  GPIO_setAsPeripheralModuleFunctionOutputPin
00003ac9  GPIO_setOutputHighOnPin                    
00003a6d  GPIO_setOutputLowOnPin                     
00003b8b  Graphics_clearDisplay                      
00003b95  Graphics_clearDisplayOnDisplay             
00003a9d  Graphics_drawHorizontalLineOnDisplay       
000034c5  Graphics_drawLineH                         
00003b19  Graphics_drawPixelOnDisplay                
00001223  Graphics_drawString                        
00003739  Graphics_drawStringCentered                
00003b9f  Graphics_fillRectangleOnDisplay            
00002dc5  Graphics_getStringWidth                    
000039e1  Graphics_initContext                       
00003b27  Graphics_setBackgroundColor                
00003bb3  Graphics_setFont                           
00003b35  Graphics_setForegroundColor                
00003ba9  Graphics_translateColorOnDisplay           
0000387d  HAL_LCD_PortInit                           
000036f9  HAL_LCD_SpiInit                            
00003771  HAL_LCD_writeCommand                       
00003969  HAL_LCD_writeData                          
00002147  HardFault_Handler                          
20002082  Lcd_FlagRead                               
20002083  Lcd_FontSolid                              
20002084  Lcd_Orientation                            
20002085  Lcd_PenSolid                               
2000207c  Lcd_ScreenHeigth                           
2000207e  Lcd_ScreenWidth                            
20002080  Lcd_TouchTrim                              
00002147  MemManage_Handler                          
00002147  NMI_Handler                                
00002147  PCM_IRQHandler                             
00002147  PORT1_IRQHandler                           
00002147  PORT2_IRQHandler                           
00003631  PORT3_IRQHandler                           
00003631  PORT3_IRQHandler                           
0000295d  PORT4_IRQHandler                           
0000295d  PORT4_IRQHandler                           
00003675  PORT5_IRQHandler                           
00003675  PORT5_IRQHandler                           
00002147  PORT6_IRQHandler                           
00002147  PSS_IRQHandler                             
00002147  PendSV_Handler                             
00002c71  RECALCULATE_DIRECTION                      
00002147  RTC_C_IRQHandler                           
00003b69  Reset_Handler                              
UNDEFED   SHT$$INIT_ARRAY$$Base                      
UNDEFED   SHT$$INIT_ARRAY$$Limit                     
00003a39  SPI_enableModule                           
00002b01  SPI_initMaster                             
00002147  SVC_Handler                                
00002147  SysTick_Handler                            
00002bf9  SystemInit                                 
00003559  T32_INT1_INIT                              
00001a75  T32_INT1_IRQHandler                        
00001a75  T32_INT1_IRQHandler                        
00002147  T32_INT2_IRQHandler                        
00002147  T32_INTC_IRQHandler                        
00002147  TA0_0_IRQHandler                           
00002147  TA0_N_IRQHandler                           
00002147  TA1_0_IRQHandler                           
00002147  TA1_N_IRQHandler                           
00002147  TA2_0_IRQHandler                           
00002147  TA2_N_IRQHandler                           
00002147  TA3_0_IRQHandler                           
00002147  TA3_N_IRQHandler                           
00002147  UsageFault_Handler                         
4000480c  WDTCTL_SYM                                 
00002147  WDT_A_IRQHandler                           
20010000  __STACK_END                                
00000200  __STACK_SIZE                               
000041c0  __TI_CINIT_Base                            
000041d0  __TI_CINIT_Limit                           
000041ac  __TI_Handler_Table_Base                    
000041b8  __TI_Handler_Table_Limit                   
00002d55  __TI_auto_init                             
20002020  __TI_cleanup_ptr                           
00002e2d  __TI_decompress_lzss                       
00003b43  __TI_decompress_none                       
20002024  __TI_dtors_ptr                             
20002028  __TI_enable_exit_profile_output            
ffffffff  __TI_pprof_out_hndl                        
00000929  __TI_printfi                               
ffffffff  __TI_prof_data_size                        
ffffffff  __TI_prof_data_start                       
00000000  __TI_static_base__                         
00003b75  __TI_zero_init                             
000029f5  __aeabi_cdcmpeq                            
000029f5  __aeabi_cdcmple                            
00002a7b  __aeabi_cdrcmple                           
000035e9  __aeabi_d2iz                               
000018c9  __aeabi_dadd                               
00002011  __aeabi_ddiv                               
000024a9  __aeabi_dmul                               
000018bf  __aeabi_dsub                               
0000390d  __aeabi_i2d                                
00002b7d  __aeabi_memclr                             
00002b7d  __aeabi_memclr4                            
00002b7d  __aeabi_memclr8                            
000028c1  __aeabi_memcpy                             
000028c1  __aeabi_memcpy4                            
000028c1  __aeabi_memcpy8                            
00002b7f  __aeabi_memset                             
00002b7f  __aeabi_memset4                            
00002b7f  __aeabi_memset8                            
000014f3  __aeabi_uldivmod                           
ffffffff  __binit__                                  
ffffffff  __c_args__                                 
00002bf7  __mpu_init                                 
2000fe00  __stack                                    
00003a85  _args_main                                 
00003299  _c_int00                                   
00003eb4  _ctypes_                                   
2000202c  _lock                                      
00003aeb  _nop                                       
00003ae3  _register_lock                             
00003add  _register_unlock                           
0000350f  _system_post_cinit                         
00003bb7  _system_pre_init                           
20002030  _unlock                                    
000032f1  abort                                      
000033e1  atoi                                       
ffffffff  binit                                      
0000342d  copy_in                                    
00003af1  copysign                                   
00003af1  copysignl                                  
20002019  direction                                  
00002825  draw_display_initial_screen                
000026a1  draw_text_initial_screen                   
2000203c  errno                                      
000032f9  exit                                       
20002078  feed_position                              
2000201a  first_time_bj                              
00002ef9  frexp                                      
00002ef9  frexpl                                     
20002048  g_sContext                                 
20002000  g_sCrystalfontz128x128                     
00004130  g_sCrystalfontz128x128_funcs               
20002064  g_sDisplay                                 
00003fb8  g_sFontFixed6x8                            
00000000  interruptVectors                           
000025a5  ldexp                                      
000025a5  ldexpl                                     
20002010  level                                      
00003341  ltoa                                       
00001ebd  main                                       
20002044  main_func_sp                               
20002018  max_score                                  
20002034  measures_rect                              
00003a03  memccpy                                    
000028c1  memcpy                                     
00002b85  memset                                     
0000348f  rand                                       
000025a5  scalbn                                     
000025a5  scalbnl                                    
20002014  score                                      
20000000  snake_array                                
2000201c  snake_size                                 
0000307d  sprintf                                    
00003479  srand                                      
00003ab3  strchr                                     
00003b05  strlen                                     


GLOBAL SYMBOLS: SORTED BY Symbol Address 

address   name                                       
-------   ----                                       
00000000  __TI_static_base__                         
00000000  interruptVectors                           
00000200  __STACK_SIZE                               
00000929  __TI_printfi                               
00001223  Graphics_drawString                        
000014f3  __aeabi_uldivmod                           
000018bf  __aeabi_dsub                               
000018c9  __aeabi_dadd                               
00001a75  T32_INT1_IRQHandler                        
00001a75  T32_INT1_IRQHandler                        
00001c0d  GAME_INIT                                  
00001ebd  main                                       
00002011  __aeabi_ddiv                               
00002147  AES256_IRQHandler                          
00002147  BusFault_Handler                           
00002147  COMP_E0_IRQHandler                         
00002147  COMP_E1_IRQHandler                         
00002147  CS_IRQHandler                              
00002147  DMA_ERR_IRQHandler                         
00002147  DMA_INT0_IRQHandler                        
00002147  DMA_INT1_IRQHandler                        
00002147  DMA_INT2_IRQHandler                        
00002147  DMA_INT3_IRQHandler                        
00002147  DebugMon_Handler                           
00002147  Default_Handler                            
00002147  EUSCIA0_IRQHandler                         
00002147  EUSCIA1_IRQHandler                         
00002147  EUSCIA2_IRQHandler                         
00002147  EUSCIA3_IRQHandler                         
00002147  EUSCIB0_IRQHandler                         
00002147  EUSCIB1_IRQHandler                         
00002147  EUSCIB2_IRQHandler                         
00002147  EUSCIB3_IRQHandler                         
00002147  FLCTL_IRQHandler                           
00002147  FPU_IRQHandler                             
00002147  HardFault_Handler                          
00002147  MemManage_Handler                          
00002147  NMI_Handler                                
00002147  PCM_IRQHandler                             
00002147  PORT1_IRQHandler                           
00002147  PORT2_IRQHandler                           
00002147  PORT6_IRQHandler                           
00002147  PSS_IRQHandler                             
00002147  PendSV_Handler                             
00002147  RTC_C_IRQHandler                           
00002147  SVC_Handler                                
00002147  SysTick_Handler                            
00002147  T32_INT2_IRQHandler                        
00002147  T32_INTC_IRQHandler                        
00002147  TA0_0_IRQHandler                           
00002147  TA0_N_IRQHandler                           
00002147  TA1_0_IRQHandler                           
00002147  TA1_N_IRQHandler                           
00002147  TA2_0_IRQHandler                           
00002147  TA2_N_IRQHandler                           
00002147  TA3_0_IRQHandler                           
00002147  TA3_N_IRQHandler                           
00002147  UsageFault_Handler                         
00002147  WDT_A_IRQHandler                           
00002149  Crystalfontz128x128_SetDrawFrame           
0000227d  Crystalfontz128x128_Init                   
000023a9  BUTTONS_CONFIG                             
000024a9  __aeabi_dmul                               
000025a5  ldexp                                      
000025a5  ldexpl                                     
000025a5  scalbn                                     
000025a5  scalbnl                                    
000026a1  draw_text_initial_screen                   
00002825  draw_display_initial_screen                
000028c1  __aeabi_memcpy                             
000028c1  __aeabi_memcpy4                            
000028c1  __aeabi_memcpy8                            
000028c1  memcpy                                     
0000295d  PORT4_IRQHandler                           
0000295d  PORT4_IRQHandler                           
000029f5  __aeabi_cdcmpeq                            
000029f5  __aeabi_cdcmple                            
00002a7b  __aeabi_cdrcmple                           
00002b01  SPI_initMaster                             
00002b7d  __aeabi_memclr                             
00002b7d  __aeabi_memclr4                            
00002b7d  __aeabi_memclr8                            
00002b7f  __aeabi_memset                             
00002b7f  __aeabi_memset4                            
00002b7f  __aeabi_memset8                            
00002b85  memset                                     
00002bf7  __mpu_init                                 
00002bf9  SystemInit                                 
00002c71  RECALCULATE_DIRECTION                      
00002ce5  GENERATE_FEED                              
00002d55  __TI_auto_init                             
00002dc5  Graphics_getStringWidth                    
00002e2d  __TI_decompress_lzss                       
00002e95  CHECK_VALID_FEED                           
00002ef9  frexp                                      
00002ef9  frexpl                                     
0000301d  GAME_OVER                                  
0000307d  sprintf                                    
000030dd  DRAW_ERASE_TAIL                            
00003139  DRAW_FEED_PIXEL                            
00003195  DRAW_SNAKE_PIXEL                           
000031f1  ADC14_IRQHandler                           
000031f1  ADC14_IRQHandler                           
00003245  Crystalfontz128x128_SetOrientation         
00003299  _c_int00                                   
000032ed  C$$EXIT                                    
000032f1  abort                                      
000032f9  exit                                       
00003341  ltoa                                       
00003395  GPIO_setAsPeripheralModuleFunctionOutputPin
000033e1  atoi                                       
0000342d  copy_in                                    
00003479  srand                                      
0000348f  rand                                       
000034c5  Graphics_drawLineH                         
0000350f  _system_post_cinit                         
00003511  DRAW_SNAKE                                 
00003559  T32_INT1_INIT                              
000035e9  __aeabi_d2iz                               
00003631  PORT3_IRQHandler                           
00003631  PORT3_IRQHandler                           
00003675  PORT5_IRQHandler                           
00003675  PORT5_IRQHandler                           
000036f9  HAL_LCD_SpiInit                            
00003739  Graphics_drawStringCentered                
00003771  HAL_LCD_writeCommand                       
000037e1  DEBOUNCE_3                                 
00003815  DEBOUNCE_4                                 
00003849  DEBOUNCE_5                                 
0000387d  HAL_LCD_PortInit                           
0000390d  __aeabi_i2d                                
00003969  HAL_LCD_writeData                          
000039bd  GPIO_setAsOutputPin                        
000039e1  Graphics_initContext                       
00003a03  memccpy                                    
00003a39  SPI_enableModule                           
00003a55  ADC14_getResult                            
00003a6d  GPIO_setOutputLowOnPin                     
00003a85  _args_main                                 
00003a9d  Graphics_drawHorizontalLineOnDisplay       
00003ab3  strchr                                     
00003ac9  GPIO_setOutputHighOnPin                    
00003add  _register_unlock                           
00003ae3  _register_lock                             
00003aeb  _nop                                       
00003af1  copysign                                   
00003af1  copysignl                                  
00003b05  strlen                                     
00003b19  Graphics_drawPixelOnDisplay                
00003b27  Graphics_setBackgroundColor                
00003b35  Graphics_setForegroundColor                
00003b43  __TI_decompress_none                       
00003b51  EUSCI_A_SPI_enable                         
00003b5d  EUSCI_B_SPI_enable                         
00003b69  Reset_Handler                              
00003b75  __TI_zero_init                             
00003b8b  Graphics_clearDisplay                      
00003b95  Graphics_clearDisplayOnDisplay             
00003b9f  Graphics_fillRectangleOnDisplay            
00003ba9  Graphics_translateColorOnDisplay           
00003bb3  Graphics_setFont                           
00003bb7  _system_pre_init                           
00003eb4  _ctypes_                                   
00003fb8  g_sFontFixed6x8                            
00004130  g_sCrystalfontz128x128_funcs               
000041ac  __TI_Handler_Table_Base                    
000041b8  __TI_Handler_Table_Limit                   
000041c0  __TI_CINIT_Base                            
000041d0  __TI_CINIT_Limit                           
20000000  snake_array                                
20002000  g_sCrystalfontz128x128                     
20002010  level                                      
20002014  score                                      
20002018  max_score                                  
20002019  direction                                  
2000201a  first_time_bj                              
2000201c  snake_size                                 
20002020  __TI_cleanup_ptr                           
20002024  __TI_dtors_ptr                             
20002028  __TI_enable_exit_profile_output            
2000202c  _lock                                      
20002030  _unlock                                    
20002034  measures_rect                              
2000203c  errno                                      
20002044  main_func_sp                               
20002048  g_sContext                                 
20002064  g_sDisplay                                 
20002078  feed_position                              
2000207c  Lcd_ScreenHeigth                           
2000207e  Lcd_ScreenWidth                            
20002080  Lcd_TouchTrim                              
20002082  Lcd_FlagRead                               
20002083  Lcd_FontSolid                              
20002084  Lcd_Orientation                            
20002085  Lcd_PenSolid                               
2000fe00  __stack                                    
20010000  __STACK_END                                
4000480c  WDTCTL_SYM                                 
ffffffff  __TI_pprof_out_hndl                        
ffffffff  __TI_prof_data_size                        
ffffffff  __TI_prof_data_start                       
ffffffff  __binit__                                  
ffffffff  __c_args__                                 
ffffffff  binit                                      
UNDEFED   SHT$$INIT_ARRAY$$Base                      
UNDEFED   SHT$$INIT_ARRAY$$Limit                     

[206 symbols]
