******************************************************************************
                  TI ARM Linker PC v16.9.3                     
******************************************************************************
>> Linked Tue Dec 12 01:22:09 2017

OUTPUT FILE NAME:   <Snake_V1.out>
ENTRY POINT SYMBOL: "_c_int00"  address: 000033f1


MEMORY CONFIGURATION

         name            origin    length      used     unused   attr    fill
----------------------  --------  ---------  --------  --------  ----  --------
  MAIN                  00000000   00040000  0000422e  0003bdd2  R  X
  INFO                  00200000   00004000  00000000  00004000  R  X
  SRAM_CODE             01000000   00010000  0000228a  0000dd76  RW X
  SRAM_DATA             20000000   00010000  0000228a  0000dd76  RW  


SEGMENT ALLOCATION MAP

run origin  load origin   length   init length attrs members
----------  ----------- ---------- ----------- ----- -------
00000000    00000000    00004230   00004230    r-x
  00000000    00000000    000000e4   000000e4    r-- .intvecs
  000000e4    000000e4    00003b3a   00003b3a    r-x .text
  00003c20    00003c20    000005b8   000005b8    r-- .const
  000041d8    000041d8    00000058   00000058    r-- .cinit
20000000    20000000    0000208a   00000000    rw-
  20000000    20000000    0000204c   00000000    rw- .data
  2000204c    2000204c    0000003e   00000000    rw- .bss
2000fe00    2000fe00    00000200   00000000    rw-
  2000fe00    2000fe00    00000200   00000000    rw- .stack


SECTION ALLOCATION MAP

 output                                  attributes/
section   page    origin      length       input sections
--------  ----  ----------  ----------   ----------------
.intvecs   0    00000000    000000e4     
                  00000000    000000e4     startup_msp432p401r_ccs.obj (.intvecs:retain)

.binit     0    00000000    00000000     

.text      0    000000e4    00003b3a     
                  000000e4    0000113e     rtsv7M4_T_le_v4SPD16_eabi.lib : _printfi.obj (.text)
                  00001222    000002d0     grlib.lib : string.o (.text:Graphics_drawString)
                  000014f2    000001f4     rtsv7M4_T_le_v4SPD16_eabi.lib : ull_div_t2.obj (.text)
                  000016e6    000001d8     Crystalfontz128x128_ST7735.obj (.text:Crystalfontz128x128_PixelDrawMultiple)
                  000018be    000001b6     rtsv7M4_T_le_v4SPD16_eabi.lib : fd_add_t2.obj (.text)
                  00001a74    00000198     main.obj (.text:T32_INT1_IRQHandler)
                  00001c0c    0000015c     main.obj (.text:GAME_INIT)
                  00001d68    00000154     msp432p4xx_driverlib.lib : adc14_MSP432P4XX.obj (.text:_getIndexForMemRegister)
                  00001ebc    00000154     main.obj (.text:main)
                  00002010    00000136     rtsv7M4_T_le_v4SPD16_eabi.lib : fd_div_t2.obj (.text)
                  00002146    00000002     startup_msp432p401r_ccs.obj (.text:Default_Handler)
                  00002148    00000134     Crystalfontz128x128_ST7735.obj (.text:Crystalfontz128x128_SetDrawFrame)
                  0000227c    0000012c     Crystalfontz128x128_ST7735.obj (.text:Crystalfontz128x128_Init)
                  000023a8    00000100     main.obj (.text:BUTTONS_CONFIG)
                  000024a8    000000fc     rtsv7M4_T_le_v4SPD16_eabi.lib : fd_mul_t2.obj (.text)
                  000025a4    000000fc                                   : s_scalbn.obj (.text)
                  000026a0    000000e8     main.obj (.text:draw_text_initial_screen)
                  00002788    000000b4     main.obj (.text:PORT4_IRQHandler)
                  0000283c    0000009c     Crystalfontz128x128_ST7735.obj (.text:Crystalfontz128x128_RectFill)
                  000028d8    0000009c     main.obj (.text:draw_display_initial_screen)
                  00002974    0000009c     rtsv7M4_T_le_v4SPD16_eabi.lib : memcpy_t2.obj (.text)
                  00002a10    00000086                                   : fd_cmp_t2.obj (.text:__aeabi_cdcmple)
                  00002a96    00000086                                   : fd_cmp_t2.obj (.text:__aeabi_cdrcmple)
                  00002b1c    0000007c     msp432p4xx_driverlib.lib : spi_MSP432P4XX.obj (.text:SPI_initMaster)
                  00002b98    0000007c     main.obj (.text:T32_INT2_IRQHandler)
                  00002c14    0000007a     rtsv7M4_T_le_v4SPD16_eabi.lib : memset_t2.obj (.text)
                  00002c8e    00000002                                   : mpu_init.obj (.text)
                  00002c90    00000078     system_msp432p401r.obj (.text:SystemInit)
                  00002d08    00000074     main.obj (.text:RECALCULATE_DIRECTION)
                  00002d7c    00000070     main.obj (.text:GENERATE_FEED)
                  00002dec    00000070     rtsv7M4_T_le_v4SPD16_eabi.lib : autoinit.obj (.text)
                  00002e5c    00000068     grlib.lib : string.o (.text:Graphics_getStringWidth)
                  00002ec4    00000068     rtsv7M4_T_le_v4SPD16_eabi.lib : copy_decompress_lzss.obj (.text:decompress:lzss)
                  00002f2c    00000064     main.obj (.text:CHECK_VALID_FEED)
                  00002f90    00000064     rtsv7M4_T_le_v4SPD16_eabi.lib : s_frexp.obj (.text)
                  00002ff4    00000060     Crystalfontz128x128_ST7735.obj (.text:Crystalfontz128x128_LineDrawH)
                  00003054    00000060     Crystalfontz128x128_ST7735.obj (.text:Crystalfontz128x128_LineDrawV)
                  000030b4    00000060     main.obj (.text:GAME_OVER)
                  00003114    00000060     main.obj (.text:PORT3_IRQHandler)
                  00003174    00000060     main.obj (.text:PORT5_IRQHandler)
                  000031d4    00000060     rtsv7M4_T_le_v4SPD16_eabi.lib : sprintf.obj (.text)
                  00003234    0000005c     main.obj (.text:DRAW_ERASE_TAIL)
                  00003290    0000005c     main.obj (.text:DRAW_FEED_PIXEL)
                  000032ec    0000005c     main.obj (.text:DRAW_SNAKE_PIXEL)
                  00003348    00000054     main.obj (.text:ADC14_IRQHandler)
                  0000339c    00000054     Crystalfontz128x128_ST7735.obj (.text:Crystalfontz128x128_SetOrientation)
                  000033f0    00000054     rtsv7M4_T_le_v4SPD16_eabi.lib : boot.obj (.text)
                  00003444    00000054                                   : exit.obj (.text)
                  00003498    00000054                                   : ltoa.obj (.text)
                  000034ec    0000004c     msp432p4xx_driverlib.lib : gpio_MSP432P4XX.obj (.text:GPIO_setAsPeripheralModuleFunctionOutputPin)
                  00003538    0000004c     rtsv7M4_T_le_v4SPD16_eabi.lib : atoi.obj (.text)
                  00003584    0000004c                                   : cpy_tbl.obj (.text)
                  000035d0    0000004c                                   : rand.obj (.text)
                  0000361c    0000004a     grlib.lib : line.o (.text:Graphics_drawLineH)
                  00003666    00000002     rtsv7M4_T_le_v4SPD16_eabi.lib : startup.obj (.text)
                  00003668    00000048     main.obj (.text:DRAW_SNAKE)
                  000036b0    00000048     main.obj (.text:T32_INT1_INIT)
                  000036f8    00000048     main.obj (.text:__NVIC_SetPriority)
                  00003740    00000048     rtsv7M4_T_le_v4SPD16_eabi.lib : fd_toi_t2.obj (.text)
                  00003788    00000040     Crystalfontz128x128_ST7735.obj (.text:Crystalfontz128x128_PixelDraw)
                  000037c8    00000040     HAL_MSP_EXP432P401R_Crystalfontz128x128_ST7735.obj (.text:HAL_LCD_SpiInit)
                  00003808    00000038     grlib.lib : string.o (.text:Graphics_drawStringCentered)
                  00003840    00000038     HAL_MSP_EXP432P401R_Crystalfontz128x128_ST7735.obj (.text:HAL_LCD_writeCommand)
                  00003878    00000038     main.obj (.text:__NVIC_DisableIRQ)
                  000038b0    00000030     HAL_MSP_EXP432P401R_Crystalfontz128x128_ST7735.obj (.text:HAL_LCD_PortInit)
                  000038e0    00000030     main.obj (.text:T32_INT2_INIT)
                  00003910    00000030     main.obj (.text:__NVIC_EnableIRQ)
                  00003940    00000030     msp432p4xx_driverlib.lib : spi_MSP432P4XX.obj (.text:is_A_Module)
                  00003970    0000002e     rtsv7M4_T_le_v4SPD16_eabi.lib : i_tofd_t2.obj (.text)
                  0000399e    00000002     --HOLE-- [fill = 0]
                  000039a0    0000002c     Crystalfontz128x128_ST7735.obj (.text:Crystalfontz128x128_ClearScreen)
                  000039cc    0000002c     HAL_MSP_EXP432P401R_Crystalfontz128x128_ST7735.obj (.text:HAL_LCD_writeData)
                  000039f8    00000028     Crystalfontz128x128_ST7735.obj (.text:Crystalfontz128x128_ColorTranslate)
                  00003a20    00000024     msp432p4xx_driverlib.lib : gpio_MSP432P4XX.obj (.text:GPIO_setAsOutputPin)
                  00003a44    00000022     grlib.lib : context.o (.text:Graphics_initContext)
                  00003a66    0000001c     rtsv7M4_T_le_v4SPD16_eabi.lib : memccpy.obj (.text)
                  00003a82    0000001a     grlib.lib : string.o (.text:Graphics_getNumberOfLeadingZeros)
                  00003a9c    0000001a     msp432p4xx_driverlib.lib : spi_MSP432P4XX.obj (.text:SPI_enableModule)
                  00003ab6    00000002     --HOLE-- [fill = 0]
                  00003ab8    00000018                              : adc14_MSP432P4XX.obj (.text:ADC14_getResult)
                  00003ad0    00000018                              : gpio_MSP432P4XX.obj (.text:GPIO_setOutputLowOnPin)
                  00003ae8    00000018     rtsv7M4_T_le_v4SPD16_eabi.lib : args_main.obj (.text)
                  00003b00    00000016     grlib.lib : display.o (.text:Graphics_drawHorizontalLineOnDisplay)
                  00003b16    00000016     rtsv7M4_T_le_v4SPD16_eabi.lib : strchr.obj (.text)
                  00003b2c    00000014     msp432p4xx_driverlib.lib : gpio_MSP432P4XX.obj (.text:GPIO_setOutputHighOnPin)
                  00003b40    00000014     rtsv7M4_T_le_v4SPD16_eabi.lib : _lock.obj (.text)
                  00003b54    00000014                                   : s_copysign.obj (.text)
                  00003b68    00000014                                   : strlen.obj (.text)
                  00003b7c    0000000e     grlib.lib : display.o (.text:Graphics_drawPixelOnDisplay)
                  00003b8a    0000000e               : context.o (.text:Graphics_setBackgroundColor)
                  00003b98    0000000e               : context.o (.text:Graphics_setForegroundColor)
                  00003ba6    0000000e     rtsv7M4_T_le_v4SPD16_eabi.lib : copy_decompress_none.obj (.text:decompress:none)
                  00003bb4    0000000c     msp432p4xx_driverlib.lib : spi_MSP432P4XX.obj (.text:EUSCI_A_SPI_enable)
                  00003bc0    0000000c                              : spi_MSP432P4XX.obj (.text:EUSCI_B_SPI_enable)
                  00003bcc    0000000c     startup_msp432p401r_ccs.obj (.text:Reset_Handler)
                  00003bd8    0000000c     rtsv7M4_T_le_v4SPD16_eabi.lib : copy_zero_init.obj (.text:decompress:ZI)
                  00003be4    0000000a     Crystalfontz128x128_ST7735.obj (.text:Crystalfontz128x128_Flush)
                  00003bee    0000000a     grlib.lib : context.o (.text:Graphics_clearDisplay)
                  00003bf8    0000000a               : display.o (.text:Graphics_clearDisplayOnDisplay)
                  00003c02    0000000a               : display.o (.text:Graphics_fillRectangleOnDisplay)
                  00003c0c    0000000a               : display.o (.text:Graphics_translateColorOnDisplay)
                  00003c16    00000004               : context.o (.text:Graphics_setFont)
                  00003c1a    00000004     rtsv7M4_T_le_v4SPD16_eabi.lib : pre_init.obj (.text)

.const     0    00003c20    000005b8     
                  00003c20    000002f8     fontfixed6x8.obj (.const:.string:g_pucFontFixed6x8Data)
                  00003f18    00000101     rtsv7M4_T_le_v4SPD16_eabi.lib : ctype.obj (.const:.string:_ctypes_)
                  00004019    00000003     --HOLE-- [fill = 0]
                  0000401c    000000c8     fontfixed6x8.obj (.const:g_sFontFixed6x8)
                  000040e4    00000080     msp432p4xx_driverlib.lib : adc14_MSP432P4XX.obj (.const:_ctlRegs)
                  00004164    00000030                              : gpio_MSP432P4XX.obj (.const:GPIO_PORT_TO_BASE)
                  00004194    00000020     Crystalfontz128x128_ST7735.obj (.const:g_sCrystalfontz128x128_funcs)
                  000041b4    0000001c     HAL_MSP_EXP432P401R_Crystalfontz128x128_ST7735.obj (.const:$P$T0$1)
                  000041d0    00000008     Crystalfontz128x128_ST7735.obj (.const:$P$T0$1)

.cinit     0    000041d8    00000058     
                  000041d8    00000030     (.cinit..data.load) [load image, compression = lzss]
                  00004208    0000000c     (__TI_handler_table)
                  00004214    00000004     --HOLE-- [fill = 0]
                  00004218    00000008     (.cinit..bss.load) [load image, compression = zero_init]
                  00004220    00000010     (__TI_cinit_table)

.init_array 
*          0    00000000    00000000     UNINITIALIZED

.data      0    20000000    0000204c     UNINITIALIZED
                  20000000    00002000     main.obj (.data:snake_array)
                  20002000    00000011     main.obj (.data)
                  20002011    00000003     --HOLE--
                  20002014    00000010     Crystalfontz128x128_ST7735.obj (.data:g_sCrystalfontz128x128)
                  20002024    0000000c     rtsv7M4_T_le_v4SPD16_eabi.lib : exit.obj (.data:$O1$$)
                  20002030    00000008                                   : _lock.obj (.data:$O1$$)
                  20002038    00000008     main.obj (.data:measures_rect)
                  20002040    00000004     rtsv7M4_T_le_v4SPD16_eabi.lib : errno.obj (.data)
                  20002044    00000004                                   : rand.obj (.data)
                  20002048    00000004                                   : stkdepth_vars.obj (.data)

.bss       0    2000204c    0000003e     UNINITIALIZED
                  2000204c    0000001c     (.common:g_sContext)
                  20002068    00000010     (.common:g_sDisplay)
                  20002078    00000004     main.obj (.bss:resultsBuffer)
                  2000207c    00000004     (.common:feed_position)
                  20002080    00000002     (.common:Lcd_ScreenHeigth)
                  20002082    00000002     (.common:Lcd_ScreenWidth)
                  20002084    00000002     (.common:Lcd_TouchTrim)
                  20002086    00000001     (.common:Lcd_FlagRead)
                  20002087    00000001     (.common:Lcd_FontSolid)
                  20002088    00000001     (.common:Lcd_Orientation)
                  20002089    00000001     (.common:Lcd_PenSolid)

.stack     0    2000fe00    00000200     UNINITIALIZED
                  2000fe00    00000200     --HOLE--

MODULE SUMMARY

       Module                                               code    ro data   rw data
       ------                                               ----    -------   -------
    .\
       main.obj                                             3388    0         16538  
       system_msp432p401r.obj                               120     0         0      
    +--+----------------------------------------------------+-------+---------+---------+
       Total:                                               3508    0         16538  
                                                                                     
    .\LcdDriver\
       Crystalfontz128x128_ST7735.obj                       1670    40        52     
       HAL_MSP_EXP432P401R_Crystalfontz128x128_ST7735.obj   212     28        0      
    +--+----------------------------------------------------+-------+---------+---------+
       Total:                                               1882    68        52     
                                                                                     
    .\ccs\
       startup_msp432p401r_ccs.obj                          14      228       0      
    +--+----------------------------------------------------+-------+---------+---------+
       Total:                                               14      228       0      
                                                                                     
    .\fonts\
       fontfixed6x8.obj                                     0       960       0      
    +--+----------------------------------------------------+-------+---------+---------+
       Total:                                               0       960       0      
                                                                                     
    C:/ti/simplelink_msp432p4_sdk_1_50_00_12/source/ti/devices/msp432p4xx/driverlib/ccs/msp432p4xx_driverlib.lib
       adc14_MSP432P4XX.obj                                 364     128       0      
       spi_MSP432P4XX.obj                                   222     0         0      
       gpio_MSP432P4XX.obj                                  156     48        0      
    +--+----------------------------------------------------+-------+---------+---------+
       Total:                                               742     176       0      
                                                                                     
    C:/ti/simplelink_msp432p4_sdk_1_50_00_12/source/ti/grlib/ccs/grlib.lib
       string.o                                             906     0         0      
       context.o                                            76      0         0      
       line.o                                               74      0         0      
       display.o                                            66      0         0      
    +--+----------------------------------------------------+-------+---------+---------+
       Total:                                               1122    0         0      
                                                                                     
    C:\ti\ccsv7\tools\compiler\ti-cgt-arm_16.9.3.LTS\lib\rtsv7M4_T_le_v4SPD16_eabi.lib
       _printfi.obj                                         4414    0         0      
       ull_div_t2.obj                                       500     0         0      
       fd_add_t2.obj                                        438     0         0      
       fd_div_t2.obj                                        310     0         0      
       fd_cmp_t2.obj                                        268     0         0      
       ctype.obj                                            0       257       0      
       fd_mul_t2.obj                                        252     0         0      
       s_scalbn.obj                                         252     0         0      
       memcpy_t2.obj                                        156     0         0      
       memset_t2.obj                                        122     0         0      
       autoinit.obj                                         112     0         0      
       exit.obj                                             84      0         24     
       copy_decompress_lzss.obj                             104     0         0      
       s_frexp.obj                                          100     0         0      
       sprintf.obj                                          96      0         0      
       boot.obj                                             84      0         0      
       ltoa.obj                                             84      0         0      
       rand.obj                                             76      0         8      
       atoi.obj                                             76      0         0      
       cpy_tbl.obj                                          76      0         0      
       fd_toi_t2.obj                                        72      0         0      
       i_tofd_t2.obj                                        46      0         0      
       _lock.obj                                            20      0         16     
       memccpy.obj                                          28      0         0      
       args_main.obj                                        24      0         0      
       strchr.obj                                           22      0         0      
       s_copysign.obj                                       20      0         0      
       strlen.obj                                           20      0         0      
       copy_decompress_none.obj                             14      0         0      
       copy_zero_init.obj                                   12      0         0      
       errno.obj                                            0       0         8      
       stkdepth_vars.obj                                    0       0         8      
       pre_init.obj                                         4       0         0      
       mpu_init.obj                                         2       0         0      
       startup.obj                                          2       0         0      
    +--+----------------------------------------------------+-------+---------+---------+
       Total:                                               7890    257       64     
                                                                                     
       Stack:                                               0       0         1024   
       Linker Generated:                                    0       84        0      
    +--+----------------------------------------------------+-------+---------+---------+
       Grand Total:                                         15158   1773      17678  


LINKER GENERATED COPY TABLES

__TI_cinit_table @ 00004220 records: 2, size/record: 8, table size: 16
	.data: load addr=000041d8, load size=00000030 bytes, run addr=20000000, run size=0000204c bytes, compression=lzss
	.bss: load addr=00004218, load size=00000008 bytes, run addr=2000204c, run size=0000003e bytes, compression=zero_init


LINKER GENERATED HANDLER TABLE

__TI_handler_table @ 00004208 records: 3, size/record: 4, table size: 12
	index: 0, handler: __TI_decompress_lzss
	index: 1, handler: __TI_decompress_none
	index: 2, handler: __TI_zero_init


GLOBAL SYMBOLS: SORTED ALPHABETICALLY BY Name 

address   name                                       
-------   ----                                       
00003349  ADC14_IRQHandler                           
00003349  ADC14_IRQHandler                           
00003ab9  ADC14_getResult                            
00002147  AES256_IRQHandler                          
000023a9  BUTTONS_CONFIG                             
00002147  BusFault_Handler                           
00003445  C$$EXIT                                    
00002f2d  CHECK_VALID_FEED                           
00002147  COMP_E0_IRQHandler                         
00002147  COMP_E1_IRQHandler                         
00002147  CS_IRQHandler                              
0000227d  Crystalfontz128x128_Init                   
00002149  Crystalfontz128x128_SetDrawFrame           
0000339d  Crystalfontz128x128_SetOrientation         
00002147  DMA_ERR_IRQHandler                         
00002147  DMA_INT0_IRQHandler                        
00002147  DMA_INT1_IRQHandler                        
00002147  DMA_INT2_IRQHandler                        
00002147  DMA_INT3_IRQHandler                        
00003235  DRAW_ERASE_TAIL                            
00003291  DRAW_FEED_PIXEL                            
00003669  DRAW_SNAKE                                 
000032ed  DRAW_SNAKE_PIXEL                           
00002147  DebugMon_Handler                           
00002147  Default_Handler                            
00002147  EUSCIA0_IRQHandler                         
00002147  EUSCIA1_IRQHandler                         
00002147  EUSCIA2_IRQHandler                         
00002147  EUSCIA3_IRQHandler                         
00002147  EUSCIB0_IRQHandler                         
00002147  EUSCIB1_IRQHandler                         
00002147  EUSCIB2_IRQHandler                         
00002147  EUSCIB3_IRQHandler                         
00003bb5  EUSCI_A_SPI_enable                         
00003bc1  EUSCI_B_SPI_enable                         
00002147  FLCTL_IRQHandler                           
00002147  FPU_IRQHandler                             
00001c0d  GAME_INIT                                  
000030b5  GAME_OVER                                  
00002d7d  GENERATE_FEED                              
00003a21  GPIO_setAsOutputPin                        
000034ed  GPIO_setAsPeripheralModuleFunctionOutputPin
00003b2d  GPIO_setOutputHighOnPin                    
00003ad1  GPIO_setOutputLowOnPin                     
00003bef  Graphics_clearDisplay                      
00003bf9  Graphics_clearDisplayOnDisplay             
00003b01  Graphics_drawHorizontalLineOnDisplay       
0000361d  Graphics_drawLineH                         
00003b7d  Graphics_drawPixelOnDisplay                
00001223  Graphics_drawString                        
00003809  Graphics_drawStringCentered                
00003c03  Graphics_fillRectangleOnDisplay            
00002e5d  Graphics_getStringWidth                    
00003a45  Graphics_initContext                       
00003b8b  Graphics_setBackgroundColor                
00003c17  Graphics_setFont                           
00003b99  Graphics_setForegroundColor                
00003c0d  Graphics_translateColorOnDisplay           
000038b1  HAL_LCD_PortInit                           
000037c9  HAL_LCD_SpiInit                            
00003841  HAL_LCD_writeCommand                       
000039cd  HAL_LCD_writeData                          
00002147  HardFault_Handler                          
20002086  Lcd_FlagRead                               
20002087  Lcd_FontSolid                              
20002088  Lcd_Orientation                            
20002089  Lcd_PenSolid                               
20002080  Lcd_ScreenHeigth                           
20002082  Lcd_ScreenWidth                            
20002084  Lcd_TouchTrim                              
00002147  MemManage_Handler                          
00002147  NMI_Handler                                
00002147  PCM_IRQHandler                             
00002147  PORT1_IRQHandler                           
00002147  PORT2_IRQHandler                           
00003115  PORT3_IRQHandler                           
00003115  PORT3_IRQHandler                           
00002789  PORT4_IRQHandler                           
00002789  PORT4_IRQHandler                           
00003175  PORT5_IRQHandler                           
00003175  PORT5_IRQHandler                           
00002147  PORT6_IRQHandler                           
00002147  PSS_IRQHandler                             
00002147  PendSV_Handler                             
00002d09  RECALCULATE_DIRECTION                      
00002147  RTC_C_IRQHandler                           
00003bcd  Reset_Handler                              
UNDEFED   SHT$$INIT_ARRAY$$Base                      
UNDEFED   SHT$$INIT_ARRAY$$Limit                     
00003a9d  SPI_enableModule                           
00002b1d  SPI_initMaster                             
00002147  SVC_Handler                                
00002147  SysTick_Handler                            
00002c91  SystemInit                                 
000036b1  T32_INT1_INIT                              
00001a75  T32_INT1_IRQHandler                        
00001a75  T32_INT1_IRQHandler                        
000038e1  T32_INT2_INIT                              
00002b99  T32_INT2_IRQHandler                        
00002b99  T32_INT2_IRQHandler                        
00002147  T32_INTC_IRQHandler                        
00002147  TA0_0_IRQHandler                           
00002147  TA0_N_IRQHandler                           
00002147  TA1_0_IRQHandler                           
00002147  TA1_N_IRQHandler                           
00002147  TA2_0_IRQHandler                           
00002147  TA2_N_IRQHandler                           
00002147  TA3_0_IRQHandler                           
00002147  TA3_N_IRQHandler                           
00002147  UsageFault_Handler                         
4000480c  WDTCTL_SYM                                 
00002147  WDT_A_IRQHandler                           
20010000  __STACK_END                                
00000200  __STACK_SIZE                               
00004220  __TI_CINIT_Base                            
00004230  __TI_CINIT_Limit                           
00004208  __TI_Handler_Table_Base                    
00004214  __TI_Handler_Table_Limit                   
00002ded  __TI_auto_init                             
20002024  __TI_cleanup_ptr                           
00002ec5  __TI_decompress_lzss                       
00003ba7  __TI_decompress_none                       
20002028  __TI_dtors_ptr                             
2000202c  __TI_enable_exit_profile_output            
ffffffff  __TI_pprof_out_hndl                        
00000929  __TI_printfi                               
ffffffff  __TI_prof_data_size                        
ffffffff  __TI_prof_data_start                       
00000000  __TI_static_base__                         
00003bd9  __TI_zero_init                             
00002a11  __aeabi_cdcmpeq                            
00002a11  __aeabi_cdcmple                            
00002a97  __aeabi_cdrcmple                           
00003741  __aeabi_d2iz                               
000018c9  __aeabi_dadd                               
00002011  __aeabi_ddiv                               
000024a9  __aeabi_dmul                               
000018bf  __aeabi_dsub                               
00003971  __aeabi_i2d                                
00002c15  __aeabi_memclr                             
00002c15  __aeabi_memclr4                            
00002c15  __aeabi_memclr8                            
00002975  __aeabi_memcpy                             
00002975  __aeabi_memcpy4                            
00002975  __aeabi_memcpy8                            
00002c17  __aeabi_memset                             
00002c17  __aeabi_memset4                            
00002c17  __aeabi_memset8                            
000014f3  __aeabi_uldivmod                           
ffffffff  __binit__                                  
ffffffff  __c_args__                                 
00002c8f  __mpu_init                                 
2000fe00  __stack                                    
00003ae9  _args_main                                 
000033f1  _c_int00                                   
00003f18  _ctypes_                                   
20002030  _lock                                      
00003b4f  _nop                                       
00003b47  _register_lock                             
00003b41  _register_unlock                           
00003667  _system_post_cinit                         
00003c1b  _system_pre_init                           
20002034  _unlock                                    
00003449  abort                                      
00003539  atoi                                       
ffffffff  binit                                      
00003585  copy_in                                    
00003b55  copysign                                   
00003b55  copysignl                                  
20002010  debounce_flags                             
20002009  direction                                  
000028d9  draw_display_initial_screen                
000026a1  draw_text_initial_screen                   
20002040  errno                                      
00003451  exit                                       
2000207c  feed_position                              
2000200a  first_time_bj                              
00002f91  frexp                                      
00002f91  frexpl                                     
2000204c  g_sContext                                 
20002014  g_sCrystalfontz128x128                     
00004194  g_sCrystalfontz128x128_funcs               
20002068  g_sDisplay                                 
0000401c  g_sFontFixed6x8                            
00000000  interruptVectors                           
000025a5  ldexp                                      
000025a5  ldexpl                                     
20002000  level                                      
00003499  ltoa                                       
00001ebd  main                                       
20002048  main_func_sp                               
20002008  max_score                                  
20002038  measures_rect                              
00003a67  memccpy                                    
00002975  memcpy                                     
00002c1d  memset                                     
000035e7  rand                                       
000025a5  scalbn                                     
000025a5  scalbnl                                    
20002004  score                                      
20000000  snake_array                                
2000200c  snake_size                                 
000031d5  sprintf                                    
000035d1  srand                                      
00003b17  strchr                                     
00003b69  strlen                                     


GLOBAL SYMBOLS: SORTED BY Symbol Address 

address   name                                       
-------   ----                                       
00000000  __TI_static_base__                         
00000000  interruptVectors                           
00000200  __STACK_SIZE                               
00000929  __TI_printfi                               
00001223  Graphics_drawString                        
000014f3  __aeabi_uldivmod                           
000018bf  __aeabi_dsub                               
000018c9  __aeabi_dadd                               
00001a75  T32_INT1_IRQHandler                        
00001a75  T32_INT1_IRQHandler                        
00001c0d  GAME_INIT                                  
00001ebd  main                                       
00002011  __aeabi_ddiv                               
00002147  AES256_IRQHandler                          
00002147  BusFault_Handler                           
00002147  COMP_E0_IRQHandler                         
00002147  COMP_E1_IRQHandler                         
00002147  CS_IRQHandler                              
00002147  DMA_ERR_IRQHandler                         
00002147  DMA_INT0_IRQHandler                        
00002147  DMA_INT1_IRQHandler                        
00002147  DMA_INT2_IRQHandler                        
00002147  DMA_INT3_IRQHandler                        
00002147  DebugMon_Handler                           
00002147  Default_Handler                            
00002147  EUSCIA0_IRQHandler                         
00002147  EUSCIA1_IRQHandler                         
00002147  EUSCIA2_IRQHandler                         
00002147  EUSCIA3_IRQHandler                         
00002147  EUSCIB0_IRQHandler                         
00002147  EUSCIB1_IRQHandler                         
00002147  EUSCIB2_IRQHandler                         
00002147  EUSCIB3_IRQHandler                         
00002147  FLCTL_IRQHandler                           
00002147  FPU_IRQHandler                             
00002147  HardFault_Handler                          
00002147  MemManage_Handler                          
00002147  NMI_Handler                                
00002147  PCM_IRQHandler                             
00002147  PORT1_IRQHandler                           
00002147  PORT2_IRQHandler                           
00002147  PORT6_IRQHandler                           
00002147  PSS_IRQHandler                             
00002147  PendSV_Handler                             
00002147  RTC_C_IRQHandler                           
00002147  SVC_Handler                                
00002147  SysTick_Handler                            
00002147  T32_INTC_IRQHandler                        
00002147  TA0_0_IRQHandler                           
00002147  TA0_N_IRQHandler                           
00002147  TA1_0_IRQHandler                           
00002147  TA1_N_IRQHandler                           
00002147  TA2_0_IRQHandler                           
00002147  TA2_N_IRQHandler                           
00002147  TA3_0_IRQHandler                           
00002147  TA3_N_IRQHandler                           
00002147  UsageFault_Handler                         
00002147  WDT_A_IRQHandler                           
00002149  Crystalfontz128x128_SetDrawFrame           
0000227d  Crystalfontz128x128_Init                   
000023a9  BUTTONS_CONFIG                             
000024a9  __aeabi_dmul                               
000025a5  ldexp                                      
000025a5  ldexpl                                     
000025a5  scalbn                                     
000025a5  scalbnl                                    
000026a1  draw_text_initial_screen                   
00002789  PORT4_IRQHandler                           
00002789  PORT4_IRQHandler                           
000028d9  draw_display_initial_screen                
00002975  __aeabi_memcpy                             
00002975  __aeabi_memcpy4                            
00002975  __aeabi_memcpy8                            
00002975  memcpy                                     
00002a11  __aeabi_cdcmpeq                            
00002a11  __aeabi_cdcmple                            
00002a97  __aeabi_cdrcmple                           
00002b1d  SPI_initMaster                             
00002b99  T32_INT2_IRQHandler                        
00002b99  T32_INT2_IRQHandler                        
00002c15  __aeabi_memclr                             
00002c15  __aeabi_memclr4                            
00002c15  __aeabi_memclr8                            
00002c17  __aeabi_memset                             
00002c17  __aeabi_memset4                            
00002c17  __aeabi_memset8                            
00002c1d  memset                                     
00002c8f  __mpu_init                                 
00002c91  SystemInit                                 
00002d09  RECALCULATE_DIRECTION                      
00002d7d  GENERATE_FEED                              
00002ded  __TI_auto_init                             
00002e5d  Graphics_getStringWidth                    
00002ec5  __TI_decompress_lzss                       
00002f2d  CHECK_VALID_FEED                           
00002f91  frexp                                      
00002f91  frexpl                                     
000030b5  GAME_OVER                                  
00003115  PORT3_IRQHandler                           
00003115  PORT3_IRQHandler                           
00003175  PORT5_IRQHandler                           
00003175  PORT5_IRQHandler                           
000031d5  sprintf                                    
00003235  DRAW_ERASE_TAIL                            
00003291  DRAW_FEED_PIXEL                            
000032ed  DRAW_SNAKE_PIXEL                           
00003349  ADC14_IRQHandler                           
00003349  ADC14_IRQHandler                           
0000339d  Crystalfontz128x128_SetOrientation         
000033f1  _c_int00                                   
00003445  C$$EXIT                                    
00003449  abort                                      
00003451  exit                                       
00003499  ltoa                                       
000034ed  GPIO_setAsPeripheralModuleFunctionOutputPin
00003539  atoi                                       
00003585  copy_in                                    
000035d1  srand                                      
000035e7  rand                                       
0000361d  Graphics_drawLineH                         
00003667  _system_post_cinit                         
00003669  DRAW_SNAKE                                 
000036b1  T32_INT1_INIT                              
00003741  __aeabi_d2iz                               
000037c9  HAL_LCD_SpiInit                            
00003809  Graphics_drawStringCentered                
00003841  HAL_LCD_writeCommand                       
000038b1  HAL_LCD_PortInit                           
000038e1  T32_INT2_INIT                              
00003971  __aeabi_i2d                                
000039cd  HAL_LCD_writeData                          
00003a21  GPIO_setAsOutputPin                        
00003a45  Graphics_initContext                       
00003a67  memccpy                                    
00003a9d  SPI_enableModule                           
00003ab9  ADC14_getResult                            
00003ad1  GPIO_setOutputLowOnPin                     
00003ae9  _args_main                                 
00003b01  Graphics_drawHorizontalLineOnDisplay       
00003b17  strchr                                     
00003b2d  GPIO_setOutputHighOnPin                    
00003b41  _register_unlock                           
00003b47  _register_lock                             
00003b4f  _nop                                       
00003b55  copysign                                   
00003b55  copysignl                                  
00003b69  strlen                                     
00003b7d  Graphics_drawPixelOnDisplay                
00003b8b  Graphics_setBackgroundColor                
00003b99  Graphics_setForegroundColor                
00003ba7  __TI_decompress_none                       
00003bb5  EUSCI_A_SPI_enable                         
00003bc1  EUSCI_B_SPI_enable                         
00003bcd  Reset_Handler                              
00003bd9  __TI_zero_init                             
00003bef  Graphics_clearDisplay                      
00003bf9  Graphics_clearDisplayOnDisplay             
00003c03  Graphics_fillRectangleOnDisplay            
00003c0d  Graphics_translateColorOnDisplay           
00003c17  Graphics_setFont                           
00003c1b  _system_pre_init                           
00003f18  _ctypes_                                   
0000401c  g_sFontFixed6x8                            
00004194  g_sCrystalfontz128x128_funcs               
00004208  __TI_Handler_Table_Base                    
00004214  __TI_Handler_Table_Limit                   
00004220  __TI_CINIT_Base                            
00004230  __TI_CINIT_Limit                           
20000000  snake_array                                
20002000  level                                      
20002004  score                                      
20002008  max_score                                  
20002009  direction                                  
2000200a  first_time_bj                              
2000200c  snake_size                                 
20002010  debounce_flags                             
20002014  g_sCrystalfontz128x128                     
20002024  __TI_cleanup_ptr                           
20002028  __TI_dtors_ptr                             
2000202c  __TI_enable_exit_profile_output            
20002030  _lock                                      
20002034  _unlock                                    
20002038  measures_rect                              
20002040  errno                                      
20002048  main_func_sp                               
2000204c  g_sContext                                 
20002068  g_sDisplay                                 
2000207c  feed_position                              
20002080  Lcd_ScreenHeigth                           
20002082  Lcd_ScreenWidth                            
20002084  Lcd_TouchTrim                              
20002086  Lcd_FlagRead                               
20002087  Lcd_FontSolid                              
20002088  Lcd_Orientation                            
20002089  Lcd_PenSolid                               
2000fe00  __stack                                    
20010000  __STACK_END                                
4000480c  WDTCTL_SYM                                 
ffffffff  __TI_pprof_out_hndl                        
ffffffff  __TI_prof_data_size                        
ffffffff  __TI_prof_data_start                       
ffffffff  __binit__                                  
ffffffff  __c_args__                                 
ffffffff  binit                                      
UNDEFED   SHT$$INIT_ARRAY$$Base                      
UNDEFED   SHT$$INIT_ARRAY$$Limit                     

[206 symbols]
