<?xml version="1.0"?>
<link_info>
   <banner>TI ARM Linker PC v16.9.3.LTS</banner>
   <copyright>Copyright (c) 1996-2017 Texas Instruments Incorporated</copyright>
   <link_time>0x5a2f56dc</link_time>
   <link_errors>0x0</link_errors>
   <output_file>Snake_V1.out</output_file>
   <entry_point>
      <name>_c_int00</name>
      <address>0x3299</address>
   </entry_point>
   <input_file_list>
      <input_file id="fl-2">
         <path>.\</path>
         <kind>object</kind>
         <file>main.obj</file>
         <name>main.obj</name>
      </input_file>
      <input_file id="fl-3">
         <path>.\</path>
         <kind>object</kind>
         <file>system_msp432p401r.obj</file>
         <name>system_msp432p401r.obj</name>
      </input_file>
      <input_file id="fl-4">
         <path>.\LcdDriver\</path>
         <kind>object</kind>
         <file>Crystalfontz128x128_ST7735.obj</file>
         <name>Crystalfontz128x128_ST7735.obj</name>
      </input_file>
      <input_file id="fl-5">
         <path>.\LcdDriver\</path>
         <kind>object</kind>
         <file>HAL_MSP_EXP432P401R_Crystalfontz128x128_ST7735.obj</file>
         <name>HAL_MSP_EXP432P401R_Crystalfontz128x128_ST7735.obj</name>
      </input_file>
      <input_file id="fl-6">
         <path>.\ccs\</path>
         <kind>object</kind>
         <file>startup_msp432p401r_ccs.obj</file>
         <name>startup_msp432p401r_ccs.obj</name>
      </input_file>
      <input_file id="fl-7">
         <path>.\fonts\</path>
         <kind>object</kind>
         <file>fontcm12.obj</file>
         <name>fontcm12.obj</name>
      </input_file>
      <input_file id="fl-8">
         <path>.\fonts\</path>
         <kind>object</kind>
         <file>fontcm12b.obj</file>
         <name>fontcm12b.obj</name>
      </input_file>
      <input_file id="fl-9">
         <path>.\fonts\</path>
         <kind>object</kind>
         <file>fontcm12i.obj</file>
         <name>fontcm12i.obj</name>
      </input_file>
      <input_file id="fl-a">
         <path>.\fonts\</path>
         <kind>object</kind>
         <file>fontcm14.obj</file>
         <name>fontcm14.obj</name>
      </input_file>
      <input_file id="fl-b">
         <path>.\fonts\</path>
         <kind>object</kind>
         <file>fontcm14b.obj</file>
         <name>fontcm14b.obj</name>
      </input_file>
      <input_file id="fl-c">
         <path>.\fonts\</path>
         <kind>object</kind>
         <file>fontcm14i.obj</file>
         <name>fontcm14i.obj</name>
      </input_file>
      <input_file id="fl-d">
         <path>.\fonts\</path>
         <kind>object</kind>
         <file>fontcm16.obj</file>
         <name>fontcm16.obj</name>
      </input_file>
      <input_file id="fl-e">
         <path>.\fonts\</path>
         <kind>object</kind>
         <file>fontcm16b.obj</file>
         <name>fontcm16b.obj</name>
      </input_file>
      <input_file id="fl-f">
         <path>.\fonts\</path>
         <kind>object</kind>
         <file>fontcm16i.obj</file>
         <name>fontcm16i.obj</name>
      </input_file>
      <input_file id="fl-10">
         <path>.\fonts\</path>
         <kind>object</kind>
         <file>fontcm18.obj</file>
         <name>fontcm18.obj</name>
      </input_file>
      <input_file id="fl-11">
         <path>.\fonts\</path>
         <kind>object</kind>
         <file>fontcm18b.obj</file>
         <name>fontcm18b.obj</name>
      </input_file>
      <input_file id="fl-12">
         <path>.\fonts\</path>
         <kind>object</kind>
         <file>fontcm18i.obj</file>
         <name>fontcm18i.obj</name>
      </input_file>
      <input_file id="fl-13">
         <path>.\fonts\</path>
         <kind>object</kind>
         <file>fontcm20.obj</file>
         <name>fontcm20.obj</name>
      </input_file>
      <input_file id="fl-14">
         <path>.\fonts\</path>
         <kind>object</kind>
         <file>fontcm20b.obj</file>
         <name>fontcm20b.obj</name>
      </input_file>
      <input_file id="fl-15">
         <path>.\fonts\</path>
         <kind>object</kind>
         <file>fontcm20i.obj</file>
         <name>fontcm20i.obj</name>
      </input_file>
      <input_file id="fl-16">
         <path>.\fonts\</path>
         <kind>object</kind>
         <file>fontcm22.obj</file>
         <name>fontcm22.obj</name>
      </input_file>
      <input_file id="fl-17">
         <path>.\fonts\</path>
         <kind>object</kind>
         <file>fontcm22b.obj</file>
         <name>fontcm22b.obj</name>
      </input_file>
      <input_file id="fl-18">
         <path>.\fonts\</path>
         <kind>object</kind>
         <file>fontcm22i.obj</file>
         <name>fontcm22i.obj</name>
      </input_file>
      <input_file id="fl-19">
         <path>.\fonts\</path>
         <kind>object</kind>
         <file>fontcm24.obj</file>
         <name>fontcm24.obj</name>
      </input_file>
      <input_file id="fl-1a">
         <path>.\fonts\</path>
         <kind>object</kind>
         <file>fontcm24b.obj</file>
         <name>fontcm24b.obj</name>
      </input_file>
      <input_file id="fl-1b">
         <path>.\fonts\</path>
         <kind>object</kind>
         <file>fontcm24i.obj</file>
         <name>fontcm24i.obj</name>
      </input_file>
      <input_file id="fl-1c">
         <path>.\fonts\</path>
         <kind>object</kind>
         <file>fontcm26.obj</file>
         <name>fontcm26.obj</name>
      </input_file>
      <input_file id="fl-1d">
         <path>.\fonts\</path>
         <kind>object</kind>
         <file>fontcm26b.obj</file>
         <name>fontcm26b.obj</name>
      </input_file>
      <input_file id="fl-1e">
         <path>.\fonts\</path>
         <kind>object</kind>
         <file>fontcm26i.obj</file>
         <name>fontcm26i.obj</name>
      </input_file>
      <input_file id="fl-1f">
         <path>.\fonts\</path>
         <kind>object</kind>
         <file>fontcm28.obj</file>
         <name>fontcm28.obj</name>
      </input_file>
      <input_file id="fl-20">
         <path>.\fonts\</path>
         <kind>object</kind>
         <file>fontcm28b.obj</file>
         <name>fontcm28b.obj</name>
      </input_file>
      <input_file id="fl-21">
         <path>.\fonts\</path>
         <kind>object</kind>
         <file>fontcm28i.obj</file>
         <name>fontcm28i.obj</name>
      </input_file>
      <input_file id="fl-22">
         <path>.\fonts\</path>
         <kind>object</kind>
         <file>fontcm30.obj</file>
         <name>fontcm30.obj</name>
      </input_file>
      <input_file id="fl-23">
         <path>.\fonts\</path>
         <kind>object</kind>
         <file>fontcm30b.obj</file>
         <name>fontcm30b.obj</name>
      </input_file>
      <input_file id="fl-24">
         <path>.\fonts\</path>
         <kind>object</kind>
         <file>fontcm30i.obj</file>
         <name>fontcm30i.obj</name>
      </input_file>
      <input_file id="fl-25">
         <path>.\fonts\</path>
         <kind>object</kind>
         <file>fontcm32.obj</file>
         <name>fontcm32.obj</name>
      </input_file>
      <input_file id="fl-26">
         <path>.\fonts\</path>
         <kind>object</kind>
         <file>fontcm32b.obj</file>
         <name>fontcm32b.obj</name>
      </input_file>
      <input_file id="fl-27">
         <path>.\fonts\</path>
         <kind>object</kind>
         <file>fontcm32i.obj</file>
         <name>fontcm32i.obj</name>
      </input_file>
      <input_file id="fl-28">
         <path>.\fonts\</path>
         <kind>object</kind>
         <file>fontcm34.obj</file>
         <name>fontcm34.obj</name>
      </input_file>
      <input_file id="fl-29">
         <path>.\fonts\</path>
         <kind>object</kind>
         <file>fontcm34b.obj</file>
         <name>fontcm34b.obj</name>
      </input_file>
      <input_file id="fl-2a">
         <path>.\fonts\</path>
         <kind>object</kind>
         <file>fontcm34i.obj</file>
         <name>fontcm34i.obj</name>
      </input_file>
      <input_file id="fl-2b">
         <path>.\fonts\</path>
         <kind>object</kind>
         <file>fontcm36.obj</file>
         <name>fontcm36.obj</name>
      </input_file>
      <input_file id="fl-2c">
         <path>.\fonts\</path>
         <kind>object</kind>
         <file>fontcm36b.obj</file>
         <name>fontcm36b.obj</name>
      </input_file>
      <input_file id="fl-2d">
         <path>.\fonts\</path>
         <kind>object</kind>
         <file>fontcm36i.obj</file>
         <name>fontcm36i.obj</name>
      </input_file>
      <input_file id="fl-2e">
         <path>.\fonts\</path>
         <kind>object</kind>
         <file>fontcm38.obj</file>
         <name>fontcm38.obj</name>
      </input_file>
      <input_file id="fl-2f">
         <path>.\fonts\</path>
         <kind>object</kind>
         <file>fontcm38b.obj</file>
         <name>fontcm38b.obj</name>
      </input_file>
      <input_file id="fl-30">
         <path>.\fonts\</path>
         <kind>object</kind>
         <file>fontcm38i.obj</file>
         <name>fontcm38i.obj</name>
      </input_file>
      <input_file id="fl-31">
         <path>.\fonts\</path>
         <kind>object</kind>
         <file>fontcm40.obj</file>
         <name>fontcm40.obj</name>
      </input_file>
      <input_file id="fl-32">
         <path>.\fonts\</path>
         <kind>object</kind>
         <file>fontcm40b.obj</file>
         <name>fontcm40b.obj</name>
      </input_file>
      <input_file id="fl-33">
         <path>.\fonts\</path>
         <kind>object</kind>
         <file>fontcm40i.obj</file>
         <name>fontcm40i.obj</name>
      </input_file>
      <input_file id="fl-34">
         <path>.\fonts\</path>
         <kind>object</kind>
         <file>fontcm42.obj</file>
         <name>fontcm42.obj</name>
      </input_file>
      <input_file id="fl-35">
         <path>.\fonts\</path>
         <kind>object</kind>
         <file>fontcm42b.obj</file>
         <name>fontcm42b.obj</name>
      </input_file>
      <input_file id="fl-36">
         <path>.\fonts\</path>
         <kind>object</kind>
         <file>fontcm42i.obj</file>
         <name>fontcm42i.obj</name>
      </input_file>
      <input_file id="fl-37">
         <path>.\fonts\</path>
         <kind>object</kind>
         <file>fontcm44.obj</file>
         <name>fontcm44.obj</name>
      </input_file>
      <input_file id="fl-38">
         <path>.\fonts\</path>
         <kind>object</kind>
         <file>fontcm44b.obj</file>
         <name>fontcm44b.obj</name>
      </input_file>
      <input_file id="fl-39">
         <path>.\fonts\</path>
         <kind>object</kind>
         <file>fontcm44i.obj</file>
         <name>fontcm44i.obj</name>
      </input_file>
      <input_file id="fl-3a">
         <path>.\fonts\</path>
         <kind>object</kind>
         <file>fontcm46.obj</file>
         <name>fontcm46.obj</name>
      </input_file>
      <input_file id="fl-3b">
         <path>.\fonts\</path>
         <kind>object</kind>
         <file>fontcm46b.obj</file>
         <name>fontcm46b.obj</name>
      </input_file>
      <input_file id="fl-3c">
         <path>.\fonts\</path>
         <kind>object</kind>
         <file>fontcm46i.obj</file>
         <name>fontcm46i.obj</name>
      </input_file>
      <input_file id="fl-3d">
         <path>.\fonts\</path>
         <kind>object</kind>
         <file>fontcm48.obj</file>
         <name>fontcm48.obj</name>
      </input_file>
      <input_file id="fl-3e">
         <path>.\fonts\</path>
         <kind>object</kind>
         <file>fontcm48b.obj</file>
         <name>fontcm48b.obj</name>
      </input_file>
      <input_file id="fl-3f">
         <path>.\fonts\</path>
         <kind>object</kind>
         <file>fontcm48i.obj</file>
         <name>fontcm48i.obj</name>
      </input_file>
      <input_file id="fl-40">
         <path>.\fonts\</path>
         <kind>object</kind>
         <file>fontcmsc12.obj</file>
         <name>fontcmsc12.obj</name>
      </input_file>
      <input_file id="fl-41">
         <path>.\fonts\</path>
         <kind>object</kind>
         <file>fontcmsc14.obj</file>
         <name>fontcmsc14.obj</name>
      </input_file>
      <input_file id="fl-42">
         <path>.\fonts\</path>
         <kind>object</kind>
         <file>fontcmsc16.obj</file>
         <name>fontcmsc16.obj</name>
      </input_file>
      <input_file id="fl-43">
         <path>.\fonts\</path>
         <kind>object</kind>
         <file>fontcmsc18.obj</file>
         <name>fontcmsc18.obj</name>
      </input_file>
      <input_file id="fl-44">
         <path>.\fonts\</path>
         <kind>object</kind>
         <file>fontcmsc20.obj</file>
         <name>fontcmsc20.obj</name>
      </input_file>
      <input_file id="fl-45">
         <path>.\fonts\</path>
         <kind>object</kind>
         <file>fontcmsc22.obj</file>
         <name>fontcmsc22.obj</name>
      </input_file>
      <input_file id="fl-46">
         <path>.\fonts\</path>
         <kind>object</kind>
         <file>fontcmsc24.obj</file>
         <name>fontcmsc24.obj</name>
      </input_file>
      <input_file id="fl-47">
         <path>.\fonts\</path>
         <kind>object</kind>
         <file>fontcmsc26.obj</file>
         <name>fontcmsc26.obj</name>
      </input_file>
      <input_file id="fl-48">
         <path>.\fonts\</path>
         <kind>object</kind>
         <file>fontcmsc28.obj</file>
         <name>fontcmsc28.obj</name>
      </input_file>
      <input_file id="fl-49">
         <path>.\fonts\</path>
         <kind>object</kind>
         <file>fontcmsc30.obj</file>
         <name>fontcmsc30.obj</name>
      </input_file>
      <input_file id="fl-4a">
         <path>.\fonts\</path>
         <kind>object</kind>
         <file>fontcmsc32.obj</file>
         <name>fontcmsc32.obj</name>
      </input_file>
      <input_file id="fl-4b">
         <path>.\fonts\</path>
         <kind>object</kind>
         <file>fontcmsc34.obj</file>
         <name>fontcmsc34.obj</name>
      </input_file>
      <input_file id="fl-4c">
         <path>.\fonts\</path>
         <kind>object</kind>
         <file>fontcmsc36.obj</file>
         <name>fontcmsc36.obj</name>
      </input_file>
      <input_file id="fl-4d">
         <path>.\fonts\</path>
         <kind>object</kind>
         <file>fontcmsc38.obj</file>
         <name>fontcmsc38.obj</name>
      </input_file>
      <input_file id="fl-4e">
         <path>.\fonts\</path>
         <kind>object</kind>
         <file>fontcmsc40.obj</file>
         <name>fontcmsc40.obj</name>
      </input_file>
      <input_file id="fl-4f">
         <path>.\fonts\</path>
         <kind>object</kind>
         <file>fontcmsc42.obj</file>
         <name>fontcmsc42.obj</name>
      </input_file>
      <input_file id="fl-50">
         <path>.\fonts\</path>
         <kind>object</kind>
         <file>fontcmsc44.obj</file>
         <name>fontcmsc44.obj</name>
      </input_file>
      <input_file id="fl-51">
         <path>.\fonts\</path>
         <kind>object</kind>
         <file>fontcmsc46.obj</file>
         <name>fontcmsc46.obj</name>
      </input_file>
      <input_file id="fl-52">
         <path>.\fonts\</path>
         <kind>object</kind>
         <file>fontcmsc48.obj</file>
         <name>fontcmsc48.obj</name>
      </input_file>
      <input_file id="fl-53">
         <path>.\fonts\</path>
         <kind>object</kind>
         <file>fontcmss12.obj</file>
         <name>fontcmss12.obj</name>
      </input_file>
      <input_file id="fl-54">
         <path>.\fonts\</path>
         <kind>object</kind>
         <file>fontcmss12b.obj</file>
         <name>fontcmss12b.obj</name>
      </input_file>
      <input_file id="fl-55">
         <path>.\fonts\</path>
         <kind>object</kind>
         <file>fontcmss12i.obj</file>
         <name>fontcmss12i.obj</name>
      </input_file>
      <input_file id="fl-56">
         <path>.\fonts\</path>
         <kind>object</kind>
         <file>fontcmss14.obj</file>
         <name>fontcmss14.obj</name>
      </input_file>
      <input_file id="fl-57">
         <path>.\fonts\</path>
         <kind>object</kind>
         <file>fontcmss14b.obj</file>
         <name>fontcmss14b.obj</name>
      </input_file>
      <input_file id="fl-58">
         <path>.\fonts\</path>
         <kind>object</kind>
         <file>fontcmss14i.obj</file>
         <name>fontcmss14i.obj</name>
      </input_file>
      <input_file id="fl-59">
         <path>.\fonts\</path>
         <kind>object</kind>
         <file>fontcmss16.obj</file>
         <name>fontcmss16.obj</name>
      </input_file>
      <input_file id="fl-5a">
         <path>.\fonts\</path>
         <kind>object</kind>
         <file>fontcmss16b.obj</file>
         <name>fontcmss16b.obj</name>
      </input_file>
      <input_file id="fl-5b">
         <path>.\fonts\</path>
         <kind>object</kind>
         <file>fontcmss16i.obj</file>
         <name>fontcmss16i.obj</name>
      </input_file>
      <input_file id="fl-5c">
         <path>.\fonts\</path>
         <kind>object</kind>
         <file>fontcmss18.obj</file>
         <name>fontcmss18.obj</name>
      </input_file>
      <input_file id="fl-5d">
         <path>.\fonts\</path>
         <kind>object</kind>
         <file>fontcmss18b.obj</file>
         <name>fontcmss18b.obj</name>
      </input_file>
      <input_file id="fl-5e">
         <path>.\fonts\</path>
         <kind>object</kind>
         <file>fontcmss18i.obj</file>
         <name>fontcmss18i.obj</name>
      </input_file>
      <input_file id="fl-5f">
         <path>.\fonts\</path>
         <kind>object</kind>
         <file>fontcmss20.obj</file>
         <name>fontcmss20.obj</name>
      </input_file>
      <input_file id="fl-60">
         <path>.\fonts\</path>
         <kind>object</kind>
         <file>fontcmss20b.obj</file>
         <name>fontcmss20b.obj</name>
      </input_file>
      <input_file id="fl-61">
         <path>.\fonts\</path>
         <kind>object</kind>
         <file>fontcmss20i.obj</file>
         <name>fontcmss20i.obj</name>
      </input_file>
      <input_file id="fl-62">
         <path>.\fonts\</path>
         <kind>object</kind>
         <file>fontcmss22.obj</file>
         <name>fontcmss22.obj</name>
      </input_file>
      <input_file id="fl-63">
         <path>.\fonts\</path>
         <kind>object</kind>
         <file>fontcmss22b.obj</file>
         <name>fontcmss22b.obj</name>
      </input_file>
      <input_file id="fl-64">
         <path>.\fonts\</path>
         <kind>object</kind>
         <file>fontcmss22i.obj</file>
         <name>fontcmss22i.obj</name>
      </input_file>
      <input_file id="fl-65">
         <path>.\fonts\</path>
         <kind>object</kind>
         <file>fontcmss24.obj</file>
         <name>fontcmss24.obj</name>
      </input_file>
      <input_file id="fl-66">
         <path>.\fonts\</path>
         <kind>object</kind>
         <file>fontcmss24b.obj</file>
         <name>fontcmss24b.obj</name>
      </input_file>
      <input_file id="fl-67">
         <path>.\fonts\</path>
         <kind>object</kind>
         <file>fontcmss24i.obj</file>
         <name>fontcmss24i.obj</name>
      </input_file>
      <input_file id="fl-68">
         <path>.\fonts\</path>
         <kind>object</kind>
         <file>fontcmss26.obj</file>
         <name>fontcmss26.obj</name>
      </input_file>
      <input_file id="fl-69">
         <path>.\fonts\</path>
         <kind>object</kind>
         <file>fontcmss26b.obj</file>
         <name>fontcmss26b.obj</name>
      </input_file>
      <input_file id="fl-6a">
         <path>.\fonts\</path>
         <kind>object</kind>
         <file>fontcmss26i.obj</file>
         <name>fontcmss26i.obj</name>
      </input_file>
      <input_file id="fl-6b">
         <path>.\fonts\</path>
         <kind>object</kind>
         <file>fontcmss28.obj</file>
         <name>fontcmss28.obj</name>
      </input_file>
      <input_file id="fl-6c">
         <path>.\fonts\</path>
         <kind>object</kind>
         <file>fontcmss28b.obj</file>
         <name>fontcmss28b.obj</name>
      </input_file>
      <input_file id="fl-6d">
         <path>.\fonts\</path>
         <kind>object</kind>
         <file>fontcmss28i.obj</file>
         <name>fontcmss28i.obj</name>
      </input_file>
      <input_file id="fl-6e">
         <path>.\fonts\</path>
         <kind>object</kind>
         <file>fontcmss30.obj</file>
         <name>fontcmss30.obj</name>
      </input_file>
      <input_file id="fl-6f">
         <path>.\fonts\</path>
         <kind>object</kind>
         <file>fontcmss30b.obj</file>
         <name>fontcmss30b.obj</name>
      </input_file>
      <input_file id="fl-70">
         <path>.\fonts\</path>
         <kind>object</kind>
         <file>fontcmss30i.obj</file>
         <name>fontcmss30i.obj</name>
      </input_file>
      <input_file id="fl-71">
         <path>.\fonts\</path>
         <kind>object</kind>
         <file>fontcmss32.obj</file>
         <name>fontcmss32.obj</name>
      </input_file>
      <input_file id="fl-72">
         <path>.\fonts\</path>
         <kind>object</kind>
         <file>fontcmss32b.obj</file>
         <name>fontcmss32b.obj</name>
      </input_file>
      <input_file id="fl-73">
         <path>.\fonts\</path>
         <kind>object</kind>
         <file>fontcmss32i.obj</file>
         <name>fontcmss32i.obj</name>
      </input_file>
      <input_file id="fl-74">
         <path>.\fonts\</path>
         <kind>object</kind>
         <file>fontcmss34.obj</file>
         <name>fontcmss34.obj</name>
      </input_file>
      <input_file id="fl-75">
         <path>.\fonts\</path>
         <kind>object</kind>
         <file>fontcmss34b.obj</file>
         <name>fontcmss34b.obj</name>
      </input_file>
      <input_file id="fl-76">
         <path>.\fonts\</path>
         <kind>object</kind>
         <file>fontcmss34i.obj</file>
         <name>fontcmss34i.obj</name>
      </input_file>
      <input_file id="fl-77">
         <path>.\fonts\</path>
         <kind>object</kind>
         <file>fontcmss36.obj</file>
         <name>fontcmss36.obj</name>
      </input_file>
      <input_file id="fl-78">
         <path>.\fonts\</path>
         <kind>object</kind>
         <file>fontcmss36b.obj</file>
         <name>fontcmss36b.obj</name>
      </input_file>
      <input_file id="fl-79">
         <path>.\fonts\</path>
         <kind>object</kind>
         <file>fontcmss36i.obj</file>
         <name>fontcmss36i.obj</name>
      </input_file>
      <input_file id="fl-7a">
         <path>.\fonts\</path>
         <kind>object</kind>
         <file>fontcmss38.obj</file>
         <name>fontcmss38.obj</name>
      </input_file>
      <input_file id="fl-7b">
         <path>.\fonts\</path>
         <kind>object</kind>
         <file>fontcmss38b.obj</file>
         <name>fontcmss38b.obj</name>
      </input_file>
      <input_file id="fl-7c">
         <path>.\fonts\</path>
         <kind>object</kind>
         <file>fontcmss38i.obj</file>
         <name>fontcmss38i.obj</name>
      </input_file>
      <input_file id="fl-7d">
         <path>.\fonts\</path>
         <kind>object</kind>
         <file>fontcmss40.obj</file>
         <name>fontcmss40.obj</name>
      </input_file>
      <input_file id="fl-7e">
         <path>.\fonts\</path>
         <kind>object</kind>
         <file>fontcmss40b.obj</file>
         <name>fontcmss40b.obj</name>
      </input_file>
      <input_file id="fl-7f">
         <path>.\fonts\</path>
         <kind>object</kind>
         <file>fontcmss40i.obj</file>
         <name>fontcmss40i.obj</name>
      </input_file>
      <input_file id="fl-80">
         <path>.\fonts\</path>
         <kind>object</kind>
         <file>fontcmss42.obj</file>
         <name>fontcmss42.obj</name>
      </input_file>
      <input_file id="fl-81">
         <path>.\fonts\</path>
         <kind>object</kind>
         <file>fontcmss42b.obj</file>
         <name>fontcmss42b.obj</name>
      </input_file>
      <input_file id="fl-82">
         <path>.\fonts\</path>
         <kind>object</kind>
         <file>fontcmss42i.obj</file>
         <name>fontcmss42i.obj</name>
      </input_file>
      <input_file id="fl-83">
         <path>.\fonts\</path>
         <kind>object</kind>
         <file>fontcmss44.obj</file>
         <name>fontcmss44.obj</name>
      </input_file>
      <input_file id="fl-84">
         <path>.\fonts\</path>
         <kind>object</kind>
         <file>fontcmss44b.obj</file>
         <name>fontcmss44b.obj</name>
      </input_file>
      <input_file id="fl-85">
         <path>.\fonts\</path>
         <kind>object</kind>
         <file>fontcmss44i.obj</file>
         <name>fontcmss44i.obj</name>
      </input_file>
      <input_file id="fl-86">
         <path>.\fonts\</path>
         <kind>object</kind>
         <file>fontcmss46.obj</file>
         <name>fontcmss46.obj</name>
      </input_file>
      <input_file id="fl-87">
         <path>.\fonts\</path>
         <kind>object</kind>
         <file>fontcmss46b.obj</file>
         <name>fontcmss46b.obj</name>
      </input_file>
      <input_file id="fl-88">
         <path>.\fonts\</path>
         <kind>object</kind>
         <file>fontcmss46i.obj</file>
         <name>fontcmss46i.obj</name>
      </input_file>
      <input_file id="fl-89">
         <path>.\fonts\</path>
         <kind>object</kind>
         <file>fontcmss48.obj</file>
         <name>fontcmss48.obj</name>
      </input_file>
      <input_file id="fl-8a">
         <path>.\fonts\</path>
         <kind>object</kind>
         <file>fontcmss48b.obj</file>
         <name>fontcmss48b.obj</name>
      </input_file>
      <input_file id="fl-8b">
         <path>.\fonts\</path>
         <kind>object</kind>
         <file>fontcmss48i.obj</file>
         <name>fontcmss48i.obj</name>
      </input_file>
      <input_file id="fl-8c">
         <path>.\fonts\</path>
         <kind>object</kind>
         <file>fontcmtt12.obj</file>
         <name>fontcmtt12.obj</name>
      </input_file>
      <input_file id="fl-8d">
         <path>.\fonts\</path>
         <kind>object</kind>
         <file>fontcmtt14.obj</file>
         <name>fontcmtt14.obj</name>
      </input_file>
      <input_file id="fl-8e">
         <path>.\fonts\</path>
         <kind>object</kind>
         <file>fontcmtt16.obj</file>
         <name>fontcmtt16.obj</name>
      </input_file>
      <input_file id="fl-8f">
         <path>.\fonts\</path>
         <kind>object</kind>
         <file>fontcmtt18.obj</file>
         <name>fontcmtt18.obj</name>
      </input_file>
      <input_file id="fl-90">
         <path>.\fonts\</path>
         <kind>object</kind>
         <file>fontcmtt20.obj</file>
         <name>fontcmtt20.obj</name>
      </input_file>
      <input_file id="fl-91">
         <path>.\fonts\</path>
         <kind>object</kind>
         <file>fontcmtt22.obj</file>
         <name>fontcmtt22.obj</name>
      </input_file>
      <input_file id="fl-92">
         <path>.\fonts\</path>
         <kind>object</kind>
         <file>fontcmtt24.obj</file>
         <name>fontcmtt24.obj</name>
      </input_file>
      <input_file id="fl-93">
         <path>.\fonts\</path>
         <kind>object</kind>
         <file>fontcmtt26.obj</file>
         <name>fontcmtt26.obj</name>
      </input_file>
      <input_file id="fl-94">
         <path>.\fonts\</path>
         <kind>object</kind>
         <file>fontcmtt28.obj</file>
         <name>fontcmtt28.obj</name>
      </input_file>
      <input_file id="fl-95">
         <path>.\fonts\</path>
         <kind>object</kind>
         <file>fontcmtt30.obj</file>
         <name>fontcmtt30.obj</name>
      </input_file>
      <input_file id="fl-96">
         <path>.\fonts\</path>
         <kind>object</kind>
         <file>fontcmtt32.obj</file>
         <name>fontcmtt32.obj</name>
      </input_file>
      <input_file id="fl-97">
         <path>.\fonts\</path>
         <kind>object</kind>
         <file>fontcmtt34.obj</file>
         <name>fontcmtt34.obj</name>
      </input_file>
      <input_file id="fl-98">
         <path>.\fonts\</path>
         <kind>object</kind>
         <file>fontcmtt36.obj</file>
         <name>fontcmtt36.obj</name>
      </input_file>
      <input_file id="fl-99">
         <path>.\fonts\</path>
         <kind>object</kind>
         <file>fontcmtt38.obj</file>
         <name>fontcmtt38.obj</name>
      </input_file>
      <input_file id="fl-9a">
         <path>.\fonts\</path>
         <kind>object</kind>
         <file>fontcmtt40.obj</file>
         <name>fontcmtt40.obj</name>
      </input_file>
      <input_file id="fl-9b">
         <path>.\fonts\</path>
         <kind>object</kind>
         <file>fontcmtt42.obj</file>
         <name>fontcmtt42.obj</name>
      </input_file>
      <input_file id="fl-9c">
         <path>.\fonts\</path>
         <kind>object</kind>
         <file>fontcmtt44.obj</file>
         <name>fontcmtt44.obj</name>
      </input_file>
      <input_file id="fl-9d">
         <path>.\fonts\</path>
         <kind>object</kind>
         <file>fontcmtt46.obj</file>
         <name>fontcmtt46.obj</name>
      </input_file>
      <input_file id="fl-9e">
         <path>.\fonts\</path>
         <kind>object</kind>
         <file>fontcmtt48.obj</file>
         <name>fontcmtt48.obj</name>
      </input_file>
      <input_file id="fl-9f">
         <path>.\fonts\</path>
         <kind>object</kind>
         <file>fontfixed6x8.obj</file>
         <name>fontfixed6x8.obj</name>
      </input_file>
      <input_file id="fl-a8">
         <kind>object</kind>
         <file>&lt;internal&gt;</file>
         <name>&lt;internal&gt;</name>
      </input_file>
      <input_file id="fl-a9">
         <path>C:\ti\simplelink_msp432p4_sdk_1_50_00_12\source\ti\grlib\ccs\</path>
         <kind>archive</kind>
         <file>grlib.lib</file>
         <name>context.o</name>
      </input_file>
      <input_file id="fl-aa">
         <path>C:\ti\simplelink_msp432p4_sdk_1_50_00_12\source\ti\grlib\ccs\</path>
         <kind>archive</kind>
         <file>grlib.lib</file>
         <name>display.o</name>
      </input_file>
      <input_file id="fl-ab">
         <path>C:\ti\simplelink_msp432p4_sdk_1_50_00_12\source\ti\grlib\ccs\</path>
         <kind>archive</kind>
         <file>grlib.lib</file>
         <name>string.o</name>
      </input_file>
      <input_file id="fl-ac">
         <path>C:\ti\simplelink_msp432p4_sdk_1_50_00_12\source\ti\grlib\ccs\</path>
         <kind>archive</kind>
         <file>grlib.lib</file>
         <name>line.o</name>
      </input_file>
      <input_file id="fl-ad">
         <path>C:\ti\simplelink_msp432p4_sdk_1_50_00_12\source\ti\devices\msp432p4xx\driverlib\ccs\</path>
         <kind>archive</kind>
         <file>msp432p4xx_driverlib.lib</file>
         <name>adc14_MSP432P4XX.obj</name>
      </input_file>
      <input_file id="fl-ae">
         <path>C:\ti\simplelink_msp432p4_sdk_1_50_00_12\source\ti\devices\msp432p4xx\driverlib\ccs\</path>
         <kind>archive</kind>
         <file>msp432p4xx_driverlib.lib</file>
         <name>gpio_MSP432P4XX.obj</name>
      </input_file>
      <input_file id="fl-af">
         <path>C:\ti\simplelink_msp432p4_sdk_1_50_00_12\source\ti\devices\msp432p4xx\driverlib\ccs\</path>
         <kind>archive</kind>
         <file>msp432p4xx_driverlib.lib</file>
         <name>interrupt_MSP432P4XX.obj</name>
      </input_file>
      <input_file id="fl-b0">
         <path>C:\ti\simplelink_msp432p4_sdk_1_50_00_12\source\ti\devices\msp432p4xx\driverlib\ccs\</path>
         <kind>archive</kind>
         <file>msp432p4xx_driverlib.lib</file>
         <name>spi_MSP432P4XX.obj</name>
      </input_file>
      <input_file id="fl-b1">
         <path>C:\ti\simplelink_msp432p4_sdk_1_50_00_12\source\ti\devices\msp432p4xx\driverlib\ccs\</path>
         <kind>archive</kind>
         <file>msp432p4xx_driverlib.lib</file>
         <name>cpu_MSP432P4XX.obj</name>
      </input_file>
      <input_file id="fl-167">
         <path>C:\ti\ccsv7\tools\compiler\ti-cgt-arm_16.9.3.LTS\lib\</path>
         <kind>archive</kind>
         <file>rtsv7M4_T_le_v4SPD16_eabi.lib</file>
         <name>boot.obj</name>
      </input_file>
      <input_file id="fl-168">
         <path>C:\ti\ccsv7\tools\compiler\ti-cgt-arm_16.9.3.LTS\lib\</path>
         <kind>archive</kind>
         <file>rtsv7M4_T_le_v4SPD16_eabi.lib</file>
         <name>copy_decompress_lzss.obj</name>
      </input_file>
      <input_file id="fl-169">
         <path>C:\ti\ccsv7\tools\compiler\ti-cgt-arm_16.9.3.LTS\lib\</path>
         <kind>archive</kind>
         <file>rtsv7M4_T_le_v4SPD16_eabi.lib</file>
         <name>copy_decompress_none.obj</name>
      </input_file>
      <input_file id="fl-16a">
         <path>C:\ti\ccsv7\tools\compiler\ti-cgt-arm_16.9.3.LTS\lib\</path>
         <kind>archive</kind>
         <file>rtsv7M4_T_le_v4SPD16_eabi.lib</file>
         <name>copy_zero_init.obj</name>
      </input_file>
      <input_file id="fl-16b">
         <path>C:\ti\ccsv7\tools\compiler\ti-cgt-arm_16.9.3.LTS\lib\</path>
         <kind>archive</kind>
         <file>rtsv7M4_T_le_v4SPD16_eabi.lib</file>
         <name>exit.obj</name>
      </input_file>
      <input_file id="fl-16c">
         <path>C:\ti\ccsv7\tools\compiler\ti-cgt-arm_16.9.3.LTS\lib\</path>
         <kind>archive</kind>
         <file>rtsv7M4_T_le_v4SPD16_eabi.lib</file>
         <name>memcpy_t2.obj</name>
      </input_file>
      <input_file id="fl-16d">
         <path>C:\ti\ccsv7\tools\compiler\ti-cgt-arm_16.9.3.LTS\lib\</path>
         <kind>archive</kind>
         <file>rtsv7M4_T_le_v4SPD16_eabi.lib</file>
         <name>memset_t2.obj</name>
      </input_file>
      <input_file id="fl-16e">
         <path>C:\ti\ccsv7\tools\compiler\ti-cgt-arm_16.9.3.LTS\lib\</path>
         <kind>archive</kind>
         <file>rtsv7M4_T_le_v4SPD16_eabi.lib</file>
         <name>mpu_init.obj</name>
      </input_file>
      <input_file id="fl-16f">
         <path>C:\ti\ccsv7\tools\compiler\ti-cgt-arm_16.9.3.LTS\lib\</path>
         <kind>archive</kind>
         <file>rtsv7M4_T_le_v4SPD16_eabi.lib</file>
         <name>pre_init.obj</name>
      </input_file>
      <input_file id="fl-170">
         <path>C:\ti\ccsv7\tools\compiler\ti-cgt-arm_16.9.3.LTS\lib\</path>
         <kind>archive</kind>
         <file>rtsv7M4_T_le_v4SPD16_eabi.lib</file>
         <name>rand.obj</name>
      </input_file>
      <input_file id="fl-171">
         <path>C:\ti\ccsv7\tools\compiler\ti-cgt-arm_16.9.3.LTS\lib\</path>
         <kind>archive</kind>
         <file>rtsv7M4_T_le_v4SPD16_eabi.lib</file>
         <name>sprintf.obj</name>
      </input_file>
      <input_file id="fl-172">
         <path>C:\ti\ccsv7\tools\compiler\ti-cgt-arm_16.9.3.LTS\lib\</path>
         <kind>archive</kind>
         <file>rtsv7M4_T_le_v4SPD16_eabi.lib</file>
         <name>stkdepth_vars.obj</name>
      </input_file>
      <input_file id="fl-173">
         <path>C:\ti\ccsv7\tools\compiler\ti-cgt-arm_16.9.3.LTS\lib\</path>
         <kind>archive</kind>
         <file>rtsv7M4_T_le_v4SPD16_eabi.lib</file>
         <name>_lock.obj</name>
      </input_file>
      <input_file id="fl-174">
         <path>C:\ti\ccsv7\tools\compiler\ti-cgt-arm_16.9.3.LTS\lib\</path>
         <kind>archive</kind>
         <file>rtsv7M4_T_le_v4SPD16_eabi.lib</file>
         <name>_printfi.obj</name>
      </input_file>
      <input_file id="fl-175">
         <path>C:\ti\ccsv7\tools\compiler\ti-cgt-arm_16.9.3.LTS\lib\</path>
         <kind>archive</kind>
         <file>rtsv7M4_T_le_v4SPD16_eabi.lib</file>
         <name>args_main.obj</name>
      </input_file>
      <input_file id="fl-176">
         <path>C:\ti\ccsv7\tools\compiler\ti-cgt-arm_16.9.3.LTS\lib\</path>
         <kind>archive</kind>
         <file>rtsv7M4_T_le_v4SPD16_eabi.lib</file>
         <name>atoi.obj</name>
      </input_file>
      <input_file id="fl-177">
         <path>C:\ti\ccsv7\tools\compiler\ti-cgt-arm_16.9.3.LTS\lib\</path>
         <kind>archive</kind>
         <file>rtsv7M4_T_le_v4SPD16_eabi.lib</file>
         <name>autoinit.obj</name>
      </input_file>
      <input_file id="fl-178">
         <path>C:\ti\ccsv7\tools\compiler\ti-cgt-arm_16.9.3.LTS\lib\</path>
         <kind>archive</kind>
         <file>rtsv7M4_T_le_v4SPD16_eabi.lib</file>
         <name>cpy_tbl.obj</name>
      </input_file>
      <input_file id="fl-179">
         <path>C:\ti\ccsv7\tools\compiler\ti-cgt-arm_16.9.3.LTS\lib\</path>
         <kind>archive</kind>
         <file>rtsv7M4_T_le_v4SPD16_eabi.lib</file>
         <name>ctype.obj</name>
      </input_file>
      <input_file id="fl-17a">
         <path>C:\ti\ccsv7\tools\compiler\ti-cgt-arm_16.9.3.LTS\lib\</path>
         <kind>archive</kind>
         <file>rtsv7M4_T_le_v4SPD16_eabi.lib</file>
         <name>fd_add_t2.obj</name>
      </input_file>
      <input_file id="fl-17b">
         <path>C:\ti\ccsv7\tools\compiler\ti-cgt-arm_16.9.3.LTS\lib\</path>
         <kind>archive</kind>
         <file>rtsv7M4_T_le_v4SPD16_eabi.lib</file>
         <name>fd_cmp_t2.obj</name>
      </input_file>
      <input_file id="fl-17c">
         <path>C:\ti\ccsv7\tools\compiler\ti-cgt-arm_16.9.3.LTS\lib\</path>
         <kind>archive</kind>
         <file>rtsv7M4_T_le_v4SPD16_eabi.lib</file>
         <name>fd_div_t2.obj</name>
      </input_file>
      <input_file id="fl-17d">
         <path>C:\ti\ccsv7\tools\compiler\ti-cgt-arm_16.9.3.LTS\lib\</path>
         <kind>archive</kind>
         <file>rtsv7M4_T_le_v4SPD16_eabi.lib</file>
         <name>fd_mul_t2.obj</name>
      </input_file>
      <input_file id="fl-17e">
         <path>C:\ti\ccsv7\tools\compiler\ti-cgt-arm_16.9.3.LTS\lib\</path>
         <kind>archive</kind>
         <file>rtsv7M4_T_le_v4SPD16_eabi.lib</file>
         <name>fd_toi_t2.obj</name>
      </input_file>
      <input_file id="fl-17f">
         <path>C:\ti\ccsv7\tools\compiler\ti-cgt-arm_16.9.3.LTS\lib\</path>
         <kind>archive</kind>
         <file>rtsv7M4_T_le_v4SPD16_eabi.lib</file>
         <name>i_tofd_t2.obj</name>
      </input_file>
      <input_file id="fl-180">
         <path>C:\ti\ccsv7\tools\compiler\ti-cgt-arm_16.9.3.LTS\lib\</path>
         <kind>archive</kind>
         <file>rtsv7M4_T_le_v4SPD16_eabi.lib</file>
         <name>ltoa.obj</name>
      </input_file>
      <input_file id="fl-181">
         <path>C:\ti\ccsv7\tools\compiler\ti-cgt-arm_16.9.3.LTS\lib\</path>
         <kind>archive</kind>
         <file>rtsv7M4_T_le_v4SPD16_eabi.lib</file>
         <name>memccpy.obj</name>
      </input_file>
      <input_file id="fl-182">
         <path>C:\ti\ccsv7\tools\compiler\ti-cgt-arm_16.9.3.LTS\lib\</path>
         <kind>archive</kind>
         <file>rtsv7M4_T_le_v4SPD16_eabi.lib</file>
         <name>s_frexp.obj</name>
      </input_file>
      <input_file id="fl-183">
         <path>C:\ti\ccsv7\tools\compiler\ti-cgt-arm_16.9.3.LTS\lib\</path>
         <kind>archive</kind>
         <file>rtsv7M4_T_le_v4SPD16_eabi.lib</file>
         <name>s_scalbn.obj</name>
      </input_file>
      <input_file id="fl-184">
         <path>C:\ti\ccsv7\tools\compiler\ti-cgt-arm_16.9.3.LTS\lib\</path>
         <kind>archive</kind>
         <file>rtsv7M4_T_le_v4SPD16_eabi.lib</file>
         <name>startup.obj</name>
      </input_file>
      <input_file id="fl-185">
         <path>C:\ti\ccsv7\tools\compiler\ti-cgt-arm_16.9.3.LTS\lib\</path>
         <kind>archive</kind>
         <file>rtsv7M4_T_le_v4SPD16_eabi.lib</file>
         <name>strchr.obj</name>
      </input_file>
      <input_file id="fl-186">
         <path>C:\ti\ccsv7\tools\compiler\ti-cgt-arm_16.9.3.LTS\lib\</path>
         <kind>archive</kind>
         <file>rtsv7M4_T_le_v4SPD16_eabi.lib</file>
         <name>strlen.obj</name>
      </input_file>
      <input_file id="fl-187">
         <path>C:\ti\ccsv7\tools\compiler\ti-cgt-arm_16.9.3.LTS\lib\</path>
         <kind>archive</kind>
         <file>rtsv7M4_T_le_v4SPD16_eabi.lib</file>
         <name>ull_div_t2.obj</name>
      </input_file>
      <input_file id="fl-188">
         <path>C:\ti\ccsv7\tools\compiler\ti-cgt-arm_16.9.3.LTS\lib\</path>
         <kind>archive</kind>
         <file>rtsv7M4_T_le_v4SPD16_eabi.lib</file>
         <name>errno.obj</name>
      </input_file>
      <input_file id="fl-189">
         <path>C:\ti\ccsv7\tools\compiler\ti-cgt-arm_16.9.3.LTS\lib\</path>
         <kind>archive</kind>
         <file>rtsv7M4_T_le_v4SPD16_eabi.lib</file>
         <name>s_copysign.obj</name>
      </input_file>
   </input_file_list>
   <object_component_list>
      <object_component id="oc-2c">
         <name>.intvecs:retain</name>
         <load_address>0x0</load_address>
         <run_address>0x0</run_address>
         <size>0xe4</size>
         <input_file_ref idref="fl-6"/>
      </object_component>
      <object_component id="oc-2fc">
         <name>.text</name>
         <load_address>0xe4</load_address>
         <run_address>0xe4</run_address>
         <size>0x113e</size>
         <input_file_ref idref="fl-174"/>
      </object_component>
      <object_component id="oc-30f">
         <name>.text:Graphics_drawString</name>
         <load_address>0x1222</load_address>
         <run_address>0x1222</run_address>
         <size>0x2d0</size>
         <input_file_ref idref="fl-ab"/>
      </object_component>
      <object_component id="oc-351">
         <name>.text</name>
         <load_address>0x14f2</load_address>
         <run_address>0x14f2</run_address>
         <size>0x1f4</size>
         <input_file_ref idref="fl-187"/>
      </object_component>
      <object_component id="oc-27c">
         <name>.text:Crystalfontz128x128_PixelDrawMultiple</name>
         <load_address>0x16e6</load_address>
         <run_address>0x16e6</run_address>
         <size>0x1d8</size>
         <input_file_ref idref="fl-4"/>
      </object_component>
      <object_component id="oc-380">
         <name>.text</name>
         <load_address>0x18be</load_address>
         <run_address>0x18be</run_address>
         <size>0x1b6</size>
         <input_file_ref idref="fl-17a"/>
      </object_component>
      <object_component id="oc-87">
         <name>.text:T32_INT1_IRQHandler</name>
         <load_address>0x1a74</load_address>
         <run_address>0x1a74</run_address>
         <size>0x198</size>
         <input_file_ref idref="fl-2"/>
      </object_component>
      <object_component id="oc-144">
         <name>.text:GAME_INIT</name>
         <load_address>0x1c0c</load_address>
         <run_address>0x1c0c</run_address>
         <size>0x15c</size>
         <input_file_ref idref="fl-2"/>
      </object_component>
      <object_component id="oc-1c2">
         <name>.text:_getIndexForMemRegister</name>
         <load_address>0x1d68</load_address>
         <run_address>0x1d68</run_address>
         <size>0x154</size>
         <input_file_ref idref="fl-ad"/>
      </object_component>
      <object_component id="oc-c8">
         <name>.text:main</name>
         <load_address>0x1ebc</load_address>
         <run_address>0x1ebc</run_address>
         <size>0x154</size>
         <input_file_ref idref="fl-2"/>
      </object_component>
      <object_component id="oc-366">
         <name>.text</name>
         <load_address>0x2010</load_address>
         <run_address>0x2010</run_address>
         <size>0x136</size>
         <input_file_ref idref="fl-17c"/>
      </object_component>
      <object_component id="oc-7b">
         <name>.text:Default_Handler</name>
         <load_address>0x2146</load_address>
         <run_address>0x2146</run_address>
         <size>0x2</size>
         <input_file_ref idref="fl-6"/>
      </object_component>
      <object_component id="oc-24b">
         <name>.text:Crystalfontz128x128_SetDrawFrame</name>
         <load_address>0x2148</load_address>
         <run_address>0x2148</run_address>
         <size>0x134</size>
         <input_file_ref idref="fl-4"/>
      </object_component>
      <object_component id="oc-172">
         <name>.text:Crystalfontz128x128_Init</name>
         <load_address>0x227c</load_address>
         <run_address>0x227c</run_address>
         <size>0x12c</size>
         <input_file_ref idref="fl-4"/>
      </object_component>
      <object_component id="oc-196">
         <name>.text:BUTTONS_CONFIG</name>
         <load_address>0x23a8</load_address>
         <run_address>0x23a8</run_address>
         <size>0x100</size>
         <input_file_ref idref="fl-2"/>
      </object_component>
      <object_component id="oc-361">
         <name>.text</name>
         <load_address>0x24a8</load_address>
         <run_address>0x24a8</run_address>
         <size>0xfc</size>
         <input_file_ref idref="fl-17d"/>
      </object_component>
      <object_component id="oc-38b">
         <name>.text</name>
         <load_address>0x25a4</load_address>
         <run_address>0x25a4</run_address>
         <size>0xfc</size>
         <input_file_ref idref="fl-183"/>
      </object_component>
      <object_component id="oc-19c">
         <name>.text:draw_text_initial_screen</name>
         <load_address>0x26a0</load_address>
         <run_address>0x26a0</run_address>
         <size>0xe8</size>
         <input_file_ref idref="fl-2"/>
      </object_component>
      <object_component id="oc-28e">
         <name>.text:Crystalfontz128x128_RectFill</name>
         <load_address>0x2788</load_address>
         <run_address>0x2788</run_address>
         <size>0x9c</size>
         <input_file_ref idref="fl-4"/>
      </object_component>
      <object_component id="oc-12b">
         <name>.text:draw_display_initial_screen</name>
         <load_address>0x2824</load_address>
         <run_address>0x2824</run_address>
         <size>0x9c</size>
         <input_file_ref idref="fl-2"/>
      </object_component>
      <object_component id="oc-3b">
         <name>.text</name>
         <load_address>0x28c0</load_address>
         <run_address>0x28c0</run_address>
         <size>0x9c</size>
         <input_file_ref idref="fl-16c"/>
      </object_component>
      <object_component id="oc-93">
         <name>.text:PORT4_IRQHandler</name>
         <load_address>0x295c</load_address>
         <run_address>0x295c</run_address>
         <size>0x98</size>
         <input_file_ref idref="fl-2"/>
      </object_component>
      <object_component id="oc-35c">
         <name>.text:__aeabi_cdcmple</name>
         <load_address>0x29f4</load_address>
         <run_address>0x29f4</run_address>
         <size>0x86</size>
         <input_file_ref idref="fl-17b"/>
      </object_component>
      <object_component id="oc-36b">
         <name>.text:__aeabi_cdrcmple</name>
         <load_address>0x2a7a</load_address>
         <run_address>0x2a7a</run_address>
         <size>0x86</size>
         <input_file_ref idref="fl-17b"/>
      </object_component>
      <object_component id="oc-2d6">
         <name>.text:SPI_initMaster</name>
         <load_address>0x2b00</load_address>
         <run_address>0x2b00</run_address>
         <size>0x7c</size>
         <input_file_ref idref="fl-b0"/>
      </object_component>
      <object_component id="oc-47">
         <name>.text</name>
         <load_address>0x2b7c</load_address>
         <run_address>0x2b7c</run_address>
         <size>0x7a</size>
         <input_file_ref idref="fl-16d"/>
      </object_component>
      <object_component id="oc-53">
         <name>.text</name>
         <load_address>0x2bf6</load_address>
         <run_address>0x2bf6</run_address>
         <size>0x2</size>
         <input_file_ref idref="fl-16e"/>
      </object_component>
      <object_component id="oc-db">
         <name>.text:SystemInit</name>
         <load_address>0x2bf8</load_address>
         <run_address>0x2bf8</run_address>
         <size>0x78</size>
         <input_file_ref idref="fl-3"/>
      </object_component>
      <object_component id="oc-e9">
         <name>.text:RECALCULATE_DIRECTION</name>
         <load_address>0x2c70</load_address>
         <run_address>0x2c70</run_address>
         <size>0x74</size>
         <input_file_ref idref="fl-2"/>
      </object_component>
      <object_component id="oc-fe">
         <name>.text:GENERATE_FEED</name>
         <load_address>0x2ce4</load_address>
         <run_address>0x2ce4</run_address>
         <size>0x70</size>
         <input_file_ref idref="fl-2"/>
      </object_component>
      <object_component id="oc-5f">
         <name>.text</name>
         <load_address>0x2d54</load_address>
         <run_address>0x2d54</run_address>
         <size>0x70</size>
         <input_file_ref idref="fl-177"/>
      </object_component>
      <object_component id="oc-309">
         <name>.text:Graphics_getStringWidth</name>
         <load_address>0x2dc4</load_address>
         <run_address>0x2dc4</run_address>
         <size>0x68</size>
         <input_file_ref idref="fl-ab"/>
      </object_component>
      <object_component id="oc-14">
         <name>.text:decompress:lzss</name>
         <load_address>0x2e2c</load_address>
         <run_address>0x2e2c</run_address>
         <size>0x68</size>
         <input_file_ref idref="fl-168"/>
      </object_component>
      <object_component id="oc-1dc">
         <name>.text:CHECK_VALID_FEED</name>
         <load_address>0x2e94</load_address>
         <run_address>0x2e94</run_address>
         <size>0x64</size>
         <input_file_ref idref="fl-2"/>
      </object_component>
      <object_component id="oc-385">
         <name>.text</name>
         <load_address>0x2ef8</load_address>
         <run_address>0x2ef8</run_address>
         <size>0x64</size>
         <input_file_ref idref="fl-182"/>
      </object_component>
      <object_component id="oc-282">
         <name>.text:Crystalfontz128x128_LineDrawH</name>
         <load_address>0x2f5c</load_address>
         <run_address>0x2f5c</run_address>
         <size>0x60</size>
         <input_file_ref idref="fl-4"/>
      </object_component>
      <object_component id="oc-288">
         <name>.text:Crystalfontz128x128_LineDrawV</name>
         <load_address>0x2fbc</load_address>
         <run_address>0x2fbc</run_address>
         <size>0x60</size>
         <input_file_ref idref="fl-4"/>
      </object_component>
      <object_component id="oc-110">
         <name>.text:GAME_OVER</name>
         <load_address>0x301c</load_address>
         <run_address>0x301c</run_address>
         <size>0x60</size>
         <input_file_ref idref="fl-2"/>
      </object_component>
      <object_component id="oc-267">
         <name>.text</name>
         <load_address>0x307c</load_address>
         <run_address>0x307c</run_address>
         <size>0x60</size>
         <input_file_ref idref="fl-171"/>
      </object_component>
      <object_component id="oc-10a">
         <name>.text:DRAW_ERASE_TAIL</name>
         <load_address>0x30dc</load_address>
         <run_address>0x30dc</run_address>
         <size>0x5c</size>
         <input_file_ref idref="fl-2"/>
      </object_component>
      <object_component id="oc-104">
         <name>.text:DRAW_FEED_PIXEL</name>
         <load_address>0x3138</load_address>
         <run_address>0x3138</run_address>
         <size>0x5c</size>
         <input_file_ref idref="fl-2"/>
      </object_component>
      <object_component id="oc-1cf">
         <name>.text:DRAW_SNAKE_PIXEL</name>
         <load_address>0x3194</load_address>
         <run_address>0x3194</run_address>
         <size>0x5c</size>
         <input_file_ref idref="fl-2"/>
      </object_component>
      <object_component id="oc-81">
         <name>.text:ADC14_IRQHandler</name>
         <load_address>0x31f0</load_address>
         <run_address>0x31f0</run_address>
         <size>0x54</size>
         <input_file_ref idref="fl-2"/>
      </object_component>
      <object_component id="oc-178">
         <name>.text:Crystalfontz128x128_SetOrientation</name>
         <load_address>0x3244</load_address>
         <run_address>0x3244</run_address>
         <size>0x54</size>
         <input_file_ref idref="fl-4"/>
      </object_component>
      <object_component id="oc-26">
         <name>.text</name>
         <load_address>0x3298</load_address>
         <run_address>0x3298</run_address>
         <size>0x54</size>
         <input_file_ref idref="fl-167"/>
      </object_component>
      <object_component id="oc-6b">
         <name>.text</name>
         <load_address>0x32ec</load_address>
         <run_address>0x32ec</run_address>
         <size>0x54</size>
         <input_file_ref idref="fl-16b"/>
      </object_component>
      <object_component id="oc-375">
         <name>.text</name>
         <load_address>0x3340</load_address>
         <run_address>0x3340</run_address>
         <size>0x54</size>
         <input_file_ref idref="fl-180"/>
      </object_component>
      <object_component id="oc-2c9">
         <name>.text:GPIO_setAsPeripheralModuleFunctionOutputPin</name>
         <load_address>0x3394</load_address>
         <run_address>0x3394</run_address>
         <size>0x4c</size>
         <input_file_ref idref="fl-ae"/>
      </object_component>
      <object_component id="oc-397">
         <name>.text</name>
         <load_address>0x33e0</load_address>
         <run_address>0x33e0</run_address>
         <size>0x4c</size>
         <input_file_ref idref="fl-176"/>
      </object_component>
      <object_component id="oc-ba">
         <name>.text</name>
         <load_address>0x342c</load_address>
         <run_address>0x342c</run_address>
         <size>0x4c</size>
         <input_file_ref idref="fl-178"/>
      </object_component>
      <object_component id="oc-1d6">
         <name>.text</name>
         <load_address>0x3478</load_address>
         <run_address>0x3478</run_address>
         <size>0x4c</size>
         <input_file_ref idref="fl-170"/>
      </object_component>
      <object_component id="oc-3bd">
         <name>.text:Graphics_drawLineH</name>
         <load_address>0x34c4</load_address>
         <run_address>0x34c4</run_address>
         <size>0x4a</size>
         <input_file_ref idref="fl-ac"/>
      </object_component>
      <object_component id="oc-c0">
         <name>.text</name>
         <load_address>0x350e</load_address>
         <run_address>0x350e</run_address>
         <size>0x2</size>
         <input_file_ref idref="fl-184"/>
      </object_component>
      <object_component id="oc-f8">
         <name>.text:DRAW_SNAKE</name>
         <load_address>0x3510</load_address>
         <run_address>0x3510</run_address>
         <size>0x48</size>
         <input_file_ref idref="fl-2"/>
      </object_component>
      <object_component id="oc-13e">
         <name>.text:T32_INT1_INIT</name>
         <load_address>0x3558</load_address>
         <run_address>0x3558</run_address>
         <size>0x48</size>
         <input_file_ref idref="fl-2"/>
      </object_component>
      <object_component id="oc-209">
         <name>.text:__NVIC_SetPriority</name>
         <load_address>0x35a0</load_address>
         <run_address>0x35a0</run_address>
         <size>0x48</size>
         <input_file_ref idref="fl-2"/>
      </object_component>
      <object_component id="oc-370">
         <name>.text</name>
         <load_address>0x35e8</load_address>
         <run_address>0x35e8</run_address>
         <size>0x48</size>
         <input_file_ref idref="fl-17e"/>
      </object_component>
      <object_component id="oc-8d">
         <name>.text:PORT3_IRQHandler</name>
         <load_address>0x3630</load_address>
         <run_address>0x3630</run_address>
         <size>0x44</size>
         <input_file_ref idref="fl-2"/>
      </object_component>
      <object_component id="oc-99">
         <name>.text:PORT5_IRQHandler</name>
         <load_address>0x3674</load_address>
         <run_address>0x3674</run_address>
         <size>0x44</size>
         <input_file_ref idref="fl-2"/>
      </object_component>
      <object_component id="oc-276">
         <name>.text:Crystalfontz128x128_PixelDraw</name>
         <load_address>0x36b8</load_address>
         <run_address>0x36b8</run_address>
         <size>0x40</size>
         <input_file_ref idref="fl-4"/>
      </object_component>
      <object_component id="oc-22d">
         <name>.text:HAL_LCD_SpiInit</name>
         <load_address>0x36f8</load_address>
         <run_address>0x36f8</run_address>
         <size>0x40</size>
         <input_file_ref idref="fl-5"/>
      </object_component>
      <object_component id="oc-26d">
         <name>.text:Graphics_drawStringCentered</name>
         <load_address>0x3738</load_address>
         <run_address>0x3738</run_address>
         <size>0x38</size>
         <input_file_ref idref="fl-ab"/>
      </object_component>
      <object_component id="oc-23f">
         <name>.text:HAL_LCD_writeCommand</name>
         <load_address>0x3770</load_address>
         <run_address>0x3770</run_address>
         <size>0x38</size>
         <input_file_ref idref="fl-5"/>
      </object_component>
      <object_component id="oc-138">
         <name>.text:__NVIC_DisableIRQ</name>
         <load_address>0x37a8</load_address>
         <run_address>0x37a8</run_address>
         <size>0x38</size>
         <input_file_ref idref="fl-2"/>
      </object_component>
      <object_component id="oc-125">
         <name>.text:DEBOUNCE_3</name>
         <load_address>0x37e0</load_address>
         <run_address>0x37e0</run_address>
         <size>0x34</size>
         <input_file_ref idref="fl-2"/>
      </object_component>
      <object_component id="oc-132">
         <name>.text:DEBOUNCE_4</name>
         <load_address>0x3814</load_address>
         <run_address>0x3814</run_address>
         <size>0x34</size>
         <input_file_ref idref="fl-2"/>
      </object_component>
      <object_component id="oc-158">
         <name>.text:DEBOUNCE_5</name>
         <load_address>0x3848</load_address>
         <run_address>0x3848</run_address>
         <size>0x34</size>
         <input_file_ref idref="fl-2"/>
      </object_component>
      <object_component id="oc-227">
         <name>.text:HAL_LCD_PortInit</name>
         <load_address>0x387c</load_address>
         <run_address>0x387c</run_address>
         <size>0x30</size>
         <input_file_ref idref="fl-5"/>
      </object_component>
      <object_component id="oc-14a">
         <name>.text:__NVIC_EnableIRQ</name>
         <load_address>0x38ac</load_address>
         <run_address>0x38ac</run_address>
         <size>0x30</size>
         <input_file_ref idref="fl-2"/>
      </object_component>
      <object_component id="oc-335">
         <name>.text:is_A_Module</name>
         <load_address>0x38dc</load_address>
         <run_address>0x38dc</run_address>
         <size>0x30</size>
         <input_file_ref idref="fl-b0"/>
      </object_component>
      <object_component id="oc-37b">
         <name>.text</name>
         <load_address>0x390c</load_address>
         <run_address>0x390c</run_address>
         <size>0x2e</size>
         <input_file_ref idref="fl-17f"/>
      </object_component>
      <object_component id="oc-2a0">
         <name>.text:Crystalfontz128x128_ClearScreen</name>
         <load_address>0x393c</load_address>
         <run_address>0x393c</run_address>
         <size>0x2c</size>
         <input_file_ref idref="fl-4"/>
      </object_component>
      <object_component id="oc-245">
         <name>.text:HAL_LCD_writeData</name>
         <load_address>0x3968</load_address>
         <run_address>0x3968</run_address>
         <size>0x2c</size>
         <input_file_ref idref="fl-5"/>
      </object_component>
      <object_component id="oc-294">
         <name>.text:Crystalfontz128x128_ColorTranslate</name>
         <load_address>0x3994</load_address>
         <run_address>0x3994</run_address>
         <size>0x28</size>
         <input_file_ref idref="fl-4"/>
      </object_component>
      <object_component id="oc-2cf">
         <name>.text:GPIO_setAsOutputPin</name>
         <load_address>0x39bc</load_address>
         <run_address>0x39bc</run_address>
         <size>0x24</size>
         <input_file_ref idref="fl-ae"/>
      </object_component>
      <object_component id="oc-17e">
         <name>.text:Graphics_initContext</name>
         <load_address>0x39e0</load_address>
         <run_address>0x39e0</run_address>
         <size>0x22</size>
         <input_file_ref idref="fl-a9"/>
      </object_component>
      <object_component id="oc-39d">
         <name>.text</name>
         <load_address>0x3a02</load_address>
         <run_address>0x3a02</run_address>
         <size>0x1c</size>
         <input_file_ref idref="fl-181"/>
      </object_component>
      <object_component id="oc-3b7">
         <name>.text:Graphics_getNumberOfLeadingZeros</name>
         <load_address>0x3a1e</load_address>
         <run_address>0x3a1e</run_address>
         <size>0x1a</size>
         <input_file_ref idref="fl-ab"/>
      </object_component>
      <object_component id="oc-2dc">
         <name>.text:SPI_enableModule</name>
         <load_address>0x3a38</load_address>
         <run_address>0x3a38</run_address>
         <size>0x1a</size>
         <input_file_ref idref="fl-b0"/>
      </object_component>
      <object_component id="oc-e3">
         <name>.text:ADC14_getResult</name>
         <load_address>0x3a54</load_address>
         <run_address>0x3a54</run_address>
         <size>0x18</size>
         <input_file_ref idref="fl-ad"/>
      </object_component>
      <object_component id="oc-233">
         <name>.text:GPIO_setOutputLowOnPin</name>
         <load_address>0x3a6c</load_address>
         <run_address>0x3a6c</run_address>
         <size>0x18</size>
         <input_file_ref idref="fl-ae"/>
      </object_component>
      <object_component id="oc-65">
         <name>.text</name>
         <load_address>0x3a84</load_address>
         <run_address>0x3a84</run_address>
         <size>0x18</size>
         <input_file_ref idref="fl-175"/>
      </object_component>
      <object_component id="oc-404">
         <name>.text:Graphics_drawHorizontalLineOnDisplay</name>
         <load_address>0x3a9c</load_address>
         <run_address>0x3a9c</run_address>
         <size>0x16</size>
         <input_file_ref idref="fl-aa"/>
      </object_component>
      <object_component id="oc-391">
         <name>.text</name>
         <load_address>0x3ab2</load_address>
         <run_address>0x3ab2</run_address>
         <size>0x16</size>
         <input_file_ref idref="fl-185"/>
      </object_component>
      <object_component id="oc-239">
         <name>.text:GPIO_setOutputHighOnPin</name>
         <load_address>0x3ac8</load_address>
         <run_address>0x3ac8</run_address>
         <size>0x14</size>
         <input_file_ref idref="fl-ae"/>
      </object_component>
      <object_component id="oc-1b5">
         <name>.text</name>
         <load_address>0x3adc</load_address>
         <run_address>0x3adc</run_address>
         <size>0x14</size>
         <input_file_ref idref="fl-173"/>
      </object_component>
      <object_component id="oc-3e8">
         <name>.text</name>
         <load_address>0x3af0</load_address>
         <run_address>0x3af0</run_address>
         <size>0x14</size>
         <input_file_ref idref="fl-189"/>
      </object_component>
      <object_component id="oc-356">
         <name>.text</name>
         <load_address>0x3b04</load_address>
         <run_address>0x3b04</run_address>
         <size>0x14</size>
         <input_file_ref idref="fl-186"/>
      </object_component>
      <object_component id="oc-3c3">
         <name>.text:Graphics_drawPixelOnDisplay</name>
         <load_address>0x3b18</load_address>
         <run_address>0x3b18</run_address>
         <size>0xe</size>
         <input_file_ref idref="fl-aa"/>
      </object_component>
      <object_component id="oc-18a">
         <name>.text:Graphics_setBackgroundColor</name>
         <load_address>0x3b26</load_address>
         <run_address>0x3b26</run_address>
         <size>0xe</size>
         <input_file_ref idref="fl-a9"/>
      </object_component>
      <object_component id="oc-184">
         <name>.text:Graphics_setForegroundColor</name>
         <load_address>0x3b34</load_address>
         <run_address>0x3b34</run_address>
         <size>0xe</size>
         <input_file_ref idref="fl-a9"/>
      </object_component>
      <object_component id="oc-1a">
         <name>.text:decompress:none</name>
         <load_address>0x3b42</load_address>
         <run_address>0x3b42</run_address>
         <size>0xe</size>
         <input_file_ref idref="fl-169"/>
      </object_component>
      <object_component id="oc-343">
         <name>.text:EUSCI_A_SPI_enable</name>
         <load_address>0x3b50</load_address>
         <run_address>0x3b50</run_address>
         <size>0xc</size>
         <input_file_ref idref="fl-b0"/>
      </object_component>
      <object_component id="oc-33d">
         <name>.text:EUSCI_B_SPI_enable</name>
         <load_address>0x3b5c</load_address>
         <run_address>0x3b5c</run_address>
         <size>0xc</size>
         <input_file_ref idref="fl-b0"/>
      </object_component>
      <object_component id="oc-75">
         <name>.text:Reset_Handler</name>
         <load_address>0x3b68</load_address>
         <run_address>0x3b68</run_address>
         <size>0xc</size>
         <input_file_ref idref="fl-6"/>
      </object_component>
      <object_component id="oc-20">
         <name>.text:decompress:ZI</name>
         <load_address>0x3b74</load_address>
         <run_address>0x3b74</run_address>
         <size>0xc</size>
         <input_file_ref idref="fl-16a"/>
      </object_component>
      <object_component id="oc-29a">
         <name>.text:Crystalfontz128x128_Flush</name>
         <load_address>0x3b80</load_address>
         <run_address>0x3b80</run_address>
         <size>0xa</size>
         <input_file_ref idref="fl-4"/>
      </object_component>
      <object_component id="oc-150">
         <name>.text:Graphics_clearDisplay</name>
         <load_address>0x3b8a</load_address>
         <run_address>0x3b8a</run_address>
         <size>0xa</size>
         <input_file_ref idref="fl-a9"/>
      </object_component>
      <object_component id="oc-212">
         <name>.text:Graphics_clearDisplayOnDisplay</name>
         <load_address>0x3b94</load_address>
         <run_address>0x3b94</run_address>
         <size>0xa</size>
         <input_file_ref idref="fl-aa"/>
      </object_component>
      <object_component id="oc-1e3">
         <name>.text:Graphics_fillRectangleOnDisplay</name>
         <load_address>0x3b9e</load_address>
         <run_address>0x3b9e</run_address>
         <size>0xa</size>
         <input_file_ref idref="fl-aa"/>
      </object_component>
      <object_component id="oc-25d">
         <name>.text:Graphics_translateColorOnDisplay</name>
         <load_address>0x3ba8</load_address>
         <run_address>0x3ba8</run_address>
         <size>0xa</size>
         <input_file_ref idref="fl-aa"/>
      </object_component>
      <object_component id="oc-190">
         <name>.text:Graphics_setFont</name>
         <load_address>0x3bb2</load_address>
         <run_address>0x3bb2</run_address>
         <size>0x4</size>
         <input_file_ref idref="fl-a9"/>
      </object_component>
      <object_component id="oc-59">
         <name>.text</name>
         <load_address>0x3bb6</load_address>
         <run_address>0x3bb6</run_address>
         <size>0x4</size>
         <input_file_ref idref="fl-16f"/>
      </object_component>
      <object_component id="oc-2a8">
         <name>.const:.string:g_pucFontFixed6x8Data</name>
         <load_address>0x3bbc</load_address>
         <run_address>0x3bbc</run_address>
         <size>0x2f8</size>
         <input_file_ref idref="fl-9f"/>
      </object_component>
      <object_component id="oc-3f5">
         <name>.const:.string:_ctypes_</name>
         <load_address>0x3eb4</load_address>
         <run_address>0x3eb4</run_address>
         <size>0x101</size>
         <input_file_ref idref="fl-179"/>
      </object_component>
      <object_component id="oc-1a8">
         <name>.const:g_sFontFixed6x8</name>
         <load_address>0x3fb8</load_address>
         <run_address>0x3fb8</run_address>
         <size>0xc8</size>
         <input_file_ref idref="fl-9f"/>
      </object_component>
      <object_component id="oc-1c8">
         <name>.const:_ctlRegs</name>
         <load_address>0x4080</load_address>
         <run_address>0x4080</run_address>
         <size>0x80</size>
         <input_file_ref idref="fl-ad"/>
      </object_component>
      <object_component id="oc-2eb">
         <name>.const:GPIO_PORT_TO_BASE</name>
         <load_address>0x4100</load_address>
         <run_address>0x4100</run_address>
         <size>0x30</size>
         <input_file_ref idref="fl-ae"/>
      </object_component>
      <object_component id="oc-1a5">
         <name>.const:g_sCrystalfontz128x128_funcs</name>
         <load_address>0x4130</load_address>
         <run_address>0x4130</run_address>
         <size>0x20</size>
         <input_file_ref idref="fl-4"/>
      </object_component>
      <object_component id="oc-2e2">
         <name>.const:$P$T0$1</name>
         <load_address>0x4150</load_address>
         <run_address>0x4150</run_address>
         <size>0x1c</size>
         <input_file_ref idref="fl-5"/>
      </object_component>
      <object_component id="oc-31e">
         <name>.const:$P$T0$1</name>
         <load_address>0x416c</load_address>
         <run_address>0x416c</run_address>
         <size>0x8</size>
         <input_file_ref idref="fl-4"/>
      </object_component>
      <object_component id="oc-44d">
         <name>.cinit..data.load</name>
         <load_address>0x4178</load_address>
         <run_address>0x4178</run_address>
         <size>0x31</size>
      </object_component>
      <object_component id="oc-44b">
         <name>__TI_handler_table</name>
         <load_address>0x41ac</load_address>
         <run_address>0x41ac</run_address>
         <size>0xc</size>
      </object_component>
      <object_component id="oc-44e">
         <name>.cinit..bss.load</name>
         <load_address>0x41b8</load_address>
         <run_address>0x41b8</run_address>
         <size>0x8</size>
      </object_component>
      <object_component id="oc-44c">
         <name>__TI_cinit_table</name>
         <load_address>0x41c0</load_address>
         <run_address>0x41c0</run_address>
         <size>0x10</size>
      </object_component>
      <object_component id="oc-428">
         <name>.binit</name>
         <load_address>0x0</load_address>
         <run_address>0x0</run_address>
         <size>0x0</size>
      </object_component>
      <object_component id="oc-1e9">
         <name>.data:measures_rect</name>
         <load_address>0x20002034</load_address>
         <run_address>0x20002034</run_address>
         <size>0x8</size>
         <input_file_ref idref="fl-2"/>
      </object_component>
      <object_component id="oc-119">
         <name>.data</name>
         <load_address>0x20002010</load_address>
         <run_address>0x20002010</run_address>
         <size>0x10</size>
         <input_file_ref idref="fl-2"/>
      </object_component>
      <object_component id="oc-116">
         <name>.data:snake_array</name>
         <load_address>0x20000000</load_address>
         <run_address>0x20000000</run_address>
         <size>0x2000</size>
         <input_file_ref idref="fl-2"/>
      </object_component>
      <object_component id="oc-1a2">
         <name>.data:g_sCrystalfontz128x128</name>
         <load_address>0x20002000</load_address>
         <run_address>0x20002000</run_address>
         <size>0x10</size>
         <input_file_ref idref="fl-4"/>
      </object_component>
      <object_component id="oc-d0">
         <name>.data:$O1$$</name>
         <load_address>0x20002020</load_address>
         <run_address>0x20002020</run_address>
         <size>0xc</size>
         <input_file_ref idref="fl-16b"/>
      </object_component>
      <object_component id="oc-2b6">
         <name>.data</name>
         <load_address>0x20002040</load_address>
         <run_address>0x20002040</run_address>
         <size>0x4</size>
         <input_file_ref idref="fl-170"/>
      </object_component>
      <object_component id="oc-71">
         <name>.data</name>
         <load_address>0x20002044</load_address>
         <run_address>0x20002044</run_address>
         <size>0x4</size>
         <input_file_ref idref="fl-172"/>
      </object_component>
      <object_component id="oc-d3">
         <name>.data:$O1$$</name>
         <load_address>0x2000202c</load_address>
         <run_address>0x2000202c</run_address>
         <size>0x8</size>
         <input_file_ref idref="fl-173"/>
      </object_component>
      <object_component id="oc-3ee">
         <name>.data</name>
         <load_address>0x2000203c</load_address>
         <run_address>0x2000203c</run_address>
         <size>0x4</size>
         <input_file_ref idref="fl-188"/>
      </object_component>
      <object_component id="oc-ef">
         <name>.bss:resultsBuffer</name>
         <uninitialized>true</uninitialized>
         <run_address>0x20002074</run_address>
         <size>0x4</size>
         <input_file_ref idref="fl-2"/>
      </object_component>
      <object_component id="oc-156">
         <name>.common:g_sContext</name>
         <uninitialized>true</uninitialized>
         <run_address>0x20002048</run_address>
         <size>0x1c</size>
      </object_component>
      <object_component id="oc-1ec">
         <name>.common:g_sDisplay</name>
         <uninitialized>true</uninitialized>
         <run_address>0x20002064</run_address>
         <size>0x10</size>
      </object_component>
      <object_component id="oc-11c">
         <name>.common:feed_position</name>
         <uninitialized>true</uninitialized>
         <run_address>0x20002078</run_address>
         <size>0x4</size>
      </object_component>
      <object_component id="oc-25a">
         <name>.common:Lcd_Orientation</name>
         <uninitialized>true</uninitialized>
         <run_address>0x20002084</run_address>
         <size>0x1</size>
      </object_component>
      <object_component id="oc-251">
         <name>.common:Lcd_ScreenWidth</name>
         <uninitialized>true</uninitialized>
         <run_address>0x2000207e</run_address>
         <size>0x2</size>
      </object_component>
      <object_component id="oc-254">
         <name>.common:Lcd_ScreenHeigth</name>
         <uninitialized>true</uninitialized>
         <run_address>0x2000207c</run_address>
         <size>0x2</size>
      </object_component>
      <object_component id="oc-255">
         <name>.common:Lcd_PenSolid</name>
         <uninitialized>true</uninitialized>
         <run_address>0x20002085</run_address>
         <size>0x1</size>
      </object_component>
      <object_component id="oc-256">
         <name>.common:Lcd_FontSolid</name>
         <uninitialized>true</uninitialized>
         <run_address>0x20002083</run_address>
         <size>0x1</size>
      </object_component>
      <object_component id="oc-257">
         <name>.common:Lcd_FlagRead</name>
         <uninitialized>true</uninitialized>
         <run_address>0x20002082</run_address>
         <size>0x1</size>
      </object_component>
      <object_component id="oc-258">
         <name>.common:Lcd_TouchTrim</name>
         <uninitialized>true</uninitialized>
         <run_address>0x20002080</run_address>
         <size>0x2</size>
      </object_component>
      <object_component id="oc-2f">
         <name>.stack</name>
         <uninitialized>true</uninitialized>
         <run_address>0x2000fe00</run_address>
         <size>0x0</size>
         <input_file_ref idref="fl-167"/>
      </object_component>
      <object_component id="oc-44f">
         <name>.stack</name>
         <uninitialized>true</uninitialized>
         <run_address>0x2000fe00</run_address>
         <size>0x0</size>
      </object_component>
      <object_component id="oc-11d">
         <name>.debug_info</name>
         <load_address>0x0</load_address>
         <run_address>0x0</run_address>
         <size>0xb86</size>
         <input_file_ref idref="fl-2"/>
      </object_component>
      <object_component id="oc-f0">
         <name>.debug_info</name>
         <load_address>0xb86</load_address>
         <run_address>0xb86</run_address>
         <size>0xc7</size>
         <input_file_ref idref="fl-2"/>
      </object_component>
      <object_component id="oc-1ea">
         <name>.debug_info</name>
         <load_address>0xc4d</load_address>
         <run_address>0xc4d</run_address>
         <size>0xc8</size>
         <input_file_ref idref="fl-2"/>
      </object_component>
      <object_component id="oc-11a">
         <name>.debug_info</name>
         <load_address>0xd15</load_address>
         <run_address>0xd15</run_address>
         <size>0x169</size>
         <input_file_ref idref="fl-2"/>
      </object_component>
      <object_component id="oc-117">
         <name>.debug_info</name>
         <load_address>0xe7e</load_address>
         <run_address>0xe7e</run_address>
         <size>0xc4</size>
         <input_file_ref idref="fl-2"/>
      </object_component>
      <object_component id="oc-14b">
         <name>.debug_info</name>
         <load_address>0xf42</load_address>
         <run_address>0xf42</run_address>
         <size>0x1b3</size>
         <input_file_ref idref="fl-2"/>
      </object_component>
      <object_component id="oc-139">
         <name>.debug_info</name>
         <load_address>0x10f5</load_address>
         <run_address>0x10f5</run_address>
         <size>0x1b5</size>
         <input_file_ref idref="fl-2"/>
      </object_component>
      <object_component id="oc-20a">
         <name>.debug_info</name>
         <load_address>0x12aa</load_address>
         <run_address>0x12aa</run_address>
         <size>0x1ea</size>
         <input_file_ref idref="fl-2"/>
      </object_component>
      <object_component id="oc-c9">
         <name>.debug_info</name>
         <load_address>0x1494</load_address>
         <run_address>0x1494</run_address>
         <size>0x285</size>
         <input_file_ref idref="fl-2"/>
      </object_component>
      <object_component id="oc-82">
         <name>.debug_info</name>
         <load_address>0x1719</load_address>
         <run_address>0x1719</run_address>
         <size>0x164</size>
         <input_file_ref idref="fl-2"/>
      </object_component>
      <object_component id="oc-12c">
         <name>.debug_info</name>
         <load_address>0x187d</load_address>
         <run_address>0x187d</run_address>
         <size>0x1bb</size>
         <input_file_ref idref="fl-2"/>
      </object_component>
      <object_component id="oc-19d">
         <name>.debug_info</name>
         <load_address>0x1a38</load_address>
         <run_address>0x1a38</run_address>
         <size>0x24b</size>
         <input_file_ref idref="fl-2"/>
      </object_component>
      <object_component id="oc-197">
         <name>.debug_info</name>
         <load_address>0x1c83</load_address>
         <run_address>0x1c83</run_address>
         <size>0x184</size>
         <input_file_ref idref="fl-2"/>
      </object_component>
      <object_component id="oc-ea">
         <name>.debug_info</name>
         <load_address>0x1e07</load_address>
         <run_address>0x1e07</run_address>
         <size>0x102</size>
         <input_file_ref idref="fl-2"/>
      </object_component>
      <object_component id="oc-145">
         <name>.debug_info</name>
         <load_address>0x1f09</load_address>
         <run_address>0x1f09</run_address>
         <size>0x199</size>
         <input_file_ref idref="fl-2"/>
      </object_component>
      <object_component id="oc-ff">
         <name>.debug_info</name>
         <load_address>0x20a2</load_address>
         <run_address>0x20a2</run_address>
         <size>0x138</size>
[...]
         <object_component_ref idref="oc-2c"/>
      </symbol>
      <symbol id="sm-3ff">
         <name>g_sFontFixed6x8</name>
         <value>0x3fb8</value>
         <object_component_ref idref="oc-1a8"/>
      </symbol>
      <symbol id="sm-431">
         <name>Graphics_setBackgroundColor</name>
         <value>0x3b27</value>
         <object_component_ref idref="oc-18a"/>
      </symbol>
      <symbol id="sm-432">
         <name>Graphics_setFont</name>
         <value>0x3bb3</value>
         <object_component_ref idref="oc-190"/>
      </symbol>
      <symbol id="sm-433">
         <name>Graphics_initContext</name>
         <value>0x39e1</value>
         <object_component_ref idref="oc-17e"/>
      </symbol>
      <symbol id="sm-434">
         <name>Graphics_setForegroundColor</name>
         <value>0x3b35</value>
         <object_component_ref idref="oc-184"/>
      </symbol>
      <symbol id="sm-435">
         <name>Graphics_clearDisplay</name>
         <value>0x3b8b</value>
         <object_component_ref idref="oc-150"/>
      </symbol>
      <symbol id="sm-462">
         <name>Graphics_clearDisplayOnDisplay</name>
         <value>0x3b95</value>
         <object_component_ref idref="oc-212"/>
      </symbol>
      <symbol id="sm-463">
         <name>Graphics_drawPixelOnDisplay</name>
         <value>0x3b19</value>
         <object_component_ref idref="oc-3c3"/>
      </symbol>
      <symbol id="sm-464">
         <name>Graphics_translateColorOnDisplay</name>
         <value>0x3ba9</value>
         <object_component_ref idref="oc-25d"/>
      </symbol>
      <symbol id="sm-465">
         <name>Graphics_drawHorizontalLineOnDisplay</name>
         <value>0x3a9d</value>
         <object_component_ref idref="oc-404"/>
      </symbol>
      <symbol id="sm-466">
         <name>Graphics_fillRectangleOnDisplay</name>
         <value>0x3b9f</value>
         <object_component_ref idref="oc-1e3"/>
      </symbol>
      <symbol id="sm-4b6">
         <name>Graphics_drawStringCentered</name>
         <value>0x3739</value>
         <object_component_ref idref="oc-26d"/>
      </symbol>
      <symbol id="sm-4b7">
         <name>Graphics_drawString</name>
         <value>0x1223</value>
         <object_component_ref idref="oc-30f"/>
      </symbol>
      <symbol id="sm-4b8">
         <name>Graphics_getStringWidth</name>
         <value>0x2dc5</value>
         <object_component_ref idref="oc-309"/>
      </symbol>
      <symbol id="sm-4c7">
         <name>Graphics_drawLineH</name>
         <value>0x34c5</value>
         <object_component_ref idref="oc-3bd"/>
      </symbol>
      <symbol id="sm-511">
         <name>ADC14_getResult</name>
         <value>0x3a55</value>
         <object_component_ref idref="oc-e3"/>
      </symbol>
      <symbol id="sm-54a">
         <name>GPIO_setOutputHighOnPin</name>
         <value>0x3ac9</value>
         <object_component_ref idref="oc-239"/>
      </symbol>
      <symbol id="sm-54b">
         <name>GPIO_setAsOutputPin</name>
         <value>0x39bd</value>
         <object_component_ref idref="oc-2cf"/>
      </symbol>
      <symbol id="sm-54c">
         <name>GPIO_setOutputLowOnPin</name>
         <value>0x3a6d</value>
         <object_component_ref idref="oc-233"/>
      </symbol>
      <symbol id="sm-54d">
         <name>GPIO_setAsPeripheralModuleFunctionOutputPin</name>
         <value>0x3395</value>
         <object_component_ref idref="oc-2c9"/>
      </symbol>
      <symbol id="sm-584">
         <name>EUSCI_B_SPI_enable</name>
         <value>0x3b5d</value>
         <object_component_ref idref="oc-33d"/>
      </symbol>
      <symbol id="sm-585">
         <name>SPI_enableModule</name>
         <value>0x3a39</value>
         <object_component_ref idref="oc-2dc"/>
      </symbol>
      <symbol id="sm-586">
         <name>EUSCI_A_SPI_enable</name>
         <value>0x3b51</value>
         <object_component_ref idref="oc-343"/>
      </symbol>
      <symbol id="sm-587">
         <name>SPI_initMaster</name>
         <value>0x2b01</value>
         <object_component_ref idref="oc-2d6"/>
      </symbol>
      <symbol id="sm-599">
         <name>_c_int00</name>
         <value>0x3299</value>
         <object_component_ref idref="oc-26"/>
      </symbol>
      <symbol id="sm-59a">
         <name>__stack</name>
         <value>0x2000fe00</value>
         <object_component_ref idref="oc-2f"/>
      </symbol>
      <symbol id="sm-5b8">
         <name>__TI_decompress_lzss</name>
         <value>0x2e2d</value>
         <object_component_ref idref="oc-14"/>
      </symbol>
      <symbol id="sm-5cf">
         <name>__TI_decompress_none</name>
         <value>0x3b43</value>
         <object_component_ref idref="oc-1a"/>
      </symbol>
      <symbol id="sm-5e6">
         <name>__TI_zero_init</name>
         <value>0x3b75</value>
         <object_component_ref idref="oc-20"/>
      </symbol>
      <symbol id="sm-607">
         <name>C$$EXIT</name>
         <value>0x32ed</value>
         <object_component_ref idref="oc-6b"/>
      </symbol>
      <symbol id="sm-608">
         <name>abort</name>
         <value>0x32f1</value>
         <object_component_ref idref="oc-6b"/>
      </symbol>
      <symbol id="sm-609">
         <name>exit</name>
         <value>0x32f9</value>
         <object_component_ref idref="oc-6b"/>
      </symbol>
      <symbol id="sm-60a">
         <name>__TI_dtors_ptr</name>
         <value>0x20002024</value>
         <object_component_ref idref="oc-d0"/>
      </symbol>
      <symbol id="sm-60b">
         <name>__TI_cleanup_ptr</name>
         <value>0x20002020</value>
         <object_component_ref idref="oc-d0"/>
      </symbol>
      <symbol id="sm-60c">
         <name>__TI_enable_exit_profile_output</name>
         <value>0x20002028</value>
         <object_component_ref idref="oc-d0"/>
      </symbol>
      <symbol id="sm-627">
         <name>memcpy</name>
         <value>0x28c1</value>
         <object_component_ref idref="oc-3b"/>
      </symbol>
      <symbol id="sm-628">
         <name>__aeabi_memcpy</name>
         <value>0x28c1</value>
         <object_component_ref idref="oc-3b"/>
      </symbol>
      <symbol id="sm-629">
         <name>__aeabi_memcpy8</name>
         <value>0x28c1</value>
         <object_component_ref idref="oc-3b"/>
      </symbol>
      <symbol id="sm-62a">
         <name>__aeabi_memcpy4</name>
         <value>0x28c1</value>
         <object_component_ref idref="oc-3b"/>
      </symbol>
      <symbol id="sm-639">
         <name>__aeabi_memset</name>
         <value>0x2b7f</value>
         <object_component_ref idref="oc-47"/>
      </symbol>
      <symbol id="sm-63a">
         <name>memset</name>
         <value>0x2b85</value>
         <object_component_ref idref="oc-47"/>
      </symbol>
      <symbol id="sm-63b">
         <name>__aeabi_memset8</name>
         <value>0x2b7f</value>
         <object_component_ref idref="oc-47"/>
      </symbol>
      <symbol id="sm-63c">
         <name>__aeabi_memset4</name>
         <value>0x2b7f</value>
         <object_component_ref idref="oc-47"/>
      </symbol>
      <symbol id="sm-63d">
         <name>__aeabi_memclr8</name>
         <value>0x2b7d</value>
         <object_component_ref idref="oc-47"/>
      </symbol>
      <symbol id="sm-63e">
         <name>__aeabi_memclr4</name>
         <value>0x2b7d</value>
         <object_component_ref idref="oc-47"/>
      </symbol>
      <symbol id="sm-63f">
         <name>__aeabi_memclr</name>
         <value>0x2b7d</value>
         <object_component_ref idref="oc-47"/>
      </symbol>
      <symbol id="sm-649">
         <name>__mpu_init</name>
         <value>0x2bf7</value>
         <object_component_ref idref="oc-53"/>
      </symbol>
      <symbol id="sm-653">
         <name>_system_pre_init</name>
         <value>0x3bb7</value>
         <object_component_ref idref="oc-59"/>
      </symbol>
      <symbol id="sm-66d">
         <name>rand</name>
         <value>0x348f</value>
         <object_component_ref idref="oc-1d6"/>
      </symbol>
      <symbol id="sm-66e">
         <name>srand</name>
         <value>0x3479</value>
         <object_component_ref idref="oc-1d6"/>
      </symbol>
      <symbol id="sm-687">
         <name>sprintf</name>
         <value>0x307d</value>
         <object_component_ref idref="oc-267"/>
      </symbol>
      <symbol id="sm-68f">
         <name>main_func_sp</name>
         <value>0x20002044</value>
         <object_component_ref idref="oc-71"/>
      </symbol>
      <symbol id="sm-6a8">
         <name>_nop</name>
         <value>0x3aeb</value>
         <object_component_ref idref="oc-1b5"/>
      </symbol>
      <symbol id="sm-6a9">
         <name>_lock</name>
         <value>0x2000202c</value>
         <object_component_ref idref="oc-d3"/>
      </symbol>
      <symbol id="sm-6aa">
         <name>_unlock</name>
         <value>0x20002030</value>
         <object_component_ref idref="oc-d3"/>
      </symbol>
      <symbol id="sm-6ab">
         <name>_register_lock</name>
         <value>0x3ae3</value>
         <object_component_ref idref="oc-1b5"/>
      </symbol>
      <symbol id="sm-6ac">
         <name>_register_unlock</name>
         <value>0x3add</value>
         <object_component_ref idref="oc-1b5"/>
      </symbol>
      <symbol id="sm-7ad">
         <name>__TI_printfi</name>
         <value>0x929</value>
         <object_component_ref idref="oc-2fc"/>
      </symbol>
      <symbol id="sm-7c1">
         <name>_args_main</name>
         <value>0x3a85</value>
         <object_component_ref idref="oc-65"/>
      </symbol>
      <symbol id="sm-7d7">
         <name>atoi</name>
         <value>0x33e1</value>
         <object_component_ref idref="oc-397"/>
      </symbol>
      <symbol id="sm-801">
         <name>__TI_auto_init</name>
         <value>0x2d55</value>
         <object_component_ref idref="oc-5f"/>
      </symbol>
      <symbol id="sm-81b">
         <name>copy_in</name>
         <value>0x342d</value>
         <object_component_ref idref="oc-ba"/>
      </symbol>
      <symbol id="sm-826">
         <name>_ctypes_</name>
         <value>0x3eb4</value>
         <object_component_ref idref="oc-3f5"/>
      </symbol>
      <symbol id="sm-83d">
         <name>__aeabi_dsub</name>
         <value>0x18bf</value>
         <object_component_ref idref="oc-380"/>
      </symbol>
      <symbol id="sm-83e">
         <name>__aeabi_dadd</name>
         <value>0x18c9</value>
         <object_component_ref idref="oc-380"/>
      </symbol>
      <symbol id="sm-860">
         <name>__aeabi_cdcmpeq</name>
         <value>0x29f5</value>
         <object_component_ref idref="oc-35c"/>
      </symbol>
      <symbol id="sm-861">
         <name>__aeabi_cdcmple</name>
         <value>0x29f5</value>
         <object_component_ref idref="oc-35c"/>
      </symbol>
      <symbol id="sm-862">
         <name>__aeabi_cdrcmple</name>
         <value>0x2a7b</value>
         <object_component_ref idref="oc-36b"/>
      </symbol>
      <symbol id="sm-876">
         <name>__aeabi_ddiv</name>
         <value>0x2011</value>
         <object_component_ref idref="oc-366"/>
      </symbol>
      <symbol id="sm-881">
         <name>__aeabi_dmul</name>
         <value>0x24a9</value>
         <object_component_ref idref="oc-361"/>
      </symbol>
      <symbol id="sm-88b">
         <name>__aeabi_d2iz</name>
         <value>0x35e9</value>
         <object_component_ref idref="oc-370"/>
      </symbol>
      <symbol id="sm-895">
         <name>__aeabi_i2d</name>
         <value>0x390d</value>
         <object_component_ref idref="oc-37b"/>
      </symbol>
      <symbol id="sm-8a4">
         <name>ltoa</name>
         <value>0x3341</value>
         <object_component_ref idref="oc-375"/>
      </symbol>
      <symbol id="sm-8b4">
         <name>memccpy</name>
         <value>0x3a03</value>
         <object_component_ref idref="oc-39d"/>
      </symbol>
      <symbol id="sm-8cf">
         <name>frexpl</name>
         <value>0x2ef9</value>
         <object_component_ref idref="oc-385"/>
      </symbol>
      <symbol id="sm-8d0">
         <name>frexp</name>
         <value>0x2ef9</value>
         <object_component_ref idref="oc-385"/>
      </symbol>
      <symbol id="sm-8ed">
         <name>scalbn</name>
         <value>0x25a5</value>
         <object_component_ref idref="oc-38b"/>
      </symbol>
      <symbol id="sm-8ee">
         <name>scalbnl</name>
         <value>0x25a5</value>
         <object_component_ref idref="oc-38b"/>
      </symbol>
      <symbol id="sm-8ef">
         <name>ldexpl</name>
         <value>0x25a5</value>
         <object_component_ref idref="oc-38b"/>
      </symbol>
      <symbol id="sm-8f0">
         <name>ldexp</name>
         <value>0x25a5</value>
         <object_component_ref idref="oc-38b"/>
      </symbol>
      <symbol id="sm-8fa">
         <name>_system_post_cinit</name>
         <value>0x350f</value>
         <object_component_ref idref="oc-c0"/>
      </symbol>
      <symbol id="sm-90a">
         <name>strchr</name>
         <value>0x3ab3</value>
         <object_component_ref idref="oc-391"/>
      </symbol>
      <symbol id="sm-918">
         <name>strlen</name>
         <value>0x3b05</value>
         <object_component_ref idref="oc-356"/>
      </symbol>
      <symbol id="sm-934">
         <name>__aeabi_uldivmod</name>
         <value>0x14f3</value>
         <object_component_ref idref="oc-351"/>
      </symbol>
      <symbol id="sm-93c">
         <name>errno</name>
         <value>0x2000203c</value>
         <object_component_ref idref="oc-3ee"/>
      </symbol>
      <symbol id="sm-946">
         <name>copysign</name>
         <value>0x3af1</value>
         <object_component_ref idref="oc-3e8"/>
      </symbol>
      <symbol id="sm-947">
         <name>copysignl</name>
         <value>0x3af1</value>
         <object_component_ref idref="oc-3e8"/>
      </symbol>
      <symbol id="sm-948">
         <name>__TI_static_base__</name>
         <value>0x0</value>
      </symbol>
      <symbol id="sm-94b">
         <name>SHT$$INIT_ARRAY$$Limit</name>
         <value>0x0</value>
      </symbol>
      <symbol id="sm-94c">
         <name>SHT$$INIT_ARRAY$$Base</name>
         <value>0x0</value>
      </symbol>
      <symbol id="sm-94d">
         <name>NMI_Handler</name>
         <value>0x2147</value>
      </symbol>
      <symbol id="sm-94e">
         <name>HardFault_Handler</name>
         <value>0x2147</value>
      </symbol>
      <symbol id="sm-94f">
         <name>MemManage_Handler</name>
         <value>0x2147</value>
      </symbol>
      <symbol id="sm-950">
         <name>BusFault_Handler</name>
         <value>0x2147</value>
      </symbol>
      <symbol id="sm-951">
         <name>UsageFault_Handler</name>
         <value>0x2147</value>
      </symbol>
      <symbol id="sm-952">
         <name>SVC_Handler</name>
         <value>0x2147</value>
      </symbol>
      <symbol id="sm-953">
         <name>DebugMon_Handler</name>
         <value>0x2147</value>
      </symbol>
      <symbol id="sm-954">
         <name>PendSV_Handler</name>
         <value>0x2147</value>
      </symbol>
      <symbol id="sm-955">
         <name>SysTick_Handler</name>
         <value>0x2147</value>
      </symbol>
      <symbol id="sm-956">
         <name>PSS_IRQHandler</name>
         <value>0x2147</value>
      </symbol>
      <symbol id="sm-957">
         <name>CS_IRQHandler</name>
         <value>0x2147</value>
      </symbol>
      <symbol id="sm-958">
         <name>PCM_IRQHandler</name>
         <value>0x2147</value>
      </symbol>
      <symbol id="sm-959">
         <name>WDT_A_IRQHandler</name>
         <value>0x2147</value>
      </symbol>
      <symbol id="sm-95a">
         <name>FPU_IRQHandler</name>
         <value>0x2147</value>
      </symbol>
      <symbol id="sm-95b">
         <name>FLCTL_IRQHandler</name>
         <value>0x2147</value>
      </symbol>
      <symbol id="sm-95c">
         <name>COMP_E0_IRQHandler</name>
         <value>0x2147</value>
      </symbol>
      <symbol id="sm-95d">
         <name>COMP_E1_IRQHandler</name>
         <value>0x2147</value>
      </symbol>
      <symbol id="sm-95e">
         <name>TA0_0_IRQHandler</name>
         <value>0x2147</value>
      </symbol>
      <symbol id="sm-95f">
         <name>TA0_N_IRQHandler</name>
         <value>0x2147</value>
      </symbol>
      <symbol id="sm-960">
         <name>TA1_0_IRQHandler</name>
         <value>0x2147</value>
      </symbol>
      <symbol id="sm-961">
         <name>TA1_N_IRQHandler</name>
         <value>0x2147</value>
      </symbol>
      <symbol id="sm-962">
         <name>TA2_0_IRQHandler</name>
         <value>0x2147</value>
      </symbol>
      <symbol id="sm-963">
         <name>TA2_N_IRQHandler</name>
         <value>0x2147</value>
      </symbol>
      <symbol id="sm-964">
         <name>TA3_0_IRQHandler</name>
         <value>0x2147</value>
      </symbol>
      <symbol id="sm-965">
         <name>TA3_N_IRQHandler</name>
         <value>0x2147</value>
      </symbol>
      <symbol id="sm-966">
         <name>EUSCIA0_IRQHandler</name>
         <value>0x2147</value>
      </symbol>
      <symbol id="sm-967">
         <name>EUSCIA1_IRQHandler</name>
         <value>0x2147</value>
      </symbol>
      <symbol id="sm-968">
         <name>EUSCIA2_IRQHandler</name>
         <value>0x2147</value>
      </symbol>
      <symbol id="sm-969">
         <name>EUSCIA3_IRQHandler</name>
         <value>0x2147</value>
      </symbol>
      <symbol id="sm-96a">
         <name>EUSCIB0_IRQHandler</name>
         <value>0x2147</value>
      </symbol>
      <symbol id="sm-96b">
         <name>EUSCIB1_IRQHandler</name>
         <value>0x2147</value>
      </symbol>
      <symbol id="sm-96c">
         <name>EUSCIB2_IRQHandler</name>
         <value>0x2147</value>
      </symbol>
      <symbol id="sm-96d">
         <name>EUSCIB3_IRQHandler</name>
         <value>0x2147</value>
      </symbol>
      <symbol id="sm-96e">
         <name>ADC14_IRQHandler</name>
         <value>0x31f1</value>
      </symbol>
      <symbol id="sm-96f">
         <name>T32_INT1_IRQHandler</name>
         <value>0x1a75</value>
      </symbol>
      <symbol id="sm-970">
         <name>T32_INT2_IRQHandler</name>
         <value>0x2147</value>
      </symbol>
      <symbol id="sm-971">
         <name>T32_INTC_IRQHandler</name>
         <value>0x2147</value>
      </symbol>
      <symbol id="sm-972">
         <name>AES256_IRQHandler</name>
         <value>0x2147</value>
      </symbol>
      <symbol id="sm-973">
         <name>RTC_C_IRQHandler</name>
         <value>0x2147</value>
      </symbol>
      <symbol id="sm-974">
         <name>DMA_ERR_IRQHandler</name>
         <value>0x2147</value>
      </symbol>
      <symbol id="sm-975">
         <name>DMA_INT3_IRQHandler</name>
         <value>0x2147</value>
      </symbol>
      <symbol id="sm-976">
         <name>DMA_INT2_IRQHandler</name>
         <value>0x2147</value>
      </symbol>
      <symbol id="sm-977">
         <name>DMA_INT1_IRQHandler</name>
         <value>0x2147</value>
      </symbol>
      <symbol id="sm-978">
         <name>DMA_INT0_IRQHandler</name>
         <value>0x2147</value>
      </symbol>
      <symbol id="sm-979">
         <name>PORT1_IRQHandler</name>
         <value>0x2147</value>
      </symbol>
      <symbol id="sm-97a">
         <name>PORT2_IRQHandler</name>
         <value>0x2147</value>
      </symbol>
      <symbol id="sm-97b">
         <name>PORT3_IRQHandler</name>
         <value>0x3631</value>
      </symbol>
      <symbol id="sm-97c">
         <name>PORT4_IRQHandler</name>
         <value>0x295d</value>
      </symbol>
      <symbol id="sm-97d">
         <name>PORT5_IRQHandler</name>
         <value>0x3675</value>
      </symbol>
      <symbol id="sm-97e">
         <name>PORT6_IRQHandler</name>
         <value>0x2147</value>
      </symbol>
   </symbol_table>
   <title>Link successful</title>
</link_info>
